Component: ARM Compiler 5.06 update 7 (build 960) Tool: armlink [4d3601]

==============================================================================

Section Cross References

    startup_stm32f407xx.o(STACK) refers (Special) to heapauxi.o(.text) for __use_two_region_memory
    startup_stm32f407xx.o(HEAP) refers (Special) to heapauxi.o(.text) for __use_two_region_memory
    startup_stm32f407xx.o(RESET) refers (Special) to heapauxi.o(.text) for __use_two_region_memory
    startup_stm32f407xx.o(RESET) refers to startup_stm32f407xx.o(STACK) for __initial_sp
    startup_stm32f407xx.o(RESET) refers to startup_stm32f407xx.o(.text) for Reset_Handler
    startup_stm32f407xx.o(RESET) refers to stm32f4xx_it.o(i.NMI_Handler) for NMI_Handler
    startup_stm32f407xx.o(RESET) refers to stm32f4xx_it.o(i.HardFault_Handler) for HardFault_Handler
    startup_stm32f407xx.o(RESET) refers to stm32f4xx_it.o(i.MemManage_Handler) for MemManage_Handler
    startup_stm32f407xx.o(RESET) refers to stm32f4xx_it.o(i.BusFault_Handler) for BusFault_Handler
    startup_stm32f407xx.o(RESET) refers to stm32f4xx_it.o(i.UsageFault_Handler) for UsageFault_Handler
    startup_stm32f407xx.o(RESET) refers to port.o(.emb_text) for SVC_Handler
    startup_stm32f407xx.o(RESET) refers to stm32f4xx_it.o(i.DebugMon_Handler) for DebugMon_Handler
    startup_stm32f407xx.o(RESET) refers to port.o(i.SysTick_Handler) for SysTick_Handler
    startup_stm32f407xx.o(RESET) refers to stm32f4xx_it.o(i.TIM1_TRG_COM_TIM11_IRQHandler) for TIM1_TRG_COM_TIM11_IRQHandler
    startup_stm32f407xx.o(RESET) refers to stm32f4xx_it.o(i.TIM3_IRQHandler) for TIM3_IRQHandler
    startup_stm32f407xx.o(RESET) refers to stm32f4xx_it.o(i.TIM4_IRQHandler) for TIM4_IRQHandler
    startup_stm32f407xx.o(RESET) refers to stm32f4xx_it.o(i.USART1_IRQHandler) for USART1_IRQHandler
    startup_stm32f407xx.o(RESET) refers to stm32f4xx_it.o(i.USART2_IRQHandler) for USART2_IRQHandler
    startup_stm32f407xx.o(RESET) refers to stm32f4xx_it.o(i.USART3_IRQHandler) for USART3_IRQHandler
    startup_stm32f407xx.o(RESET) refers to stm32f4xx_it.o(i.TIM8_BRK_TIM12_IRQHandler) for TIM8_BRK_TIM12_IRQHandler
    startup_stm32f407xx.o(RESET) refers to stm32f4xx_it.o(i.TIM5_IRQHandler) for TIM5_IRQHandler
    startup_stm32f407xx.o(RESET) refers to stm32f4xx_it.o(i.UART4_IRQHandler) for UART4_IRQHandler
    startup_stm32f407xx.o(RESET) refers to stm32f4xx_it.o(i.TIM7_IRQHandler) for TIM7_IRQHandler
    startup_stm32f407xx.o(RESET) refers to stm32f4xx_it.o(i.DMA2_Stream7_IRQHandler) for DMA2_Stream7_IRQHandler
    startup_stm32f407xx.o(.text) refers (Special) to heapauxi.o(.text) for __use_two_region_memory
    startup_stm32f407xx.o(.text) refers to system_stm32f4xx.o(i.SystemInit) for SystemInit
    startup_stm32f407xx.o(.text) refers to __main.o(!!!main) for __main
    startup_stm32f407xx.o(.text) refers to startup_stm32f407xx.o(HEAP) for Heap_Mem
    startup_stm32f407xx.o(.text) refers to startup_stm32f407xx.o(STACK) for Stack_Mem
    servo.o(i.ServoCallback) refers to servo.o(i.Servo_Init) for Servo_Init
    servo.o(i.ServoCallback) refers to pid.o(i.PID_SingleCalc) for PID_SingleCalc
    servo.o(i.ServoCallback) refers to cmsis_os.o(i.osDelay) for osDelay
    servo.o(i.ServoCallback) refers to servo.o(.data) for .data
    servo.o(i.ServoCallback) refers to servo.o(.bss) for .bss
    servo.o(i.ServoCallback) refers to tim.o(.bss) for htim2
    servo.o(i.Servo_Init) refers to stm32f4xx_hal_tim.o(i.HAL_TIM_PWM_Start) for HAL_TIM_PWM_Start
    servo.o(i.Servo_Init) refers to pid.o(i.PID_Init) for PID_Init
    servo.o(i.Servo_Init) refers to servo.o(.bss) for .bss
    servo.o(i.Servo_Init) refers to tim.o(.bss) for htim2
    vision.o(i.BlueteethCallback) refers to cmsis_os.o(i.osDelay) for osDelay
    vision.o(i.OledCallback) refers to cmsis_os.o(i.osDelay) for osDelay
    pid.o(i.PID_CascadeCalc) refers to pid.o(i.PID_SingleCalc) for PID_SingleCalc
    motor.o(i.ChassisCallback) refers to motor.o(i.Motor_Init) for Motor_Init
    motor.o(i.ChassisCallback) refers to motor.o(i.ChassisInit) for ChassisInit
    motor.o(i.ChassisCallback) refers to motor.o(i.MotorStop) for MotorStop
    motor.o(i.ChassisCallback) refers to pid.o(i.PID_CascadeCalc) for PID_CascadeCalc
    motor.o(i.ChassisCallback) refers to motor.o(i.Output_judge1) for Output_judge1
    motor.o(i.ChassisCallback) refers to motor.o(i.ChassisSpeedCalc) for ChassisSpeedCalc
    motor.o(i.ChassisCallback) refers to motor.o(i.ChassisSend) for ChassisSend
    motor.o(i.ChassisCallback) refers to motor.o(i.Output_judge2) for Output_judge2
    motor.o(i.ChassisCallback) refers to motor.o(i.Output_judge3) for Output_judge3
    motor.o(i.ChassisCallback) refers to motor.o(i.Output_judge4) for Output_judge4
    motor.o(i.ChassisCallback) refers to cmsis_os.o(i.osDelay) for osDelay
    motor.o(i.ChassisCallback) refers to motor.o(.bss) for .bss
    motor.o(i.ChassisCallback) refers to motor.o(.data) for .data
[...]

    Symbol Name                              Value     Ov Type        Size  Object(Section)

    BuildAttributes$$THM_ISAv4$E$P$D$K$B$S$7EM$VFPi3$EXTD16$VFPS$VFMA$PE$A:L22UL41UL21$X:L11$S22US41US21$IEEE1$IW$USESV6$~STKCKD$USESV7$~SHL$OTIME$ROPI$IEEEX$EBA8$UX$STANDARDLIB$REQ8$PRES8$EABIv2 0x00000000   Number         0  anon$$obj.o ABSOLUTE
    __ARM_use_no_argv                        0x00000000   Number         0  main.o ABSOLUTE
    __ARM_exceptions_init                     - Undefined Weak Reference
    __alloca_initialize                       - Undefined Weak Reference
    __arm_fini_                               - Undefined Weak Reference
    __arm_preinit_                            - Undefined Weak Reference
    __cpp_initialize__aeabi_                  - Undefined Weak Reference
    __cxa_finalize                            - Undefined Weak Reference
    __rt_locale                               - Undefined Weak Reference
    __sigvec_lookup                           - Undefined Weak Reference
    _atexit_init                              - Undefined Weak Reference
    _call_atexit_fns                          - Undefined Weak Reference
    _clock_init                               - Undefined Weak Reference
    _fp_trap_init                             - Undefined Weak Reference
    _fp_trap_shutdown                         - Undefined Weak Reference
    _get_lc_collate                           - Undefined Weak Reference
    _get_lc_ctype                             - Undefined Weak Reference
    _get_lc_monetary                          - Undefined Weak Reference
    _get_lc_numeric                           - Undefined Weak Reference
    _get_lc_time                              - Undefined Weak Reference
    _getenv_init                              - Undefined Weak Reference
    _handle_redirection                       - Undefined Weak Reference
    _init_alloc                               - Undefined Weak Reference
    _init_user_alloc                          - Undefined Weak Reference
    _initio                                   - Undefined Weak Reference
    _rand_init                                - Undefined Weak Reference
    _signal_finish                            - Undefined Weak Reference
    _signal_init                              - Undefined Weak Reference
    _terminate_alloc                          - Undefined Weak Reference
    _terminate_user_alloc                     - Undefined Weak Reference
    _terminateio                              - Undefined Weak Reference
    __Vectors_Size                           0x00000188   Number         0  startup_stm32f407xx.o ABSOLUTE
    __Vectors                                0x08000000   Data           4  startup_stm32f407xx.o(RESET)
    __Vectors_End                            0x08000188   Data           0  startup_stm32f407xx.o(RESET)
    __main                                   0x08000189   Thumb Code     8  __main.o(!!!main)
    __scatterload                            0x08000191   Thumb Code     0  __scatter.o(!!!scatter)
    __scatterload_rt2                        0x08000191   Thumb Code    44  __scatter.o(!!!scatter)
    __scatterload_rt2_thumb_only             0x08000191   Thumb Code     0  __scatter.o(!!!scatter)
    __scatterload_null                       0x0800019f   Thumb Code     0  __scatter.o(!!!scatter)
    __scatterload_copy                       0x080001c5   Thumb Code    26  __scatter_copy.o(!!handler_copy)
    __scatterload_zeroinit                   0x080001e1   Thumb Code    28  __scatter_zi.o(!!handler_zi)
    __rt_lib_init                            0x080001fd   Thumb Code     0  libinit.o(.ARM.Collect$$libinit$$00000000)
    __rt_lib_init_fp_1                       0x080001ff   Thumb Code     0  libinit2.o(.ARM.Collect$$libinit$$00000001)
    __rt_lib_init_alloca_1                   0x08000203   Thumb Code     0  libinit2.o(.ARM.Collect$$libinit$$0000002E)
    __rt_lib_init_argv_1                     0x08000203   Thumb Code     0  libinit2.o(.ARM.Collect$$libinit$$0000002C)
    __rt_lib_init_atexit_1                   0x08000203   Thumb Code     0  libinit2.o(.ARM.Collect$$libinit$$0000001B)
    __rt_lib_init_clock_1                    0x08000203   Thumb Code     0  libinit2.o(.ARM.Collect$$libinit$$00000021)
    __rt_lib_init_cpp_1                      0x08000203   Thumb Code     0  libinit2.o(.ARM.Collect$$libinit$$00000032)
    __rt_lib_init_exceptions_1               0x08000203   Thumb Code     0  libinit2.o(.ARM.Collect$$libinit$$00000030)
    __rt_lib_init_fp_trap_1                  0x08000203   Thumb Code     0  libinit2.o(.ARM.Collect$$libinit$$0000001F)
    __rt_lib_init_getenv_1                   0x08000203   Thumb Code     0  libinit2.o(.ARM.Collect$$libinit$$00000023)
    __rt_lib_init_heap_1                     0x08000203   Thumb Code     0  libinit2.o(.ARM.Collect$$libinit$$0000000A)
    __rt_lib_init_lc_collate_1               0x08000203   Thumb Code     0  libinit2.o(.ARM.Collect$$libinit$$00000011)
    __rt_lib_init_lc_ctype_1                 0x08000203   Thumb Code     0  libinit2.o(.ARM.Collect$$libinit$$00000013)
    __rt_lib_init_lc_monetary_1              0x08000203   Thumb Code     0  libinit2.o(.ARM.Collect$$libinit$$00000015)
    __rt_lib_init_lc_numeric_1               0x08000203   Thumb Code     0  libinit2.o(.ARM.Collect$$libinit$$00000017)
    __rt_lib_init_lc_time_1                  0x08000203   Thumb Code     0  libinit2.o(.ARM.Collect$$libinit$$00000019)
    __rt_lib_init_preinit_1                  0x08000203   Thumb Code     0  libinit2.o(.ARM.Collect$$libinit$$00000004)
    __rt_lib_init_rand_1                     0x08000203   Thumb Code     0  libinit2.o(.ARM.Collect$$libinit$$0000000E)
    __rt_lib_init_return                     0x08000203   Thumb Code     0  libinit2.o(.ARM.Collect$$libinit$$00000033)
    __rt_lib_init_signal_1                   0x08000203   Thumb Code     0  libinit2.o(.ARM.Collect$$libinit$$0000001D)
    __rt_lib_init_stdio_1                    0x08000203   Thumb Code     0  libinit2.o(.ARM.Collect$$libinit$$00000025)
    __rt_lib_init_user_alloc_1               0x08000203   Thumb Code     0  libinit2.o(.ARM.Collect$$libinit$$0000000C)
    __rt_lib_shutdown                        0x08000205   Thumb Code     0  libshutdown.o(.ARM.Collect$$libshutdown$$00000000)
    __rt_lib_shutdown_cpp_1                  0x08000207   Thumb Code     0  libshutdown2.o(.ARM.Collect$$libshutdown$$00000004)
    __rt_lib_shutdown_fini_1                 0x08000207   Thumb Code     0  libshutdown2.o(.ARM.Collect$$libshutdown$$00000002)
    __rt_lib_shutdown_fp_trap_1              0x08000207   Thumb Code     0  libshutdown2.o(.ARM.Collect$$libshutdown$$00000009)
    __rt_lib_shutdown_heap_1                 0x08000207   Thumb Code     0  libshutdown2.o(.ARM.Collect$$libshutdown$$00000011)
    __rt_lib_shutdown_return                 0x08000207   Thumb Code     0  libshutdown2.o(.ARM.Collect$$libshutdown$$00000012)
    __rt_lib_shutdown_signal_1               0x08000207   Thumb Code     0  libshutdown2.o(.ARM.Collect$$libshutdown$$0000000C)
    __rt_lib_shutdown_stdio_1                0x08000207   Thumb Code     0  libshutdown2.o(.ARM.Collect$$libshutdown$$00000006)
    __rt_lib_shutdown_user_alloc_1           0x08000207   Thumb Code     0  libshutdown2.o(.ARM.Collect$$libshutdown$$0000000E)
    __rt_entry                               0x08000209   Thumb Code     0  __rtentry.o(.ARM.Collect$$rtentry$$00000000)
    __rt_entry_presh_1                       0x08000209   Thumb Code     0  __rtentry2.o(.ARM.Collect$$rtentry$$00000002)
    __rt_entry_sh                            0x08000209   Thumb Code     0  __rtentry4.o(.ARM.Collect$$rtentry$$00000004)
    __rt_entry_li                            0x0800020f   Thumb Code     0  __rtentry2.o(.ARM.Collect$$rtentry$$0000000A)
    __rt_entry_postsh_1                      0x0800020f   Thumb Code     0  __rtentry2.o(.ARM.Collect$$rtentry$$00000009)
    __rt_entry_main                          0x08000213   Thumb Code     0  __rtentry2.o(.ARM.Collect$$rtentry$$0000000D)
    __rt_entry_postli_1                      0x08000213   Thumb Code     0  __rtentry2.o(.ARM.Collect$$rtentry$$0000000C)
    __rt_exit                                0x0800021b   Thumb Code     0  rtexit.o(.ARM.Collect$$rtexit$$00000000)
    __rt_exit_ls                             0x0800021d   Thumb Code     0  rtexit2.o(.ARM.Collect$$rtexit$$00000003)
    __rt_exit_prels_1                        0x0800021d   Thumb Code     0  rtexit2.o(.ARM.Collect$$rtexit$$00000002)
    __rt_exit_exit                           0x08000221   Thumb Code     0  rtexit2.o(.ARM.Collect$$rtexit$$00000004)
    SVC_Handler                              0x08000229   Thumb Code    28  port.o(.emb_text)
    __asm___6_port_c_39a90d8d__prvStartFirstTask 0x08000249   Thumb Code    36  port.o(.emb_text)
    __asm___6_port_c_39a90d8d__prvEnableVFP  0x08000271   Thumb Code    16  port.o(.emb_text)
    PendSV_Handler                           0x08000285   Thumb Code    88  port.o(.emb_text)
    vPortGetIPSR                             0x080002e1   Thumb Code     6  port.o(.emb_text)
    Reset_Handler                            0x080002e9   Thumb Code     8  startup_stm32f407xx.o(.text)
    ADC_IRQHandler                           0x08000303   Thumb Code     0  startup_stm32f407xx.o(.text)
    CAN1_RX0_IRQHandler                      0x08000303   Thumb Code     0  startup_stm32f407xx.o(.text)
    CAN1_RX1_IRQHandler                      0x08000303   Thumb Code     0  startup_stm32f407xx.o(.text)
    CAN1_SCE_IRQHandler                      0x08000303   Thumb Code     0  startup_stm32f407xx.o(.text)
    CAN1_TX_IRQHandler                       0x08000303   Thumb Code     0  startup_stm32f407xx.o(.text)
    CAN2_RX0_IRQHandler                      0x08000303   Thumb Code     0  startup_stm32f407xx.o(.text)
    CAN2_RX1_IRQHandler                      0x08000303   Thumb Code     0  startup_stm32f407xx.o(.text)
    CAN2_SCE_IRQHandler                      0x08000303   Thumb Code     0  startup_stm32f407xx.o(.text)
    CAN2_TX_IRQHandler                       0x08000303   Thumb Code     0  startup_stm32f407xx.o(.text)
    DCMI_IRQHandler                          0x08000303   Thumb Code     0  startup_stm32f407xx.o(.text)
    DMA1_Stream0_IRQHandler                  0x08000303   Thumb Code     0  startup_stm32f407xx.o(.text)
    DMA1_Stream1_IRQHandler                  0x08000303   Thumb Code     0  startup_stm32f407xx.o(.text)
    DMA1_Stream2_IRQHandler                  0x08000303   Thumb Code     0  startup_stm32f407xx.o(.text)
    DMA1_Stream3_IRQHandler                  0x08000303   Thumb Code     0  startup_stm32f407xx.o(.text)
    DMA1_Stream4_IRQHandler                  0x08000303   Thumb Code     0  startup_stm32f407xx.o(.text)
    DMA1_Stream5_IRQHandler                  0x08000303   Thumb Code     0  startup_stm32f407xx.o(.text)
    DMA1_Stream6_IRQHandler                  0x08000303   Thumb Code     0  startup_stm32f407xx.o(.text)
    DMA1_Stream7_IRQHandler                  0x08000303   Thumb Code     0  startup_stm32f407xx.o(.text)
    DMA2_Stream0_IRQHandler                  0x08000303   Thumb Code     0  startup_stm32f407xx.o(.text)
    DMA2_Stream1_IRQHandler                  0x08000303   Thumb Code     0  startup_stm32f407xx.o(.text)
    DMA2_Stream2_IRQHandler                  0x08000303   Thumb Code     0  startup_stm32f407xx.o(.text)
    DMA2_Stream3_IRQHandler                  0x08000303   Thumb Code     0  startup_stm32f407xx.o(.text)
    DMA2_Stream4_IRQHandler                  0x08000303   Thumb Code     0  startup_stm32f407xx.o(.text)
    DMA2_Stream5_IRQHandler                  0x08000303   Thumb Code     0  startup_stm32f407xx.o(.text)
    DMA2_Stream6_IRQHandler                  0x08000303   Thumb Code     0  startup_stm32f407xx.o(.text)
    ETH_IRQHandler                           0x08000303   Thumb Code     0  startup_stm32f407xx.o(.text)
    ETH_WKUP_IRQHandler                      0x08000303   Thumb Code     0  startup_stm32f407xx.o(.text)
    EXTI0_IRQHandler                         0x08000303   Thumb Code     0  startup_stm32f407xx.o(.text)
    EXTI15_10_IRQHandler                     0x08000303   Thumb Code     0  startup_stm32f407xx.o(.text)
    EXTI1_IRQHandler                         0x08000303   Thumb Code     0  startup_stm32f407xx.o(.text)
    EXTI2_IRQHandler                         0x08000303   Thumb Code     0  startup_stm32f407xx.o(.text)
    EXTI3_IRQHandler                         0x08000303   Thumb Code     0  startup_stm32f407xx.o(.text)
    EXTI4_IRQHandler                         0x08000303   Thumb Code     0  startup_stm32f407xx.o(.text)
    EXTI9_5_IRQHandler                       0x08000303   Thumb Code     0  startup_stm32f407xx.o(.text)
    FLASH_IRQHandler                         0x08000303   Thumb Code     0  startup_stm32f407xx.o(.text)
    FMC_IRQHandler                           0x08000303   Thumb Code     0  startup_stm32f407xx.o(.text)
    FPU_IRQHandler                           0x08000303   Thumb Code     0  startup_stm32f407xx.o(.text)
    HASH_RNG_IRQHandler                      0x08000303   Thumb Code     0  startup_stm32f407xx.o(.text)
    I2C1_ER_IRQHandler                       0x08000303   Thumb Code     0  startup_stm32f407xx.o(.text)
    I2C1_EV_IRQHandler                       0x08000303   Thumb Code     0  startup_stm32f407xx.o(.text)
    I2C2_ER_IRQHandler                       0x08000303   Thumb Code     0  startup_stm32f407xx.o(.text)
    I2C2_EV_IRQHandler                       0x08000303   Thumb Code     0  startup_stm32f407xx.o(.text)
    I2C3_ER_IRQHandler                       0x08000303   Thumb Code     0  startup_stm32f407xx.o(.text)
    I2C3_EV_IRQHandler                       0x08000303   Thumb Code     0  startup_stm32f407xx.o(.text)
    OTG_FS_IRQHandler                        0x08000303   Thumb Code     0  startup_stm32f407xx.o(.text)
    OTG_FS_WKUP_IRQHandler                   0x08000303   Thumb Code     0  startup_stm32f407xx.o(.text)
    OTG_HS_EP1_IN_IRQHandler                 0x08000303   Thumb Code     0  startup_stm32f407xx.o(.text)
    OTG_HS_EP1_OUT_IRQHandler                0x08000303   Thumb Code     0  startup_stm32f407xx.o(.text)
    OTG_HS_IRQHandler                        0x08000303   Thumb Code     0  startup_stm32f407xx.o(.text)
    OTG_HS_WKUP_IRQHandler                   0x08000303   Thumb Code     0  startup_stm32f407xx.o(.text)
    PVD_IRQHandler                           0x08000303   Thumb Code     0  startup_stm32f407xx.o(.text)
    RCC_IRQHandler                           0x08000303   Thumb Code     0  startup_stm32f407xx.o(.text)
    RTC_Alarm_IRQHandler                     0x08000303   Thumb Code     0  startup_stm32f407xx.o(.text)
    RTC_WKUP_IRQHandler                      0x08000303   Thumb Code     0  startup_stm32f407xx.o(.text)
    SDIO_IRQHandler                          0x08000303   Thumb Code     0  startup_stm32f407xx.o(.text)
    SPI1_IRQHandler                          0x08000303   Thumb Code     0  startup_stm32f407xx.o(.text)
    SPI2_IRQHandler                          0x08000303   Thumb Code     0  startup_stm32f407xx.o(.text)
    SPI3_IRQHandler                          0x08000303   Thumb Code     0  startup_stm32f407xx.o(.text)
    TAMP_STAMP_IRQHandler                    0x08000303   Thumb Code     0  startup_stm32f407xx.o(.text)
    TIM1_BRK_TIM9_IRQHandler                 0x08000303   Thumb Code     0  startup_stm32f407xx.o(.text)
    TIM1_CC_IRQHandler                       0x08000303   Thumb Code     0  startup_stm32f407xx.o(.text)
    TIM1_UP_TIM10_IRQHandler                 0x08000303   Thumb Code     0  startup_stm32f407xx.o(.text)
    TIM2_IRQHandler                          0x08000303   Thumb Code     0  startup_stm32f407xx.o(.text)
    TIM6_DAC_IRQHandler                      0x08000303   Thumb Code     0  startup_stm32f407xx.o(.text)
    TIM8_CC_IRQHandler                       0x08000303   Thumb Code     0  startup_stm32f407xx.o(.text)
    TIM8_TRG_COM_TIM14_IRQHandler            0x08000303   Thumb Code     0  startup_stm32f407xx.o(.text)
    TIM8_UP_TIM13_IRQHandler                 0x08000303   Thumb Code     0  startup_stm32f407xx.o(.text)
    UART5_IRQHandler                         0x08000303   Thumb Code     0  startup_stm32f407xx.o(.text)
    USART6_IRQHandler                        0x08000303   Thumb Code     0  startup_stm32f407xx.o(.text)
    WWDG_IRQHandler                          0x08000303   Thumb Code     0  startup_stm32f407xx.o(.text)
    __user_initial_stackheap                 0x08000305   Thumb Code     0  startup_stm32f407xx.o(.text)
    __aeabi_uldivmod                         0x08000329   Thumb Code     0  lludivv7m.o(.text)
    _ll_udiv                                 0x08000329   Thumb Code   238  lludivv7m.o(.text)
    __aeabi_memcpy4                          0x08000417   Thumb Code     0  rt_memcpy_w.o(.text)
    __aeabi_memcpy8                          0x08000417   Thumb Code     0  rt_memcpy_w.o(.text)
    __rt_memcpy_w                            0x08000417   Thumb Code   100  rt_memcpy_w.o(.text)
    _memcpy_lastbytes_aligned                0x0800045f   Thumb Code     0  rt_memcpy_w.o(.text)
    __aeabi_memclr4                          0x0800047b   Thumb Code     0  rt_memclr_w.o(.text)
    __aeabi_memclr8                          0x0800047b   Thumb Code     0  rt_memclr_w.o(.text)
    __rt_memclr_w                            0x0800047b   Thumb Code    78  rt_memclr_w.o(.text)
    _memset_w                                0x0800047f   Thumb Code     0  rt_memclr_w.o(.text)
    __use_two_region_memory                  0x080004c9   Thumb Code     2  heapauxi.o(.text)
    __rt_heap_escrow$2region                 0x080004cb   Thumb Code     2  heapauxi.o(.text)
    __rt_heap_expand$2region                 0x080004cd   Thumb Code     2  heapauxi.o(.text)
    __read_errno                             0x080004cf   Thumb Code    10  _rserrno.o(.text)
    __set_errno                              0x080004d9   Thumb Code    12  _rserrno.o(.text)
    __aeabi_errno_addr                       0x080004e5   Thumb Code     8  rt_errno_addr_intlibspace.o(.text)
    __errno$intlibspace                      0x080004e5   Thumb Code     0  rt_errno_addr_intlibspace.o(.text)
    __rt_errno_addr$intlibspace              0x080004e5   Thumb Code     0  rt_errno_addr_intlibspace.o(.text)
    __user_libspace                          0x080004ed   Thumb Code     8  libspace.o(.text)
    __user_perproc_libspace                  0x080004ed   Thumb Code     0  libspace.o(.text)
    __user_perthread_libspace                0x080004ed   Thumb Code     0  libspace.o(.text)
    __user_setup_stackheap                   0x080004f5   Thumb Code    74  sys_stackheap_outer.o(.text)
    exit                                     0x0800053f   Thumb Code    18  exit.o(.text)
    _sys_exit                                0x08000551   Thumb Code     8  sys_exit.o(.text)
    __I$use$semihosting                      0x0800055d   Thumb Code     0  use_no_semi.o(.text)
    __use_no_semihosting_swi                 0x0800055d   Thumb Code     2  use_no_semi.o(.text)
    __semihosting_library_function           0x0800055f   Thumb Code     0  indicate_semi.o(.text)
    AngleCalc                                0x08000561   Thumb Code   400  ema.o(i.AngleCalc)
    BlueteethCallback                        0x08000749   Thumb Code     8  vision.o(i.BlueteethCallback)
    BusFault_Handler                         0x08000751   Thumb Code     2  stm32f4xx_it.o(i.BusFault_Handler)
    ChangSlowCallback                        0x08000755   Thumb Code    88  main.o(i.ChangSlowCallback)
    ChassisCallback                          0x080007b5   Thumb Code   222  motor.o(i.ChassisCallback)
    ChassisInit                              0x080008a9   Thumb Code   230  motor.o(i.ChassisInit)
    ChassisSend                              0x080009b9   Thumb Code   118  motor.o(i.ChassisSend)
    ChassisSpeedCalc                         0x08000a35   Thumb Code   134  motor.o(i.ChassisSpeedCalc)
    CordTF                                   0x08000ad1   Thumb Code   214  ema.o(i.CordTF)
    DMA2_Stream7_IRQHandler                  0x08000bb1   Thumb Code     6  stm32f4xx_it.o(i.DMA2_Stream7_IRQHandler)
    DebugMon_Handler                         0x08000c39   Thumb Code     2  stm32f4xx_it.o(i.DebugMon_Handler)
    DistanceCallback                         0x08000c3d   Thumb Code    30  distance.o(i.DistanceCallback)
    Error_Handler                            0x08000c61   Thumb Code     4  main.o(i.Error_Handler)
    FinfLineCallback                         0x08000c65   Thumb Code    10  freertos.o(i.FinfLineCallback)
    HAL_DMA_Abort                            0x08000c6f   Thumb Code   146  stm32f4xx_hal_dma.o(i.HAL_DMA_Abort)
    HAL_DMA_Abort_IT                         0x08000d01   Thumb Code    36  stm32f4xx_hal_dma.o(i.HAL_DMA_Abort_IT)
    HAL_DMA_IRQHandler                       0x08000d25   Thumb Code   412  stm32f4xx_hal_dma.o(i.HAL_DMA_IRQHandler)
    HAL_DMA_Init                             0x08000ec5   Thumb Code   206  stm32f4xx_hal_dma.o(i.HAL_DMA_Init)
    HAL_GPIO_Init                            0x08000f99   Thumb Code   450  stm32f4xx_hal_gpio.o(i.HAL_GPIO_Init)
    HAL_GPIO_ReadPin                         0x08001189   Thumb Code    10  stm32f4xx_hal_gpio.o(i.HAL_GPIO_ReadPin)
    HAL_GPIO_WritePin                        0x08001193   Thumb Code    10  stm32f4xx_hal_gpio.o(i.HAL_GPIO_WritePin)
    HAL_GetTick                              0x0800119d   Thumb Code     6  stm32f4xx_hal.o(i.HAL_GetTick)
    HAL_IncTick                              0x080011a9   Thumb Code    12  stm32f4xx_hal.o(i.HAL_IncTick)
    HAL_Init                                 0x080011b9   Thumb Code    48  stm32f4xx_hal.o(i.HAL_Init)
    HAL_InitTick                             0x080011ed   Thumb Code   132  stm32f4xx_hal_timebase_tim.o(i.HAL_InitTick)
    HAL_MspInit                              0x08001285   Thumb Code    52  stm32f4xx_hal_msp.o(i.HAL_MspInit)
    HAL_NVIC_EnableIRQ                       0x080012bd   Thumb Code    26  stm32f4xx_hal_cortex.o(i.HAL_NVIC_EnableIRQ)
    HAL_NVIC_SetPriority                     0x080012d9   Thumb Code    60  stm32f4xx_hal_cortex.o(i.HAL_NVIC_SetPriority)
    HAL_NVIC_SetPriorityGrouping             0x08001319   Thumb Code    26  stm32f4xx_hal_cortex.o(i.HAL_NVIC_SetPriorityGrouping)
    HAL_RCC_ClockConfig                      0x0800133d   Thumb Code   288  stm32f4xx_hal_rcc.o(i.HAL_RCC_ClockConfig)
    HAL_RCC_GetClockConfig                   0x08001471   Thumb Code    54  stm32f4xx_hal_rcc.o(i.HAL_RCC_GetClockConfig)
    HAL_RCC_GetPCLK1Freq                     0x080014b1   Thumb Code    20  stm32f4xx_hal_rcc.o(i.HAL_RCC_GetPCLK1Freq)
    HAL_RCC_GetPCLK2Freq                     0x080014d1   Thumb Code    20  stm32f4xx_hal_rcc.o(i.HAL_RCC_GetPCLK2Freq)
    HAL_RCC_GetSysClockFreq                  0x080014f1   Thumb Code    88  stm32f4xx_hal_rcc.o(i.HAL_RCC_GetSysClockFreq)
    HAL_RCC_OscConfig                        0x08001551   Thumb Code   856  stm32f4xx_hal_rcc.o(i.HAL_RCC_OscConfig)
    HAL_TIMEx_BreakCallback                  0x080018bd   Thumb Code     2  stm32f4xx_hal_tim_ex.o(i.HAL_TIMEx_BreakCallback)
    HAL_TIMEx_CommutCallback                 0x080018bf   Thumb Code     2  stm32f4xx_hal_tim_ex.o(i.HAL_TIMEx_CommutCallback)
    HAL_TIMEx_ConfigBreakDeadTime            0x080018c1   Thumb Code    84  stm32f4xx_hal_tim_ex.o(i.HAL_TIMEx_ConfigBreakDeadTime)
    HAL_TIMEx_MasterConfigSynchronization    0x08001915   Thumb Code   116  stm32f4xx_hal_tim_ex.o(i.HAL_TIMEx_MasterConfigSynchronization)
    HAL_TIM_Base_Init                        0x080019a5   Thumb Code    90  stm32f4xx_hal_tim.o(i.HAL_TIM_Base_Init)
    HAL_TIM_Base_MspInit                     0x08001a01   Thumb Code   222  tim.o(i.HAL_TIM_Base_MspInit)
    HAL_TIM_Base_Start_IT                    0x08001b01   Thumb Code   100  stm32f4xx_hal_tim.o(i.HAL_TIM_Base_Start_IT)
    HAL_TIM_ConfigClockSource                0x08001b81   Thumb Code   220  stm32f4xx_hal_tim.o(i.HAL_TIM_ConfigClockSource)
    HAL_TIM_Encoder_Init                     0x08001c5d   Thumb Code   164  stm32f4xx_hal_tim.o(i.HAL_TIM_Encoder_Init)
    HAL_TIM_Encoder_MspInit                  0x08001d01   Thumb Code   326  tim.o(i.HAL_TIM_Encoder_MspInit)
    HAL_TIM_Encoder_Start                    0x08001e6d   Thumb Code   142  stm32f4xx_hal_tim.o(i.HAL_TIM_Encoder_Start)
    HAL_TIM_IC_CaptureCallback               0x08001efb   Thumb Code     2  stm32f4xx_hal_tim.o(i.HAL_TIM_IC_CaptureCallback)
    HAL_TIM_IRQHandler                       0x08001efd   Thumb Code   358  stm32f4xx_hal_tim.o(i.HAL_TIM_IRQHandler)
    HAL_TIM_MspPostInit                      0x08002065   Thumb Code   248  tim.o(i.HAL_TIM_MspPostInit)
    HAL_TIM_OC_DelayElapsedCallback          0x08002185   Thumb Code     2  stm32f4xx_hal_tim.o(i.HAL_TIM_OC_DelayElapsedCallback)
    HAL_TIM_PWM_ConfigChannel                0x08002187   Thumb Code   204  stm32f4xx_hal_tim.o(i.HAL_TIM_PWM_ConfigChannel)
    HAL_TIM_PWM_Init                         0x08002253   Thumb Code    90  stm32f4xx_hal_tim.o(i.HAL_TIM_PWM_Init)
    HAL_TIM_PWM_MspInit                      0x080022ad   Thumb Code     2  stm32f4xx_hal_tim.o(i.HAL_TIM_PWM_MspInit)
    HAL_TIM_PWM_PulseFinishedCallback        0x080022af   Thumb Code     2  stm32f4xx_hal_tim.o(i.HAL_TIM_PWM_PulseFinishedCallback)
    HAL_TIM_PWM_Start                        0x080022b1   Thumb Code   172  stm32f4xx_hal_tim.o(i.HAL_TIM_PWM_Start)
    HAL_TIM_PeriodElapsedCallback            0x08002379   Thumb Code   434  main.o(i.HAL_TIM_PeriodElapsedCallback)
    HAL_TIM_TriggerCallback                  0x08002551   Thumb Code     2  stm32f4xx_hal_tim.o(i.HAL_TIM_TriggerCallback)
    HAL_UARTEx_RxEventCallback               0x08002553   Thumb Code     2  stm32f4xx_hal_uart.o(i.HAL_UARTEx_RxEventCallback)
    HAL_UART_ErrorCallback                   0x08002555   Thumb Code     2  stm32f4xx_hal_uart.o(i.HAL_UART_ErrorCallback)
    HAL_UART_IRQHandler                      0x08002559   Thumb Code   610  stm32f4xx_hal_uart.o(i.HAL_UART_IRQHandler)
    HAL_UART_Init                            0x080027c1   Thumb Code    98  stm32f4xx_hal_uart.o(i.HAL_UART_Init)
    HAL_UART_MspInit                         0x08002825   Thumb Code   360  usart.o(i.HAL_UART_MspInit)
    HAL_UART_Receive_IT                      0x080029b5   Thumb Code    42  stm32f4xx_hal_uart.o(i.HAL_UART_Receive_IT)
    HAL_UART_RxCpltCallback                  0x080029e1   Thumb Code   294  main.o(i.HAL_UART_RxCpltCallback)
    HAL_UART_TxCpltCallback                  0x08002b45   Thumb Code     2  stm32f4xx_hal_uart.o(i.HAL_UART_TxCpltCallback)
    HardFault_Handler                        0x08002b47   Thumb Code     2  stm32f4xx_it.o(i.HardFault_Handler)
    IMUCallBack                              0x08002b49   Thumb Code    10  freertos.o(i.IMUCallBack)
    JY901Callback                            0x08002b55   Thumb Code    18  jy901.o(i.JY901Callback)
    JY901_UART                               0x08002b71   Thumb Code   122  jy901.o(i.JY901_UART)
    MV_Uart2_IRQHandler                      0x08002bfd   Thumb Code    64  main.o(i.MV_Uart2_IRQHandler)
    MX_DMA_Init                              0x08002c45   Thumb Code    40  dma.o(i.MX_DMA_Init)
    MX_FREERTOS_Init                         0x08002c71   Thumb Code   270  freertos.o(i.MX_FREERTOS_Init)
    MX_GPIO_Init                             0x08002d8d   Thumb Code   282  gpio.o(i.MX_GPIO_Init)
    MX_TIM10_Init                            0x08002ebd   Thumb Code    94  tim.o(i.MX_TIM10_Init)
    MX_TIM11_Init                            0x08002f25   Thumb Code    94  tim.o(i.MX_TIM11_Init)
    MX_TIM12_Init                            0x08002f8d   Thumb Code    68  tim.o(i.MX_TIM12_Init)
    MX_TIM13_Init                            0x08002fd9   Thumb Code    94  tim.o(i.MX_TIM13_Init)
    MX_TIM14_Init                            0x08003041   Thumb Code    94  tim.o(i.MX_TIM14_Init)
    MX_TIM1_Init                             0x080030a9   Thumb Code   242  tim.o(i.MX_TIM1_Init)
    MX_TIM2_Init                             0x080031a5   Thumb Code   164  tim.o(i.MX_TIM2_Init)
    MX_TIM3_Init                             0x0800324d   Thumb Code    98  tim.o(i.MX_TIM3_Init)
    MX_TIM4_Init                             0x080032b9   Thumb Code    98  tim.o(i.MX_TIM4_Init)
    MX_TIM5_Init                             0x08003325   Thumb Code    98  tim.o(i.MX_TIM5_Init)
    MX_TIM8_Init                             0x08003391   Thumb Code   100  tim.o(i.MX_TIM8_Init)
    MX_TIM9_Init                             0x080033fd   Thumb Code   122  tim.o(i.MX_TIM9_Init)
    MX_UART4_Init                            0x08003481   Thumb Code    48  usart.o(i.MX_UART4_Init)
    MX_USART1_UART_Init                      0x080034b9   Thumb Code    48  usart.o(i.MX_USART1_UART_Init)
    MX_USART2_UART_Init                      0x080034f1   Thumb Code    48  usart.o(i.MX_USART2_UART_Init)
    MX_USART3_UART_Init                      0x08003529   Thumb Code    48  usart.o(i.MX_USART3_UART_Init)
    MemManage_Handler                        0x08003561   Thumb Code     2  stm32f4xx_it.o(i.MemManage_Handler)
    MotorCallback                            0x08003563   Thumb Code     8  motor.o(i.MotorCallback)
    MotorStop                                0x0800356d   Thumb Code    68  motor.o(i.MotorStop)
    Motor_Init                               0x080035b9   Thumb Code   144  motor.o(i.Motor_Init)
    NMI_Handler                              0x08003661   Thumb Code     2  stm32f4xx_it.o(i.NMI_Handler)
    OledCallback                             0x08003663   Thumb Code     8  vision.o(i.OledCallback)
    Output_judge1                            0x0800366d   Thumb Code    60  motor.o(i.Output_judge1)
    Output_judge2                            0x080036b5   Thumb Code    60  motor.o(i.Output_judge2)
    Output_judge3                            0x080036fd   Thumb Code    60  motor.o(i.Output_judge3)
    Output_judge4                            0x08003745   Thumb Code    60  motor.o(i.Output_judge4)
    PID_CascadeCalc                          0x0800378d   Thumb Code    38  pid.o(i.PID_CascadeCalc)
    PID_Init                                 0x080037b5   Thumb Code    22  pid.o(i.PID_Init)
    PID_SingleCalc                           0x080037d1   Thumb Code   222  pid.o(i.PID_SingleCalc)
    ServoCallback                            0x080038bd   Thumb Code   192  servo.o(i.ServoCallback)
    Servo_Init                               0x08003989   Thumb Code   158  servo.o(i.Servo_Init)
    StartDefaultTask                         0x08003a55   Thumb Code     8  freertos.o(i.StartDefaultTask)
    SysTick_Handler                          0x08003a5d   Thumb Code    38  port.o(i.SysTick_Handler)
    SystemClock_Config                       0x08003a89   Thumb Code   138  main.o(i.SystemClock_Config)
    SystemInit                               0x08003b1d   Thumb Code    12  system_stm32f4xx.o(i.SystemInit)
    TIM1_TRG_COM_TIM11_IRQHandler            0x08003b2d   Thumb Code    22  stm32f4xx_it.o(i.TIM1_TRG_COM_TIM11_IRQHandler)
    TIM3_IRQHandler                          0x08003b4d   Thumb Code     6  stm32f4xx_it.o(i.TIM3_IRQHandler)
    TIM4_IRQHandler                          0x08003b59   Thumb Code     6  stm32f4xx_it.o(i.TIM4_IRQHandler)
    TIM5_IRQHandler                          0x08003b65   Thumb Code     6  stm32f4xx_it.o(i.TIM5_IRQHandler)
    TIM7_IRQHandler                          0x08003b71   Thumb Code     6  stm32f4xx_it.o(i.TIM7_IRQHandler)
    TIM8_BRK_TIM12_IRQHandler                0x08003b7d   Thumb Code    18  stm32f4xx_it.o(i.TIM8_BRK_TIM12_IRQHandler)
    TIM_Base_SetConfig                       0x08003b99   Thumb Code   156  stm32f4xx_hal_tim.o(i.TIM_Base_SetConfig)
    TIM_CCxChannelCmd                        0x08003c61   Thumb Code    26  stm32f4xx_hal_tim.o(i.TIM_CCxChannelCmd)
    TIM_ETR_SetConfig                        0x08003c7b   Thumb Code    20  stm32f4xx_hal_tim.o(i.TIM_ETR_SetConfig)
    TIM_OC2_SetConfig                        0x08003d01   Thumb Code    98  stm32f4xx_hal_tim.o(i.TIM_OC2_SetConfig)
    TOF_UART3_IRQHandler                     0x08003e6d   Thumb Code    50  distance.o(i.TOF_UART3_IRQHandler)
    TOF_decode                               0x08003ead   Thumb Code    10  distance.o(i.TOF_decode)
    UART4_IRQHandler                         0x08003ebd   Thumb Code     6  stm32f4xx_it.o(i.UART4_IRQHandler)
    UART_Start_Receive_IT                    0x080040f5   Thumb Code    58  stm32f4xx_hal_uart.o(i.UART_Start_Receive_IT)
    USART1_IRQHandler                        0x08004131   Thumb Code     6  stm32f4xx_it.o(i.USART1_IRQHandler)
    USART2_IRQHandler                        0x0800413d   Thumb Code     6  stm32f4xx_it.o(i.USART2_IRQHandler)
    USART3_IRQHandler                        0x08004149   Thumb Code    16  stm32f4xx_it.o(i.USART3_IRQHandler)
    USER_TIM_IRQHandlre                      0x0800415d   Thumb Code    30  wave.o(i.USER_TIM_IRQHandlre)
    UsageFault_Handler                       0x08004189   Thumb Code     2  stm32f4xx_it.o(i.UsageFault_Handler)
    __ARM_fpclassify                         0x0800418b   Thumb Code    48  fpclassify.o(i.__ARM_fpclassify)
    __hardfp_acos                            0x080041e1   Thumb Code   738  acos.o(i.__hardfp_acos)
    __hardfp_asin                            0x08004539   Thumb Code   770  asin.o(i.__hardfp_asin)
    __hardfp_atan                            0x08004899   Thumb Code   622  atan.o(i.__hardfp_atan)
    __hardfp_atan2                           0x08004b71   Thumb Code   448  atan2.o(i.__hardfp_atan2)
    __hardfp_sin                             0x08004d71   Thumb Code   180  sin.o(i.__hardfp_sin)
    __hardfp_sqrt                            0x08004e39   Thumb Code   122  sqrt.o(i.__hardfp_sqrt)
    __ieee754_rem_pio2                       0x08004eb9   Thumb Code   938  rred.o(i.__ieee754_rem_pio2)
    __kernel_cos                             0x080052f1   Thumb Code   322  cos_i.o(i.__kernel_cos)
    __kernel_poly                            0x08005461   Thumb Code   248  poly.o(i.__kernel_poly)
    __kernel_sin                             0x08005559   Thumb Code   280  sin_i.o(i.__kernel_sin)
    __mathlib_dbl_infnan                     0x08005689   Thumb Code    20  dunder.o(i.__mathlib_dbl_infnan)
    __mathlib_dbl_infnan2                    0x0800569d   Thumb Code    20  dunder.o(i.__mathlib_dbl_infnan2)
    __mathlib_dbl_invalid                    0x080056b1   Thumb Code    24  dunder.o(i.__mathlib_dbl_invalid)
    __mathlib_dbl_underflow                  0x080056d1   Thumb Code    24  dunder.o(i.__mathlib_dbl_underflow)
    atan                                     0x080056f1   Thumb Code    16  atan.o(i.atan)
    ema_task                                 0x08005701   Thumb Code   418  ema.o(i.ema_task)
    fabs                                     0x080058fd   Thumb Code    24  fabs.o(i.fabs)
    main                                     0x08005915   Thumb Code   112  main.o(i.main)
    osDelay                                  0x0800599d   Thumb Code    14  cmsis_os.o(i.osDelay)
    osKernelStart                            0x080059ab   Thumb Code    10  cmsis_os.o(i.osKernelStart)
    osThreadCreate                           0x080059b5   Thumb Code    84  cmsis_os.o(i.osThreadCreate)
    pvPortMalloc                             0x08005d55   Thumb Code   216  heap_4.o(i.pvPortMalloc)
    pxPortInitialiseStack                    0x08005e31   Thumb Code    40  port.o(i.pxPortInitialiseStack)
    sqrt                                     0x08005e5d   Thumb Code   110  sqrt.o(i.sqrt)
    uxListRemove                             0x08005ecb   Thumb Code    38  list.o(i.uxListRemove)
    vApplicationGetIdleTaskMemory            0x08005ef1   Thumb Code    16  freertos.o(i.vApplicationGetIdleTaskMemory)
    vListInitialise                          0x08005f05   Thumb Code    22  list.o(i.vListInitialise)
    vListInitialiseItem                      0x08005f1b   Thumb Code     6  list.o(i.vListInitialiseItem)
    vListInsert                              0x08005f21   Thumb Code    48  list.o(i.vListInsert)
    vListInsertEnd                           0x08005f51   Thumb Code    24  list.o(i.vListInsertEnd)
    vPortEnterCritical                       0x08005f69   Thumb Code    54  port.o(i.vPortEnterCritical)
    vPortExitCritical                        0x08005fa9   Thumb Code    34  port.o(i.vPortExitCritical)
    vPortFree                                0x08005fd1   Thumb Code    94  heap_4.o(i.vPortFree)
    vPortSetupTimerInterrupt                 0x08006035   Thumb Code    32  port.o(i.vPortSetupTimerInterrupt)
    vTaskDelay                               0x08006059   Thumb Code    66  tasks.o(i.vTaskDelay)
    vTaskStartScheduler                      0x080060a5   Thumb Code    90  tasks.o(i.vTaskStartScheduler)
    vTaskSuspendAll                          0x08006111   Thumb Code    10  tasks.o(i.vTaskSuspendAll)
    vTaskSwitchContext                       0x08006121   Thumb Code    82  tasks.o(i.vTaskSwitchContext)
    xPortStartScheduler                      0x0800617d   Thumb Code   222  port.o(i.xPortStartScheduler)
    xTaskCreate                              0x08006271   Thumb Code    90  tasks.o(i.xTaskCreate)
    xTaskCreateStatic                        0x080062cb   Thumb Code    86  tasks.o(i.xTaskCreateStatic)
    xTaskIncrementTick                       0x08006321   Thumb Code   194  tasks.o(i.xTaskIncrementTick)
    xTaskResumeAll                           0x080063ed   Thumb Code   182  tasks.o(i.xTaskResumeAll)
    __aeabi_dneg                             0x080064b1   Thumb Code     0  basic.o(x$fpl$basic)
    _dneg                                    0x080064b1   Thumb Code     6  basic.o(x$fpl$basic)
    __aeabi_fneg                             0x080064b7   Thumb Code     0  basic.o(x$fpl$basic)
    _fneg                                    0x080064b7   Thumb Code     6  basic.o(x$fpl$basic)
    _dabs                                    0x080064bd   Thumb Code     6  basic.o(x$fpl$basic)
    _fabs                                    0x080064c3   Thumb Code     6  basic.o(x$fpl$basic)
    __aeabi_d2f                              0x080064c9   Thumb Code     0  d2f.o(x$fpl$d2f)
    _d2f                                     0x080064c9   Thumb Code    98  d2f.o(x$fpl$d2f)
    __aeabi_dadd                             0x0800652d   Thumb Code     0  daddsub_clz.o(x$fpl$dadd)
    _dadd                                    0x0800652d   Thumb Code   332  daddsub_clz.o(x$fpl$dadd)
    __fpl_dcmp_Inf                           0x0800667d   Thumb Code    24  dcmpi.o(x$fpl$dcmpinf)
    __aeabi_ddiv                             0x08006695   Thumb Code     0  ddiv.o(x$fpl$ddiv)
    _ddiv                                    0x08006695   Thumb Code   552  ddiv.o(x$fpl$ddiv)
    __aeabi_cdcmpeq                          0x08006945   Thumb Code     0  deqf.o(x$fpl$deqf)
    _dcmpeq                                  0x08006945   Thumb Code   120  deqf.o(x$fpl$deqf)
    __aeabi_d2iz                             0x080069bd   Thumb Code     0  dfix.o(x$fpl$dfix)
    _dfix                                    0x080069bd   Thumb Code    94  dfix.o(x$fpl$dfix)
    __aeabi_d2uiz                            0x08006a1d   Thumb Code     0  dfixu.o(x$fpl$dfixu)
    _dfixu                                   0x08006a1d   Thumb Code    90  dfixu.o(x$fpl$dfixu)
    __aeabi_i2d                              0x08006a77   Thumb Code     0  dflt_clz.o(x$fpl$dflt)
    _dflt                                    0x08006a77   Thumb Code    46  dflt_clz.o(x$fpl$dflt)
    __aeabi_ui2d                             0x08006aa5   Thumb Code     0  dflt_clz.o(x$fpl$dfltu)
    _dfltu                                   0x08006aa5   Thumb Code    38  dflt_clz.o(x$fpl$dfltu)
    __aeabi_cdcmple                          0x08006acd   Thumb Code     0  dleqf.o(x$fpl$dleqf)
    _dcmple                                  0x08006acd   Thumb Code   120  dleqf.o(x$fpl$dleqf)
    __fpl_dcmple_InfNaN                      0x08006b2f   Thumb Code     0  dleqf.o(x$fpl$dleqf)
    __aeabi_dmul                             0x08006b45   Thumb Code     0  dmul.o(x$fpl$dmul)
    _dmul                                    0x08006b45   Thumb Code   332  dmul.o(x$fpl$dmul)
    __fpl_dnaninf                            0x08006c99   Thumb Code   156  dnaninf.o(x$fpl$dnaninf)
    __fpl_dretinf                            0x08006d35   Thumb Code    12  dretinf.o(x$fpl$dretinf)
    __aeabi_cdrcmple                         0x08006d41   Thumb Code     0  drleqf.o(x$fpl$drleqf)
    _drcmple                                 0x08006d41   Thumb Code   108  drleqf.o(x$fpl$drleqf)
    __aeabi_drsub                            0x08006dad   Thumb Code     0  daddsub_clz.o(x$fpl$drsb)
    _drsb                                    0x08006dad   Thumb Code    22  daddsub_clz.o(x$fpl$drsb)
    _dsqrt                                   0x08006dc5   Thumb Code   404  dsqrt_umaal.o(x$fpl$dsqrt)
    __aeabi_dsub                             0x08006f5d   Thumb Code     0  daddsub_clz.o(x$fpl$dsub)
    _dsub                                    0x08006f5d   Thumb Code   464  daddsub_clz.o(x$fpl$dsub)
    __aeabi_f2d                              0x08007131   Thumb Code     0  f2d.o(x$fpl$f2d)
    _f2d                                     0x08007131   Thumb Code    86  f2d.o(x$fpl$f2d)
    __fpl_fnaninf                            0x08007187   Thumb Code   140  fnaninf.o(x$fpl$fnaninf)
    _fp_init                                 0x08007213   Thumb Code    10  fpinit.o(x$fpl$fpinit)
    __fplib_config_fpu_vfp                   0x0800721b   Thumb Code     0  fpinit.o(x$fpl$fpinit)
    __fplib_config_pureend_doubles           0x0800721b   Thumb Code     0  fpinit.o(x$fpl$fpinit)
    __fpl_fretinf                            0x0800721d   Thumb Code    10  fretinf.o(x$fpl$fretinf)
    __I$use$fp                               0x08007226   Number         0  usenofp.o(x$fpl$usenofp)
    AHBPrescTable                            0x08007380   Data          16  system_stm32f4xx.o(.constdata)
    APBPrescTable                            0x08007390   Data           8  system_stm32f4xx.o(.constdata)
    __mathlib_zero                           0x08007500   Data           8  qnan.o(.constdata)
    Region$$Table$$Base                      0x08007694   Number         0  anon$$obj.o(Region$$Table)
    Region$$Table$$Limit                     0x080076b4   Number         0  anon$$obj.o(Region$$Table)
    Enable                                   0x20000000   Data           1  servo.o(.data)
    draw_round                               0x20000004   Data           4  servo.o(.data)
    motorStat                                0x20000008   Data           4  motor.o(.data)
    compare_yaw                              0x2000000c   Data           2  ema.o(.data)
    compare_up                               0x2000000e   Data           2  ema.o(.data)
    compare_front                            0x20000010   Data           2  ema.o(.data)
    compare_catch                            0x20000012   Data           2  ema.o(.data)
    compare_open                             0x20000014   Data           2  ema.o(.data)
    x                                        0x20000018   Data           4  ema.o(.data)
    y                                        0x2000001c   Data           4  ema.o(.data)
    z                                        0x20000020   Data           4  ema.o(.data)
    direction                                0x20000024   Data           1  main.o(.data)
    USART1_RXbuff                            0x20000026   Data           1  main.o(.data)
    Vision_buff                              0x20000027   Data           1  main.o(.data)
    angle_k                                  0x20000028   Data           4  main.o(.data)
    defaultTaskHandle                        0x2000002c   Data           4  freertos.o(.data)
    ServoTaskHandle                          0x20000030   Data           4  freertos.o(.data)
    BlueteethTaskHandle                      0x20000034   Data           4  freertos.o(.data)
    ChangSlowTaskHandle                      0x20000038   Data           4  freertos.o(.data)
    IMUTaskHandle                            0x2000003c   Data           4  freertos.o(.data)
    OledTaskHandle                           0x20000040   Data           4  freertos.o(.data)
    MotorTaskHandle                          0x20000044   Data           4  freertos.o(.data)
    ChassisTaskHandle                        0x20000048   Data           4  freertos.o(.data)
    JY901TaskHandle                          0x2000004c   Data           4  freertos.o(.data)
    DistanceTaskHandle                       0x20000050   Data           4  freertos.o(.data)
    FinfLineTaskHandle                       0x20000054   Data           4  freertos.o(.data)
    myTask12Handle                           0x20000058   Data           4  freertos.o(.data)
    uwTickFreq                               0x2000005c   Data           1  stm32f4xx_hal.o(.data)
    uwTickPrio                               0x20000060   Data           4  stm32f4xx_hal.o(.data)
    uwTick                                   0x20000064   Data           4  stm32f4xx_hal.o(.data)
    SystemCoreClock                          0x20000068   Data           4  system_stm32f4xx.o(.data)
    pxCurrentTCB                             0x2000006c   Data           4  tasks.o(.data)
    buff_JY                                  0x200000d5   Data           2  jy901.o(.data)
    tof_distance                             0x200000da   Data           2  distance.o(.data)
    now_time                                 0x200000e0   Data           8  wave.o(.data)
    Servo                                    0x200000e8   Data         108  servo.o(.bss)
    chassis                                  0x20000154   Data          80  motor.o(.bss)
    motor                                    0x200001a4   Data         608  motor.o(.bss)
    cord                                     0x20000408   Data          56  ema.o(.bss)
    angle                                    0x20000440   Data          24  ema.o(.bss)
    ucRxBuffer                               0x20000458   Data          12  main.o(.bss)
    htim1                                    0x200006b8   Data          72  tim.o(.bss)
    htim2                                    0x20000700   Data          72  tim.o(.bss)
    htim3                                    0x20000748   Data          72  tim.o(.bss)
    htim4                                    0x20000790   Data          72  tim.o(.bss)
    htim5                                    0x200007d8   Data          72  tim.o(.bss)
    htim8                                    0x20000820   Data          72  tim.o(.bss)
    htim9                                    0x20000868   Data          72  tim.o(.bss)
    htim10                                   0x200008b0   Data          72  tim.o(.bss)
    htim11                                   0x200008f8   Data          72  tim.o(.bss)
    htim12                                   0x20000940   Data          72  tim.o(.bss)
    htim13                                   0x20000988   Data          72  tim.o(.bss)
    htim14                                   0x200009d0   Data          72  tim.o(.bss)
    huart4                                   0x20000a18   Data          68  usart.o(.bss)
    huart1                                   0x20000a5c   Data          68  usart.o(.bss)
    huart2                                   0x20000aa0   Data          68  usart.o(.bss)
    huart3                                   0x20000ae4   Data          68  usart.o(.bss)
    hdma_usart1_tx                           0x20000b28   Data          96  usart.o(.bss)
    htim7                                    0x20000b88   Data          72  stm32f4xx_hal_timebase_tim.o(.bss)
    jy901                                    0x200049bc   Data          12  jy901.o(.bss)
    uart3Buf                                 0x200049c8   Data          10  distance.o(.bss)
    __libspace_start                         0x200049d4   Data          96  libspace.o(.bss)
    __temporary_stack_top$libspace           0x20004a34   Data           0  libspace.o(.bss)



==============================================================================

Memory Map of the image

  Image Entry point : 0x08000189

  Load Region LR_IROM1 (Base: 0x08000000, Size: 0x0000779c, Max: 0x00100000, ABSOLUTE)

    Execution Region ER_IROM1 (Exec base: 0x08000000, Load base: 0x08000000, Size: 0x000076b4, Max: 0x00100000, ABSOLUTE)

    Exec Addr    Load Addr    Size         Type   Attr      Idx    E Section Name        Object

    0x08000000   0x08000000   0x00000188   Data   RO            3    RESET               startup_stm32f407xx.o
    0x08000188   0x08000188   0x00000008   Code   RO         5029  * !!!main             c_w.l(__main.o)
    0x08000190   0x08000190   0x00000034   Code   RO         5375    !!!scatter          c_w.l(__scatter.o)
    0x080001c4   0x080001c4   0x0000001a   Code   RO         5377    !!handler_copy      c_w.l(__scatter_copy.o)
    0x080001de   0x080001de   0x00000002   PAD
    0x080001e0   0x080001e0   0x0000001c   Code   RO         5379    !!handler_zi        c_w.l(__scatter_zi.o)
    0x080001fc   0x080001fc   0x00000002   Code   RO         5246    .ARM.Collect$$libinit$$00000000  c_w.l(libinit.o)
    0x080001fe   0x080001fe   0x00000004   Code   RO         5255    .ARM.Collect$$libinit$$00000001  c_w.l(libinit2.o)
    0x08000202   0x08000202   0x00000000   Code   RO         5258    .ARM.Collect$$libinit$$00000004  c_w.l(libinit2.o)
    0x08000202   0x08000202   0x00000000   Code   RO         5261    .ARM.Collect$$libinit$$0000000A  c_w.l(libinit2.o)
    0x08000202   0x08000202   0x00000000   Code   RO         5263    .ARM.Collect$$libinit$$0000000C  c_w.l(libinit2.o)
    0x08000202   0x08000202   0x00000000   Code   RO         5265    .ARM.Collect$$libinit$$0000000E  c_w.l(libinit2.o)
    0x08000202   0x08000202   0x00000000   Code   RO         5268    .ARM.Collect$$libinit$$00000011  c_w.l(libinit2.o)
    0x08000202   0x08000202   0x00000000   Code   RO         5270    .ARM.Collect$$libinit$$00000013  c_w.l(libinit2.o)
    0x08000202   0x08000202   0x00000000   Code   RO         5272    .ARM.Collect$$libinit$$00000015  c_w.l(libinit2.o)
    0x08000202   0x08000202   0x00000000   Code   RO         5274    .ARM.Collect$$libinit$$00000017  c_w.l(libinit2.o)
    0x08000202   0x08000202   0x00000000   Code   RO         5276    .ARM.Collect$$libinit$$00000019  c_w.l(libinit2.o)
    0x08000202   0x08000202   0x00000000   Code   RO         5278    .ARM.Collect$$libinit$$0000001B  c_w.l(libinit2.o)
    0x08000202   0x08000202   0x00000000   Code   RO         5280    .ARM.Collect$$libinit$$0000001D  c_w.l(libinit2.o)
    0x08000202   0x08000202   0x00000000   Code   RO         5282    .ARM.Collect$$libinit$$0000001F  c_w.l(libinit2.o)
    0x08000202   0x08000202   0x00000000   Code   RO         5284    .ARM.Collect$$libinit$$00000021  c_w.l(libinit2.o)
    0x08000202   0x08000202   0x00000000   Code   RO         5286    .ARM.Collect$$libinit$$00000023  c_w.l(libinit2.o)
    0x08000202   0x08000202   0x00000000   Code   RO         5288    .ARM.Collect$$libinit$$00000025  c_w.l(libinit2.o)
    0x08000202   0x08000202   0x00000000   Code   RO         5292    .ARM.Collect$$libinit$$0000002C  c_w.l(libinit2.o)
    0x08000202   0x08000202   0x00000000   Code   RO         5294    .ARM.Collect$$libinit$$0000002E  c_w.l(libinit2.o)
    0x08000202   0x08000202   0x00000000   Code   RO         5296    .ARM.Collect$$libinit$$00000030  c_w.l(libinit2.o)
    0x08000202   0x08000202   0x00000000   Code   RO         5298    .ARM.Collect$$libinit$$00000032  c_w.l(libinit2.o)
    0x08000202   0x08000202   0x00000002   Code   RO         5299    .ARM.Collect$$libinit$$00000033  c_w.l(libinit2.o)
    0x08000204   0x08000204   0x00000002   Code   RO         5330    .ARM.Collect$$libshutdown$$00000000  c_w.l(libshutdown.o)
    0x08000206   0x08000206   0x00000000   Code   RO         5356    .ARM.Collect$$libshutdown$$00000002  c_w.l(libshutdown2.o)
    0x08000206   0x08000206   0x00000000   Code   RO         5358    .ARM.Collect$$libshutdown$$00000004  c_w.l(libshutdown2.o)
    0x08000206   0x08000206   0x00000000   Code   RO         5360    .ARM.Collect$$libshutdown$$00000006  c_w.l(libshutdown2.o)
    0x08000206   0x08000206   0x00000000   Code   RO         5363    .ARM.Collect$$libshutdown$$00000009  c_w.l(libshutdown2.o)
    0x08000206   0x08000206   0x00000000   Code   RO         5366    .ARM.Collect$$libshutdown$$0000000C  c_w.l(libshutdown2.o)
    0x08000206   0x08000206   0x00000000   Code   RO         5368    .ARM.Collect$$libshutdown$$0000000E  c_w.l(libshutdown2.o)
    0x08000206   0x08000206   0x00000000   Code   RO         5371    .ARM.Collect$$libshutdown$$00000011  c_w.l(libshutdown2.o)
    0x08000206   0x08000206   0x00000002   Code   RO         5372    .ARM.Collect$$libshutdown$$00000012  c_w.l(libshutdown2.o)
    0x08000208   0x08000208   0x00000000   Code   RO         5125    .ARM.Collect$$rtentry$$00000000  c_w.l(__rtentry.o)
    0x08000208   0x08000208   0x00000000   Code   RO         5205    .ARM.Collect$$rtentry$$00000002  c_w.l(__rtentry2.o)
    0x08000208   0x08000208   0x00000006   Code   RO         5217    .ARM.Collect$$rtentry$$00000004  c_w.l(__rtentry4.o)
    0x0800020e   0x0800020e   0x00000000   Code   RO         5207    .ARM.Collect$$rtentry$$00000009  c_w.l(__rtentry2.o)
    0x0800020e   0x0800020e   0x00000004   Code   RO         5208    .ARM.Collect$$rtentry$$0000000A  c_w.l(__rtentry2.o)
    0x08000212   0x08000212   0x00000000   Code   RO         5210    .ARM.Collect$$rtentry$$0000000C  c_w.l(__rtentry2.o)
    0x08000212   0x08000212   0x00000008   Code   RO         5211    .ARM.Collect$$rtentry$$0000000D  c_w.l(__rtentry2.o)
    0x0800021a   0x0800021a   0x00000002   Code   RO         5247    .ARM.Collect$$rtexit$$00000000  c_w.l(rtexit.o)
    0x0800021c   0x0800021c   0x00000000   Code   RO         5303    .ARM.Collect$$rtexit$$00000002  c_w.l(rtexit2.o)
    0x0800021c   0x0800021c   0x00000004   Code   RO         5304    .ARM.Collect$$rtexit$$00000003  c_w.l(rtexit2.o)
    0x08000220   0x08000220   0x00000006   Code   RO         5305    .ARM.Collect$$rtexit$$00000004  c_w.l(rtexit2.o)
    0x08000226   0x08000226   0x00000002   PAD
    0x08000228   0x08000228   0x000000be   Code   RO         4791    .emb_text           port.o
    0x080002e6   0x080002e6   0x00000002   PAD
    0x080002e8   0x080002e8   0x00000040   Code   RO            4    .text               startup_stm32f407xx.o
    0x08000328   0x08000328   0x000000ee   Code   RO         5017    .text               c_w.l(lludivv7m.o)
    0x08000416   0x08000416   0x00000064   Code   RO         5021    .text               c_w.l(rt_memcpy_w.o)
    0x0800047a   0x0800047a   0x0000004e   Code   RO         5025    .text               c_w.l(rt_memclr_w.o)
    0x080004c8   0x080004c8   0x00000006   Code   RO         5027    .text               c_w.l(heapauxi.o)
    0x080004ce   0x080004ce   0x00000016   Code   RO         5130    .text               c_w.l(_rserrno.o)
    0x080004e4   0x080004e4   0x00000008   Code   RO         5224    .text               c_w.l(rt_errno_addr_intlibspace.o)
    0x080004ec   0x080004ec   0x00000008   Code   RO         5230    .text               c_w.l(libspace.o)
    0x080004f4   0x080004f4   0x0000004a   Code   RO         5233    .text               c_w.l(sys_stackheap_outer.o)
    0x0800053e   0x0800053e   0x00000012   Code   RO         5235    .text               c_w.l(exit.o)
    0x08000550   0x08000550   0x0000000c   Code   RO         5300    .text               c_w.l(sys_exit.o)
    0x0800055c   0x0800055c   0x00000002   Code   RO         5319    .text               c_w.l(use_no_semi.o)
    0x0800055e   0x0800055e   0x00000000   Code   RO         5321    .text               c_w.l(indicate_semi.o)
    0x0800055e   0x0800055e   0x00000002   PAD
    0x08000560   0x08000560   0x000001e8   Code   RO          404    i.AngleCalc         ema.o
    0x08000748   0x08000748   0x00000008   Code   RO          205    i.BlueteethCallback  vision.o
    0x08000750   0x08000750   0x00000002   Code   RO          881    i.BusFault_Handler  stm32f4xx_it.o
    0x08000752   0x08000752   0x00000002   PAD
    0x08000754   0x08000754   0x00000060   Code   RO          450    i.ChangSlowCallback  main.o
    0x080007b4   0x080007b4   0x000000f4   Code   RO          299    i.ChassisCallback   motor.o
    0x080008a8   0x080008a8   0x00000110   Code   RO          300    i.ChassisInit       motor.o
    0x080009b8   0x080009b8   0x0000007c   Code   RO          301    i.ChassisSend       motor.o
    0x08000a34   0x08000a34   0x0000009c   Code   RO          302    i.ChassisSpeedCalc  motor.o
    0x08000ad0   0x08000ad0   0x000000e0   Code   RO          405    i.CordTF            ema.o
    0x08000bb0   0x08000bb0   0x0000000c   Code   RO          882    i.DMA2_Stream7_IRQHandler  stm32f4xx_it.o
    0x08000bbc   0x08000bbc   0x00000028   Code   RO         1533    i.DMA_CalcBaseAndBitshift  stm32f4xx_hal_dma.o
    0x08000be4   0x08000be4   0x00000054   Code   RO         1534    i.DMA_CheckFifoParam  stm32f4xx_hal_dma.o
    0x08000c38   0x08000c38   0x00000002   Code   RO          883    i.DebugMon_Handler  stm32f4xx_it.o
    0x08000c3a   0x08000c3a   0x00000002   PAD
    0x08000c3c   0x08000c3c   0x00000024   Code   RO         4908    i.DistanceCallback  distance.o
    0x08000c60   0x08000c60   0x00000004   Code   RO          452    i.Error_Handler     main.o
    0x08000c64   0x08000c64   0x0000000a   Code   RO          567    i.FinfLineCallback  freertos.o
    0x08000c6e   0x08000c6e   0x00000092   Code   RO         1536    i.HAL_DMA_Abort     stm32f4xx_hal_dma.o
    0x08000d00   0x08000d00   0x00000024   Code   RO         1537    i.HAL_DMA_Abort_IT  stm32f4xx_hal_dma.o
    0x08000d24   0x08000d24   0x000001a0   Code   RO         1541    i.HAL_DMA_IRQHandler  stm32f4xx_hal_dma.o
    0x08000ec4   0x08000ec4   0x000000d4   Code   RO         1542    i.HAL_DMA_Init      stm32f4xx_hal_dma.o
    0x08000f98   0x08000f98   0x000001f0   Code   RO         1429    i.HAL_GPIO_Init     stm32f4xx_hal_gpio.o
    0x08001188   0x08001188   0x0000000a   Code   RO         1431    i.HAL_GPIO_ReadPin  stm32f4xx_hal_gpio.o
    0x08001192   0x08001192   0x0000000a   Code   RO         1433    i.HAL_GPIO_WritePin  stm32f4xx_hal_gpio.o
    0x0800119c   0x0800119c   0x0000000c   Code   RO         1961    i.HAL_GetTick       stm32f4xx_hal.o
    0x080011a8   0x080011a8   0x00000010   Code   RO         1967    i.HAL_IncTick       stm32f4xx_hal.o
    0x080011b8   0x080011b8   0x00000034   Code   RO         1968    i.HAL_Init          stm32f4xx_hal.o
    0x080011ec   0x080011ec   0x00000098   Code   RO         1035    i.HAL_InitTick      stm32f4xx_hal_timebase_tim.o
    0x08001284   0x08001284   0x00000038   Code   RO         1011    i.HAL_MspInit       stm32f4xx_hal_msp.o
    0x080012bc   0x080012bc   0x0000001a   Code   RO         1818    i.HAL_NVIC_EnableIRQ  stm32f4xx_hal_cortex.o
    0x080012d6   0x080012d6   0x00000002   PAD
    0x080012d8   0x080012d8   0x00000040   Code   RO         1824    i.HAL_NVIC_SetPriority  stm32f4xx_hal_cortex.o
    0x08001318   0x08001318   0x00000024   Code   RO         1825    i.HAL_NVIC_SetPriorityGrouping  stm32f4xx_hal_cortex.o
    0x0800133c   0x0800133c   0x00000134   Code   RO         1075    i.HAL_RCC_ClockConfig  stm32f4xx_hal_rcc.o
    0x08001470   0x08001470   0x00000040   Code   RO         1079    i.HAL_RCC_GetClockConfig  stm32f4xx_hal_rcc.o
    0x080014b0   0x080014b0   0x00000020   Code   RO         1082    i.HAL_RCC_GetPCLK1Freq  stm32f4xx_hal_rcc.o
    0x080014d0   0x080014d0   0x00000020   Code   RO         1083    i.HAL_RCC_GetPCLK2Freq  stm32f4xx_hal_rcc.o
    0x080014f0   0x080014f0   0x00000060   Code   RO         1084    i.HAL_RCC_GetSysClockFreq  stm32f4xx_hal_rcc.o
    0x08001550   0x08001550   0x0000036c   Code   RO         1087    i.HAL_RCC_OscConfig  stm32f4xx_hal_rcc.o
    0x080018bc   0x080018bc   0x00000002   Code   RO         2912    i.HAL_TIMEx_BreakCallback  stm32f4xx_hal_tim_ex.o
    0x080018be   0x080018be   0x00000002   Code   RO         2913    i.HAL_TIMEx_CommutCallback  stm32f4xx_hal_tim_ex.o
    0x080018c0   0x080018c0   0x00000054   Code   RO         2915    i.HAL_TIMEx_ConfigBreakDeadTime  stm32f4xx_hal_tim_ex.o
    0x08001914   0x08001914   0x00000090   Code   RO         2931    i.HAL_TIMEx_MasterConfigSynchronization  stm32f4xx_hal_tim_ex.o
    0x080019a4   0x080019a4   0x0000005a   Code   RO         2208    i.HAL_TIM_Base_Init  stm32f4xx_hal_tim.o
    0x080019fe   0x080019fe   0x00000002   PAD
    0x08001a00   0x08001a00   0x00000100   Code   RO          696    i.HAL_TIM_Base_MspInit  tim.o
    0x08001b00   0x08001b00   0x00000080   Code   RO         2213    i.HAL_TIM_Base_Start_IT  stm32f4xx_hal_tim.o
    0x08001b80   0x08001b80   0x000000dc   Code   RO         2217    i.HAL_TIM_ConfigClockSource  stm32f4xx_hal_tim.o
    0x08001c5c   0x08001c5c   0x000000a4   Code   RO         2229    i.HAL_TIM_Encoder_Init  stm32f4xx_hal_tim.o
    0x08001d00   0x08001d00   0x0000016c   Code   RO          698    i.HAL_TIM_Encoder_MspInit  tim.o
    0x08001e6c   0x08001e6c   0x0000008e   Code   RO         2232    i.HAL_TIM_Encoder_Start  stm32f4xx_hal_tim.o
    0x08001efa   0x08001efa   0x00000002   Code   RO         2242    i.HAL_TIM_IC_CaptureCallback  stm32f4xx_hal_tim.o
    0x08001efc   0x08001efc   0x00000166   Code   RO         2256    i.HAL_TIM_IRQHandler  stm32f4xx_hal_tim.o
    0x08002062   0x08002062   0x00000002   PAD
    0x08002064   0x08002064   0x00000120   Code   RO          699    i.HAL_TIM_MspPostInit  tim.o
    0x08002184   0x08002184   0x00000002   Code   RO         2259    i.HAL_TIM_OC_DelayElapsedCallback  stm32f4xx_hal_tim.o
    0x08002186   0x08002186   0x000000cc   Code   RO         2280    i.HAL_TIM_PWM_ConfigChannel  stm32f4xx_hal_tim.o
    0x08002252   0x08002252   0x0000005a   Code   RO         2283    i.HAL_TIM_PWM_Init  stm32f4xx_hal_tim.o
    0x080022ac   0x080022ac   0x00000002   Code   RO         2285    i.HAL_TIM_PWM_MspInit  stm32f4xx_hal_tim.o
    0x080022ae   0x080022ae   0x00000002   Code   RO         2286    i.HAL_TIM_PWM_PulseFinishedCallback  stm32f4xx_hal_tim.o
    0x080022b0   0x080022b0   0x000000c8   Code   RO         2288    i.HAL_TIM_PWM_Start  stm32f4xx_hal_tim.o
    0x08002378   0x08002378   0x000001d8   Code   RO          453    i.HAL_TIM_PeriodElapsedCallback  main.o
    0x08002550   0x08002550   0x00000002   Code   RO         2299    i.HAL_TIM_TriggerCallback  stm32f4xx_hal_tim.o
    0x08002552   0x08002552   0x00000002   Code   RO         3190    i.HAL_UARTEx_RxEventCallback  stm32f4xx_hal_uart.o
    0x08002554   0x08002554   0x00000002   Code   RO         3204    i.HAL_UART_ErrorCallback  stm32f4xx_hal_uart.o
    0x08002556   0x08002556   0x00000002   PAD
    0x08002558   0x08002558   0x00000268   Code   RO         3207    i.HAL_UART_IRQHandler  stm32f4xx_hal_uart.o
    0x080027c0   0x080027c0   0x00000062   Code   RO         3208    i.HAL_UART_Init     stm32f4xx_hal_uart.o
    0x08002822   0x08002822   0x00000002   PAD
    0x08002824   0x08002824   0x00000190   Code   RO          822    i.HAL_UART_MspInit  usart.o
    0x080029b4   0x080029b4   0x0000002a   Code   RO         3213    i.HAL_UART_Receive_IT  stm32f4xx_hal_uart.o
    0x080029de   0x080029de   0x00000002   PAD
    0x080029e0   0x080029e0   0x00000164   Code   RO          454    i.HAL_UART_RxCpltCallback  main.o
    0x08002b44   0x08002b44   0x00000002   Code   RO         3219    i.HAL_UART_TxCpltCallback  stm32f4xx_hal_uart.o
    0x08002b46   0x08002b46   0x00000002   Code   RO          884    i.HardFault_Handler  stm32f4xx_it.o
    0x08002b48   0x08002b48   0x0000000a   Code   RO          568    i.IMUCallBack       freertos.o
    0x08002b52   0x08002b52   0x00000002   PAD
    0x08002b54   0x08002b54   0x0000001c   Code   RO         4871    i.JY901Callback     jy901.o
    0x08002b70   0x08002b70   0x0000008c   Code   RO         4872    i.JY901_UART        jy901.o
    0x08002bfc   0x08002bfc   0x00000048   Code   RO          455    i.MV_Uart2_IRQHandler  main.o
    0x08002c44   0x08002c44   0x0000002c   Code   RO          671    i.MX_DMA_Init       dma.o
    0x08002c70   0x08002c70   0x0000011c   Code   RO          570    i.MX_FREERTOS_Init  freertos.o
    0x08002d8c   0x08002d8c   0x00000130   Code   RO          539    i.MX_GPIO_Init      gpio.o
    0x08002ebc   0x08002ebc   0x00000068   Code   RO          700    i.MX_TIM10_Init     tim.o
    0x08002f24   0x08002f24   0x00000068   Code   RO          701    i.MX_TIM11_Init     tim.o
    0x08002f8c   0x08002f8c   0x0000004c   Code   RO          702    i.MX_TIM12_Init     tim.o
    0x08002fd8   0x08002fd8   0x00000068   Code   RO          703    i.MX_TIM13_Init     tim.o
    0x08003040   0x08003040   0x00000068   Code   RO          704    i.MX_TIM14_Init     tim.o
    0x080030a8   0x080030a8   0x000000fc   Code   RO          705    i.MX_TIM1_Init      tim.o
    0x080031a4   0x080031a4   0x000000a8   Code   RO          706    i.MX_TIM2_Init      tim.o
    0x0800324c   0x0800324c   0x0000006c   Code   RO          707    i.MX_TIM3_Init      tim.o
    0x080032b8   0x080032b8   0x0000006c   Code   RO          708    i.MX_TIM4_Init      tim.o
    0x08003324   0x08003324   0x0000006c   Code   RO          709    i.MX_TIM5_Init      tim.o
    0x08003390   0x08003390   0x0000006c   Code   RO          710    i.MX_TIM8_Init      tim.o
    0x080033fc   0x080033fc   0x00000084   Code   RO          711    i.MX_TIM9_Init      tim.o
    0x08003480   0x08003480   0x00000038   Code   RO          823    i.MX_UART4_Init     usart.o
    0x080034b8   0x080034b8   0x00000038   Code   RO          824    i.MX_USART1_UART_Init  usart.o
    0x080034f0   0x080034f0   0x00000038   Code   RO          825    i.MX_USART2_UART_Init  usart.o
    0x08003528   0x08003528   0x00000038   Code   RO          826    i.MX_USART3_UART_Init  usart.o
    0x08003560   0x08003560   0x00000002   Code   RO          885    i.MemManage_Handler  stm32f4xx_it.o
    0x08003562   0x08003562   0x00000008   Code   RO          303    i.MotorCallback     motor.o
    0x0800356a   0x0800356a   0x00000002   PAD
    0x0800356c   0x0800356c   0x0000004c   Code   RO          304    i.MotorStop         motor.o
    0x080035b8   0x080035b8   0x000000a8   Code   RO          305    i.Motor_Init        motor.o
    0x08003660   0x08003660   0x00000002   Code   RO          886    i.NMI_Handler       stm32f4xx_it.o
    0x08003662   0x08003662   0x00000008   Code   RO          206    i.OledCallback      vision.o
    0x0800366a   0x0800366a   0x00000002   PAD
    0x0800366c   0x0800366c   0x00000048   Code   RO          306    i.Output_judge1     motor.o
    0x080036b4   0x080036b4   0x00000048   Code   RO          307    i.Output_judge2     motor.o
    0x080036fc   0x080036fc   0x00000048   Code   RO          308    i.Output_judge3     motor.o
    0x08003744   0x08003744   0x00000048   Code   RO          309    i.Output_judge4     motor.o
    0x0800378c   0x0800378c   0x00000026   Code   RO          254    i.PID_CascadeCalc   pid.o
    0x080037b2   0x080037b2   0x00000002   PAD
    0x080037b4   0x080037b4   0x0000001c   Code   RO          256    i.PID_Init          pid.o
    0x080037d0   0x080037d0   0x000000ec   Code   RO          259    i.PID_SingleCalc    pid.o
    0x080038bc   0x080038bc   0x000000cc   Code   RO           13    i.ServoCallback     servo.o
    0x08003988   0x08003988   0x000000cc   Code   RO           14    i.Servo_Init        servo.o
    0x08003a54   0x08003a54   0x00000008   Code   RO          574    i.StartDefaultTask  freertos.o
    0x08003a5c   0x08003a5c   0x0000002c   Code   RO         4792    i.SysTick_Handler   port.o
    0x08003a88   0x08003a88   0x00000094   Code   RO          456    i.SystemClock_Config  main.o
    0x08003b1c   0x08003b1c   0x00000010   Code   RO         3537    i.SystemInit        system_stm32f4xx.o
    0x08003b2c   0x08003b2c   0x00000020   Code   RO          887    i.TIM1_TRG_COM_TIM11_IRQHandler  stm32f4xx_it.o
    0x08003b4c   0x08003b4c   0x0000000c   Code   RO          888    i.TIM3_IRQHandler   stm32f4xx_it.o
    0x08003b58   0x08003b58   0x0000000c   Code   RO          889    i.TIM4_IRQHandler   stm32f4xx_it.o
    0x08003b64   0x08003b64   0x0000000c   Code   RO          890    i.TIM5_IRQHandler   stm32f4xx_it.o
    0x08003b70   0x08003b70   0x0000000c   Code   RO          891    i.TIM7_IRQHandler   stm32f4xx_it.o
    0x08003b7c   0x08003b7c   0x0000001c   Code   RO          892    i.TIM8_BRK_TIM12_IRQHandler  stm32f4xx_it.o
    0x08003b98   0x08003b98   0x000000c8   Code   RO         2301    i.TIM_Base_SetConfig  stm32f4xx_hal_tim.o
    0x08003c60   0x08003c60   0x0000001a   Code   RO         2302    i.TIM_CCxChannelCmd  stm32f4xx_hal_tim.o
    0x08003c7a   0x08003c7a   0x00000014   Code   RO         2312    i.TIM_ETR_SetConfig  stm32f4xx_hal_tim.o
    0x08003c8e   0x08003c8e   0x00000010   Code   RO         2313    i.TIM_ITRx_SetConfig  stm32f4xx_hal_tim.o
    0x08003c9e   0x08003c9e   0x00000002   PAD
    0x08003ca0   0x08003ca0   0x00000060   Code   RO         2314    i.TIM_OC1_SetConfig  stm32f4xx_hal_tim.o
    0x08003d00   0x08003d00   0x0000006c   Code   RO         2315    i.TIM_OC2_SetConfig  stm32f4xx_hal_tim.o
    0x08003d6c   0x08003d6c   0x00000068   Code   RO         2316    i.TIM_OC3_SetConfig  stm32f4xx_hal_tim.o
    0x08003dd4   0x08003dd4   0x00000050   Code   RO         2317    i.TIM_OC4_SetConfig  stm32f4xx_hal_tim.o
    0x08003e24   0x08003e24   0x00000022   Code   RO         2319    i.TIM_TI1_ConfigInputStage  stm32f4xx_hal_tim.o
    0x08003e46   0x08003e46   0x00000024   Code   RO         2321    i.TIM_TI2_ConfigInputStage  stm32f4xx_hal_tim.o
    0x08003e6a   0x08003e6a   0x00000002   PAD
    0x08003e6c   0x08003e6c   0x00000040   Code   RO         4909    i.TOF_UART3_IRQHandler  distance.o
    0x08003eac   0x08003eac   0x00000010   Code   RO         4910    i.TOF_decode        distance.o
    0x08003ebc   0x08003ebc   0x0000000c   Code   RO          893    i.UART4_IRQHandler  stm32f4xx_it.o
    0x08003ec8   0x08003ec8   0x00000010   Code   RO         3221    i.UART_DMAAbortOnError  stm32f4xx_hal_uart.o
    0x08003ed8   0x08003ed8   0x0000004e   Code   RO         3231    i.UART_EndRxTransfer  stm32f4xx_hal_uart.o
    0x08003f26   0x08003f26   0x000000c0   Code   RO         3233    i.UART_Receive_IT   stm32f4xx_hal_uart.o
    0x08003fe6   0x08003fe6   0x00000002   PAD
    0x08003fe8   0x08003fe8   0x0000010c   Code   RO         3234    i.UART_SetConfig    stm32f4xx_hal_uart.o
    0x080040f4   0x080040f4   0x0000003a   Code   RO         3236    i.UART_Start_Receive_IT  stm32f4xx_hal_uart.o
    0x0800412e   0x0800412e   0x00000002   PAD
    0x08004130   0x08004130   0x0000000c   Code   RO          894    i.USART1_IRQHandler  stm32f4xx_it.o
    0x0800413c   0x0800413c   0x0000000c   Code   RO          895    i.USART2_IRQHandler  stm32f4xx_it.o
    0x08004148   0x08004148   0x00000014   Code   RO          896    i.USART3_IRQHandler  stm32f4xx_it.o
    0x0800415c   0x0800415c   0x0000002c   Code   RO         4980    i.USER_TIM_IRQHandlre  wave.o
    0x08004188   0x08004188   0x00000002   Code   RO          897    i.UsageFault_Handler  stm32f4xx_it.o
    0x0800418a   0x0800418a   0x00000030   Code   RO         5188    i.__ARM_fpclassify  m_wm.l(fpclassify.o)
    0x080041ba   0x080041ba   0x00000020   Code   RO         1831    i.__NVIC_SetPriority  stm32f4xx_hal_cortex.o
    0x080041da   0x080041da   0x00000006   PAD
    0x080041e0   0x080041e0   0x00000358   Code   RO         5061    i.__hardfp_acos     m_wm.l(acos.o)
    0x08004538   0x08004538   0x00000360   Code   RO         5075    i.__hardfp_asin     m_wm.l(asin.o)
    0x08004898   0x08004898   0x000002d8   Code   RO         5151    i.__hardfp_atan     m_wm.l(atan.o)
    0x08004b70   0x08004b70   0x00000200   Code   RO         5089    i.__hardfp_atan2    m_wm.l(atan2.o)
    0x08004d70   0x08004d70   0x000000c8   Code   RO         5101    i.__hardfp_sin      m_wm.l(sin.o)
    0x08004e38   0x08004e38   0x0000007a   Code   RO         5113    i.__hardfp_sqrt     m_wm.l(sqrt.o)
    0x08004eb2   0x08004eb2   0x00000006   PAD
    0x08004eb8   0x08004eb8   0x00000438   Code   RO         5193    i.__ieee754_rem_pio2  m_wm.l(rred.o)
    0x080052f0   0x080052f0   0x00000170   Code   RO         5165    i.__kernel_cos      m_wm.l(cos_i.o)
    0x08005460   0x08005460   0x000000f8   Code   RO         5190    i.__kernel_poly     m_wm.l(poly.o)
    0x08005558   0x08005558   0x00000130   Code   RO         5198    i.__kernel_sin      m_wm.l(sin_i.o)
    0x08005688   0x08005688   0x00000014   Code   RO         5169    i.__mathlib_dbl_infnan  m_wm.l(dunder.o)
    0x0800569c   0x0800569c   0x00000014   Code   RO         5170    i.__mathlib_dbl_infnan2  m_wm.l(dunder.o)
    0x080056b0   0x080056b0   0x00000020   Code   RO         5171    i.__mathlib_dbl_invalid  m_wm.l(dunder.o)
    0x080056d0   0x080056d0   0x00000020   Code   RO         5174    i.__mathlib_dbl_underflow  m_wm.l(dunder.o)
    0x080056f0   0x080056f0   0x00000010   Code   RO         5153    i.atan              m_wm.l(atan.o)
    0x08005700   0x08005700   0x000001fc   Code   RO          406    i.ema_task          ema.o
    0x080058fc   0x080058fc   0x00000018   Code   RO         5184    i.fabs              m_wm.l(fabs.o)
    0x08005914   0x08005914   0x0000007c   Code   RO          457    i.main              main.o
    0x08005990   0x08005990   0x0000000c   Code   RO         4357    i.makeFreeRtosPriority  cmsis_os.o
    0x0800599c   0x0800599c   0x0000000e   Code   RO         4359    i.osDelay           cmsis_os.o
    0x080059aa   0x080059aa   0x0000000a   Code   RO         4362    i.osKernelStart     cmsis_os.o
    0x080059b4   0x080059b4   0x00000054   Code   RO         4396    i.osThreadCreate    cmsis_os.o
    0x08005a08   0x08005a08   0x00000070   Code   RO         4039    i.prvAddCurrentTaskToDelayedList  tasks.o
    0x08005a78   0x08005a78   0x000000d0   Code   RO         4040    i.prvAddNewTaskToReadyList  tasks.o
    0x08005b48   0x08005b48   0x00000034   Code   RO         4041    i.prvDeleteTCB      tasks.o
    0x08005b7c   0x08005b7c   0x0000004c   Code   RO         4724    i.prvHeapInit       heap_4.o
    0x08005bc8   0x08005bc8   0x00000060   Code   RO         4042    i.prvIdleTask       tasks.o
    0x08005c28   0x08005c28   0x00000098   Code   RO         4043    i.prvInitialiseNewTask  tasks.o
    0x08005cc0   0x08005cc0   0x0000004c   Code   RO         4725    i.prvInsertBlockIntoFreeList  heap_4.o
    0x08005d0c   0x08005d0c   0x00000020   Code   RO         4044    i.prvResetNextTaskUnblockTime  tasks.o
    0x08005d2c   0x08005d2c   0x00000028   Code   RO         4793    i.prvTaskExitError  port.o
    0x08005d54   0x08005d54   0x000000dc   Code   RO         4726    i.pvPortMalloc      heap_4.o
    0x08005e30   0x08005e30   0x0000002c   Code   RO         4794    i.pxPortInitialiseStack  port.o
    0x08005e5c   0x08005e5c   0x0000006e   Code   RO         5115    i.sqrt              m_wm.l(sqrt.o)
    0x08005eca   0x08005eca   0x00000026   Code   RO         3675    i.uxListRemove      list.o
    0x08005ef0   0x08005ef0   0x00000014   Code   RO          576    i.vApplicationGetIdleTaskMemory  freertos.o
    0x08005f04   0x08005f04   0x00000016   Code   RO         3676    i.vListInitialise   list.o
    0x08005f1a   0x08005f1a   0x00000006   Code   RO         3677    i.vListInitialiseItem  list.o
    0x08005f20   0x08005f20   0x00000030   Code   RO         3678    i.vListInsert       list.o
    0x08005f50   0x08005f50   0x00000018   Code   RO         3679    i.vListInsertEnd    list.o
    0x08005f68   0x08005f68   0x00000040   Code   RO         4796    i.vPortEnterCritical  port.o
    0x08005fa8   0x08005fa8   0x00000028   Code   RO         4797    i.vPortExitCritical  port.o
    0x08005fd0   0x08005fd0   0x00000064   Code   RO         4727    i.vPortFree         heap_4.o
    0x08006034   0x08006034   0x00000024   Code   RO         4798    i.vPortSetupTimerInterrupt  port.o
    0x08006058   0x08006058   0x0000004c   Code   RO         4053    i.vTaskDelay        tasks.o
    0x080060a4   0x080060a4   0x0000006c   Code   RO         4066    i.vTaskStartScheduler  tasks.o
    0x08006110   0x08006110   0x00000010   Code   RO         4068    i.vTaskSuspendAll   tasks.o
    0x08006120   0x08006120   0x0000005c   Code   RO         4069    i.vTaskSwitchContext  tasks.o
    0x0800617c   0x0800617c   0x000000f4   Code   RO         4800    i.xPortStartScheduler  port.o
    0x08006270   0x08006270   0x0000005a   Code   RO         4072    i.xTaskCreate       tasks.o
    0x080062ca   0x080062ca   0x00000056   Code   RO         4073    i.xTaskCreateStatic  tasks.o
    0x08006320   0x08006320   0x000000cc   Code   RO         4080    i.xTaskIncrementTick  tasks.o
    0x080063ec   0x080063ec   0x000000c4   Code   RO         4086    i.xTaskResumeAll    tasks.o
    0x080064b0   0x080064b0   0x00000018   Code   RO         5134    x$fpl$basic         fz_wm.l(basic.o)
    0x080064c8   0x080064c8   0x00000062   Code   RO         5031    x$fpl$d2f           fz_wm.l(d2f.o)
    0x0800652a   0x0800652a   0x00000002   PAD
    0x0800652c   0x0800652c   0x00000150   Code   RO         5033    x$fpl$dadd          fz_wm.l(daddsub_clz.o)
    0x0800667c   0x0800667c   0x00000018   Code   RO         5136    x$fpl$dcmpinf       fz_wm.l(dcmpi.o)
    0x08006694   0x08006694   0x000002b0   Code   RO         5040    x$fpl$ddiv          fz_wm.l(ddiv.o)
    0x08006944   0x08006944   0x00000078   Code   RO         5138    x$fpl$deqf          fz_wm.l(deqf.o)
    0x080069bc   0x080069bc   0x0000005e   Code   RO         5226    x$fpl$dfix          fz_wm.l(dfix.o)
    0x08006a1a   0x08006a1a   0x00000002   PAD
    0x08006a1c   0x08006a1c   0x0000005a   Code   RO         5043    x$fpl$dfixu         fz_wm.l(dfixu.o)
    0x08006a76   0x08006a76   0x0000002e   Code   RO         5048    x$fpl$dflt          fz_wm.l(dflt_clz.o)
    0x08006aa4   0x08006aa4   0x00000026   Code   RO         5047    x$fpl$dfltu         fz_wm.l(dflt_clz.o)
    0x08006aca   0x08006aca   0x00000002   PAD
    0x08006acc   0x08006acc   0x00000078   Code   RO         5053    x$fpl$dleqf         fz_wm.l(dleqf.o)
    0x08006b44   0x08006b44   0x00000154   Code   RO         5055    x$fpl$dmul          fz_wm.l(dmul.o)
    0x08006c98   0x08006c98   0x0000009c   Code   RO         5140    x$fpl$dnaninf       fz_wm.l(dnaninf.o)
    0x08006d34   0x08006d34   0x0000000c   Code   RO         5142    x$fpl$dretinf       fz_wm.l(dretinf.o)
    0x08006d40   0x08006d40   0x0000006c   Code   RO         5057    x$fpl$drleqf        fz_wm.l(drleqf.o)
    0x08006dac   0x08006dac   0x00000016   Code   RO         5034    x$fpl$drsb          fz_wm.l(daddsub_clz.o)
    0x08006dc2   0x08006dc2   0x00000002   PAD
    0x08006dc4   0x08006dc4   0x00000198   Code   RO         5144    x$fpl$dsqrt         fz_wm.l(dsqrt_umaal.o)
    0x08006f5c   0x08006f5c   0x000001d4   Code   RO         5035    x$fpl$dsub          fz_wm.l(daddsub_clz.o)
    0x08007130   0x08007130   0x00000056   Code   RO         5059    x$fpl$f2d           fz_wm.l(f2d.o)
    0x08007186   0x08007186   0x0000008c   Code   RO         5146    x$fpl$fnaninf       fz_wm.l(fnaninf.o)
    0x08007212   0x08007212   0x0000000a   Code   RO         5315    x$fpl$fpinit        fz_wm.l(fpinit.o)
    0x0800721c   0x0800721c   0x0000000a   Code   RO         5148    x$fpl$fretinf       fz_wm.l(fretinf.o)
    0x08007226   0x08007226   0x00000000   Code   RO         5150    x$fpl$usenofp       fz_wm.l(usenofp.o)
    0x08007226   0x08007226   0x00000002   PAD
    0x08007228   0x08007228   0x00000150   Data   RO          578    .constdata          freertos.o
    0x08007378   0x08007378   0x00000008   Data   RO         1548    .constdata          stm32f4xx_hal_dma.o
    0x08007380   0x08007380   0x00000010   Data   RO         3538    .constdata          system_stm32f4xx.o
    0x08007390   0x08007390   0x00000008   Data   RO         3539    .constdata          system_stm32f4xx.o
    0x08007398   0x08007398   0x00000050   Data   RO         5064    .constdata          m_wm.l(acos.o)
    0x080073e8   0x080073e8   0x00000050   Data   RO         5078    .constdata          m_wm.l(asin.o)
    0x08007438   0x08007438   0x00000098   Data   RO         5154    .constdata          m_wm.l(atan.o)
    0x080074d0   0x080074d0   0x00000030   Data   RO         5166    .constdata          m_wm.l(cos_i.o)
    0x08007500   0x08007500   0x00000008   Data   RO         5192    .constdata          m_wm.l(qnan.o)
    0x08007508   0x08007508   0x000000c8   Data   RO         5195    .constdata          m_wm.l(rred.o)
    0x080075d0   0x080075d0   0x00000028   Data   RO         5199    .constdata          m_wm.l(sin_i.o)
    0x080075f8   0x080075f8   0x0000009a   Data   RO          579    .conststring        freertos.o
    0x08007692   0x08007692   0x00000002   PAD
    0x08007694   0x08007694   0x00000020   Data   RO         5373    Region$$Table       anon$$obj.o


    Execution Region RW_IRAM1 (Exec base: 0x20000000, Load base: 0x080076b4, Size: 0x00005038, Max: 0x0001c000, ABSOLUTE)

    Exec Addr    Load Addr    Size         Type   Attr      Idx    E Section Name        Object

    0x20000000   0x080076b4   0x00000001   Data   RW           16    .data               servo.o
    0x20000001   0x080076b5   0x00000003   PAD
    0x20000004   0x080076b8   0x00000004   Data   RW           18    .data               servo.o
    0x20000008   0x080076bc   0x00000004   Data   RW          312    .data               motor.o
    0x2000000c   0x080076c0   0x00000018   Data   RW          408    .data               ema.o
    0x20000024   0x080076d8   0x00000008   Data   RW          461    .data               main.o
    0x2000002c   0x080076e0   0x00000030   Data   RW          580    .data               freertos.o
    0x2000005c   0x08007710   0x0000000c   Data   RW         1975    .data               stm32f4xx_hal.o
    0x20000068   0x0800771c   0x00000004   Data   RW         3540    .data               system_stm32f4xx.o
    0x2000006c   0x08007720   0x0000003c   Data   RW         4089    .data               tasks.o
    0x200000a8   0x0800775c   0x00000020   Data   RW         4733    .data               heap_4.o
    0x200000c8   0x0800777c   0x0000000c   Data   RW         4801    .data               port.o
    0x200000d4   0x08007788   0x00000003   Data   RW         4874    .data               jy901.o
    0x200000d7   0x0800778b   0x00000001   PAD
    0x200000d8   0x0800778c   0x00000004   Data   RW         4913    .data               distance.o
    0x200000dc   0x08007790   0x00000004   PAD
    0x200000e0   0x08007794   0x00000008   Data   RW         4981    .data               wave.o
    0x200000e8        -       0x0000006c   Zero   RW           15    .bss                servo.o
    0x20000154        -       0x000002b0   Zero   RW          311    .bss                motor.o
    0x20000404   0x0800779c   0x00000004   PAD
    0x20000408        -       0x00000050   Zero   RW          407    .bss                ema.o
    0x20000458        -       0x0000000c   Zero   RW          459    .bss                main.o
    0x20000464        -       0x00000254   Zero   RW          577    .bss                freertos.o
    0x200006b8        -       0x00000360   Zero   RW          712    .bss                tim.o
    0x20000a18        -       0x00000170   Zero   RW          827    .bss                usart.o
    0x20000b88        -       0x00000048   Zero   RW         1038    .bss                stm32f4xx_hal_timebase_tim.o
    0x20000bd0        -       0x000000f0   Zero   RW         4088    .bss                tasks.o
    0x20000cc0        -       0x00003c00   Zero   RW         4732    .bss                heap_4.o
    0x200048c0        -       0x00000108   Zero   RW         4873    .bss                jy901.o
    0x200049c8        -       0x0000000a   Zero   RW         4911    .bss                distance.o
    0x200049d2   0x0800779c   0x00000002   PAD
    0x200049d4        -       0x00000060   Zero   RW         5231    .bss                c_w.l(libspace.o)
    0x20004a34   0x0800779c   0x00000004   PAD
    0x20004a38        -       0x00000200   Zero   RW            2    HEAP                startup_stm32f407xx.o
    0x20004c38        -       0x00000400   Zero   RW            1    STACK               startup_stm32f407xx.o


    Execution Region RW_IRAM2 (Exec base: 0x2001c000, Load base: 0x0800779c, Size: 0x00000000, Max: 0x00004000, ABSOLUTE)

    **** No section assigned to this execution region ****


==============================================================================

Image component sizes


      Code (inc. data)   RO Data    RW Data    ZI Data      Debug   Object Name

       120          0          0          0          0      23113   cmsis_os.o
       116         26          0          4         10       2151   distance.o
        44          4          0          0          0        734   dma.o
      1220        188          0         24         80       3543   ema.o
         0          0          0          0          0      16804   event_groups.o
       332         18        490         48        596       4355   freertos.o
       304         22          0          0          0       1119   gpio.o
       472         24          0         32      15360       7271   heap_4.o
       168         28          0          3        264       1897   jy901.o
       138          0          0          0          0       3422   list.o
      1272        138          0          8         12       5642   main.o
      1336        172          0          4        688       7983   motor.o
       302         20          0          0          0       2202   pid.o
       702         72          0         12          0      10772   port.o
       408         58          0          5        108     724373   servo.o
        64         26        392          0       1536        824   startup_stm32f407xx.o
        80         14          0         12          0       7962   stm32f4xx_hal.o
       158         14          0          0          0      33058   stm32f4xx_hal_cortex.o
       934         16          8          0          0       5471   stm32f4xx_hal_dma.o
       516         46          0          0          0       2771   stm32f4xx_hal_gpio.o
        56          4          0          0          0        826   stm32f4xx_hal_msp.o
      1408         82          0          0          0       5757   stm32f4xx_hal_rcc.o
      2326        136          0          0          0      18357   stm32f4xx_hal_tim.o
       232         28          0          0          0       3173   stm32f4xx_hal_tim_ex.o
       152         20          0          0         72       1419   stm32f4xx_hal_timebase_tim.o
      1374         16          0          0          0       8988   stm32f4xx_hal_uart.o
       188         72          0          0          0       7770   stm32f4xx_it.o
         0          0          0          0          0        384   stream_buffer.o
        16          4         24          4          0       1067   system_stm32f4xx.o
      1520        112          0         60        240      19134   tasks.o
      2384        222          0          0        864      10959   tim.o
       624         72          0          0        368       3738   usart.o
        16          0          0          0          0        927   vision.o
        44         14          0          8          0       1318   wave.o

    ----------------------------------------------------------------------
     19066       1668        948        232      20204     949284   Object Totals
         0          0         32          0          0          0   (incl. Generated)
        40          0          2          8          6          0   (incl. Padding)

    ----------------------------------------------------------------------

      Code (inc. data)   RO Data    RW Data    ZI Data      Debug   Library Member Name

         8          0          0          0          0         68   __main.o
         0          0          0          0          0          0   __rtentry.o
        12          0          0          0          0          0   __rtentry2.o
         6          0          0          0          0          0   __rtentry4.o
        52          8          0          0          0          0   __scatter.o
        26          0          0          0          0          0   __scatter_copy.o
        28          0          0          0          0          0   __scatter_zi.o
        22          0          0          0          0        100   _rserrno.o
        18          0          0          0          0         80   exit.o
         6          0          0          0          0        152   heapauxi.o
         0          0          0          0          0          0   indicate_semi.o
         2          0          0          0          0          0   libinit.o
         6          0          0          0          0          0   libinit2.o
         2          0          0          0          0          0   libshutdown.o
         2          0          0          0          0          0   libshutdown2.o
         8          4          0          0         96         68   libspace.o
       238          0          0          0          0        100   lludivv7m.o
         8          4          0          0          0         68   rt_errno_addr_intlibspace.o
        78          0          0          0          0         80   rt_memclr_w.o
       100          0          0          0          0         80   rt_memcpy_w.o
         2          0          0          0          0          0   rtexit.o
        10          0          0          0          0          0   rtexit2.o
        12          4          0          0          0         68   sys_exit.o
        74          0          0          0          0         80   sys_stackheap_outer.o
         2          0          0          0          0         68   use_no_semi.o
        24          0          0          0          0        164   basic.o
        98          4          0          0          0        140   d2f.o
       826         16          0          0          0        492   daddsub_clz.o
        24          0          0          0          0        116   dcmpi.o
       688        140          0          0          0        256   ddiv.o
       120          4          0          0          0        140   deqf.o
        94          4          0          0          0        140   dfix.o
        90          4          0          0          0        140   dfixu.o
        84          0          0          0          0        232   dflt_clz.o
       120          4          0          0          0        140   dleqf.o
       340         12          0          0          0        152   dmul.o
       156          4          0          0          0        140   dnaninf.o
        12          0          0          0          0        116   dretinf.o
       108          0          0          0          0        128   drleqf.o
       408         56          0          0          0        168   dsqrt_umaal.o
        86          4          0          0          0        132   f2d.o
       140          4          0          0          0        132   fnaninf.o
        10          0          0          0          0        116   fpinit.o
        10          0          0          0          0        116   fretinf.o
         0          0          0          0          0          0   usenofp.o
       856        118         80          0          0        288   acos.o
       864         94         80          0          0        280   asin.o
       744        106        152          0          0        352   atan.o
       512         64          0          0          0        208   atan2.o
       368         46         48          0          0        200   cos_i.o
       104         16          0          0          0        496   dunder.o
        24          0          0          0          0        124   fabs.o
        48          0          0          0          0        124   fpclassify.o
       248          0          0          0          0        152   poly.o
         0          0          8          0          0          0   qnan.o
      1080        142        200          0          0        188   rred.o
       200         20          0          0          0        164   sin.o
       304         24         40          0          0        208   sin_i.o
       232          0          0          0          0        296   sqrt.o

    ----------------------------------------------------------------------
      9766        906        608          0        100       7252   Library Totals
        22          0          0          0          4          0   (incl. Padding)

    ----------------------------------------------------------------------

      Code (inc. data)   RO Data    RW Data    ZI Data      Debug   Library Name

       722         20          0          0         96       1012   c_w.l
      3438        256          0          0          0       3160   fz_wm.l
      5584        630        608          0          0       3080   m_wm.l

    ----------------------------------------------------------------------
      9766        906        608          0        100       7252   Library Totals

    ----------------------------------------------------------------------

==============================================================================


      Code (inc. data)   RO Data    RW Data    ZI Data      Debug   

     28832       2574       1556        232      20304     935620   Grand Totals
     28832       2574       1556        232      20304     935620   ELF Image Totals
     28832       2574       1556        232          0          0   ROM Totals

==============================================================================

    Total RO  Size (Code + RO Data)                30388 (  29.68kB)
    Total RW  Size (RW Data + ZI Data)             20536 (  20.05kB)
    Total ROM Size (Code + RO Data + RW Data)      30620 (  29.90kB)

==============================================================================

