Component: ARM Compiler 5.06 update 7 (build 960) Tool: armlink [4d3601]

==============================================================================

Section Cross References

    startup_stm32f407xx.o(STACK) refers (Special) to heapauxi.o(.text) for __use_two_region_memory
    startup_stm32f407xx.o(HEAP) refers (Special) to heapauxi.o(.text) for __use_two_region_memory
    startup_stm32f407xx.o(RESET) refers (Special) to heapauxi.o(.text) for __use_two_region_memory
    startup_stm32f407xx.o(RESET) refers to startup_stm32f407xx.o(STACK) for __initial_sp
    startup_stm32f407xx.o(RESET) refers to startup_stm32f407xx.o(.text) for Reset_Handler
    startup_stm32f407xx.o(RESET) refers to stm32f4xx_it.o(i.NMI_Handler) for NMI_Handler
    startup_stm32f407xx.o(RESET) refers to stm32f4xx_it.o(i.HardFault_Handler) for HardFault_Handler
    startup_stm32f407xx.o(RESET) refers to stm32f4xx_it.o(i.MemManage_Handler) for MemManage_Handler
    startup_stm32f407xx.o(RESET) refers to stm32f4xx_it.o(i.BusFault_Handler) for BusFault_Handler
    startup_stm32f407xx.o(RESET) refers to stm32f4xx_it.o(i.UsageFault_Handler) for UsageFault_Handler
    startup_stm32f407xx.o(RESET) refers to port.o(.emb_text) for SVC_Handler
    startup_stm32f407xx.o(RESET) refers to stm32f4xx_it.o(i.DebugMon_Handler) for DebugMon_Handler
    startup_stm32f407xx.o(RESET) refers to port.o(i.SysTick_Handler) for SysTick_Handler
    startup_stm32f407xx.o(RESET) refers to stm32f4xx_it.o(i.TIM1_TRG_COM_TIM11_IRQHandler) for TIM1_TRG_COM_TIM11_IRQHandler
    startup_stm32f407xx.o(RESET) refers to stm32f4xx_it.o(i.TIM3_IRQHandler) for TIM3_IRQHandler
    startup_stm32f407xx.o(RESET) refers to stm32f4xx_it.o(i.TIM4_IRQHandler) for TIM4_IRQHandler
    startup_stm32f407xx.o(RESET) refers to stm32f4xx_it.o(i.USART1_IRQHandler) for USART1_IRQHandler
    startup_stm32f407xx.o(RESET) refers to stm32f4xx_it.o(i.USART2_IRQHandler) for USART2_IRQHandler
    startup_stm32f407xx.o(RESET) refers to stm32f4xx_it.o(i.USART3_IRQHandler) for USART3_IRQHandler
    startup_stm32f407xx.o(RESET) refers to stm32f4xx_it.o(i.TIM8_BRK_TIM12_IRQHandler) for TIM8_BRK_TIM12_IRQHandler
    startup_stm32f407xx.o(RESET) refers to stm32f4xx_it.o(i.TIM5_IRQHandler) for TIM5_IRQHandler
    startup_stm32f407xx.o(RESET) refers to stm32f4xx_it.o(i.UART4_IRQHandler) for UART4_IRQHandler
    startup_stm32f407xx.o(RESET) refers to stm32f4xx_it.o(i.TIM7_IRQHandler) for TIM7_IRQHandler
    startup_stm32f407xx.o(RESET) refers to stm32f4xx_it.o(i.DMA2_Stream7_IRQHandler) for DMA2_Stream7_IRQHandler
    startup_stm32f407xx.o(.text) refers (Special) to heapauxi.o(.text) for __use_two_region_memory
    startup_stm32f407xx.o(.text) refers to system_stm32f4xx.o(i.SystemInit) for SystemInit
    startup_stm32f407xx.o(.text) refers to __main.o(!!!main) for __main
    startup_stm32f407xx.o(.text) refers to startup_stm32f407xx.o(HEAP) for Heap_Mem
    startup_stm32f407xx.o(.text) refers to startup_stm32f407xx.o(STACK) for Stack_Mem
    servo.o(i.ServoCallback) refers to servo.o(i.Servo_Init) for Servo_Init
    servo.o(i.ServoCallback) refers to pid.o(i.PID_SingleCalc) for PID_SingleCalc
    servo.o(i.ServoCallback) refers to cmsis_os.o(i.osDelay) for osDelay
    servo.o(i.ServoCallback) refers to servo.o(.data) for .data
    servo.o(i.ServoCallback) refers to servo.o(.bss) for .bss
    servo.o(i.ServoCallback) refers to tim.o(.bss) for htim2
    servo.o(i.Servo_Init) refers to stm32f4xx_hal_tim.o(i.HAL_TIM_PWM_Start) for HAL_TIM_PWM_Start
    servo.o(i.Servo_Init) refers to pid.o(i.PID_Init) for PID_Init
    servo.o(i.Servo_Init) refers to servo.o(.bss) for .bss
    servo.o(i.Servo_Init) refers to tim.o(.bss) for htim2
    vision.o(i.BlueteethCallback) refers to cmsis_os.o(i.osDelay) for osDelay
    vision.o(i.OledCallback) refers to cmsis_os.o(i.osDelay) for osDelay
    pid.o(i.PID_CascadeCalc) refers to pid.o(i.PID_SingleCalc) for PID_SingleCalc
    motor.o(i.ChassisCallback) refers to motor.o(i.Motor_Init) for Motor_Init
    motor.o(i.ChassisCallback) refers to motor.o(i.ChassisInit) for ChassisInit
    motor.o(i.ChassisCallback) refers to motor.o(i.MotorStop) for MotorStop
    motor.o(i.ChassisCallback) refers to pid.o(i.PID_CascadeCalc) for PID_CascadeCalc
    motor.o(i.ChassisCallback) refers to motor.o(i.Output_judge1) for Output_judge1
    motor.o(i.ChassisCallback) refers to motor.o(i.ChassisSpeedCalc) for ChassisSpeedCalc
    motor.o(i.ChassisCallback) refers to motor.o(i.ChassisSend) for ChassisSend
    motor.o(i.ChassisCallback) refers to motor.o(i.Output_judge2) for Output_judge2
    motor.o(i.ChassisCallback) refers to motor.o(i.Output_judge3) for Output_judge3
    motor.o(i.ChassisCallback) refers to motor.o(i.Output_judge4) for Output_judge4
    motor.o(i.ChassisCallback) refers to cmsis_os.o(i.osDelay) for osDelay
    motor.o(i.ChassisCallback) refers to motor.o(.bss) for .bss
    motor.o(i.ChassisCallback) refers to motor.o(.data) for .data
[...]
    TIM_ITRx_SetConfig                       0x080036c7   Thumb Code    16  stm32f4xx_hal_tim.o(i.TIM_ITRx_SetConfig)
    i.TIM_OC1_SetConfig                      0x080036d8   Section        0  stm32f4xx_hal_tim.o(i.TIM_OC1_SetConfig)
    TIM_OC1_SetConfig                        0x080036d9   Thumb Code    88  stm32f4xx_hal_tim.o(i.TIM_OC1_SetConfig)
    i.TIM_OC2_SetConfig                      0x08003738   Section        0  stm32f4xx_hal_tim.o(i.TIM_OC2_SetConfig)
    i.TIM_OC3_SetConfig                      0x080037a4   Section        0  stm32f4xx_hal_tim.o(i.TIM_OC3_SetConfig)
    TIM_OC3_SetConfig                        0x080037a5   Thumb Code    96  stm32f4xx_hal_tim.o(i.TIM_OC3_SetConfig)
    i.TIM_OC4_SetConfig                      0x0800380c   Section        0  stm32f4xx_hal_tim.o(i.TIM_OC4_SetConfig)
    TIM_OC4_SetConfig                        0x0800380d   Thumb Code    70  stm32f4xx_hal_tim.o(i.TIM_OC4_SetConfig)
    i.TIM_TI1_ConfigInputStage               0x0800385c   Section        0  stm32f4xx_hal_tim.o(i.TIM_TI1_ConfigInputStage)
    TIM_TI1_ConfigInputStage                 0x0800385d   Thumb Code    34  stm32f4xx_hal_tim.o(i.TIM_TI1_ConfigInputStage)
    i.TIM_TI2_ConfigInputStage               0x0800387e   Section        0  stm32f4xx_hal_tim.o(i.TIM_TI2_ConfigInputStage)
    TIM_TI2_ConfigInputStage                 0x0800387f   Thumb Code    36  stm32f4xx_hal_tim.o(i.TIM_TI2_ConfigInputStage)
    i.TOF_UART3_IRQHandler                   0x080038a4   Section        0  distance.o(i.TOF_UART3_IRQHandler)
    i.TOF_decode                             0x080038e4   Section        0  distance.o(i.TOF_decode)
    i.UART4_IRQHandler                       0x080038f4   Section        0  stm32f4xx_it.o(i.UART4_IRQHandler)
    i.UART_DMAAbortOnError                   0x08003900   Section        0  stm32f4xx_hal_uart.o(i.UART_DMAAbortOnError)
    UART_DMAAbortOnError                     0x08003901   Thumb Code    16  stm32f4xx_hal_uart.o(i.UART_DMAAbortOnError)
    i.UART_EndRxTransfer                     0x08003910   Section        0  stm32f4xx_hal_uart.o(i.UART_EndRxTransfer)
    UART_EndRxTransfer                       0x08003911   Thumb Code    78  stm32f4xx_hal_uart.o(i.UART_EndRxTransfer)
    i.UART_Receive_IT                        0x0800395e   Section        0  stm32f4xx_hal_uart.o(i.UART_Receive_IT)
    UART_Receive_IT                          0x0800395f   Thumb Code   192  stm32f4xx_hal_uart.o(i.UART_Receive_IT)
    i.UART_SetConfig                         0x08003a20   Section        0  stm32f4xx_hal_uart.o(i.UART_SetConfig)
    UART_SetConfig                           0x08003a21   Thumb Code   258  stm32f4xx_hal_uart.o(i.UART_SetConfig)
    i.UART_Start_Receive_IT                  0x08003b2c   Section        0  stm32f4xx_hal_uart.o(i.UART_Start_Receive_IT)
    i.USART1_IRQHandler                      0x08003b68   Section        0  stm32f4xx_it.o(i.USART1_IRQHandler)
    i.USART2_IRQHandler                      0x08003b74   Section        0  stm32f4xx_it.o(i.USART2_IRQHandler)
    i.USART3_IRQHandler                      0x08003b80   Section        0  stm32f4xx_it.o(i.USART3_IRQHandler)
    i.USER_TIM_IRQHandlre                    0x08003b94   Section        0  wave.o(i.USER_TIM_IRQHandlre)
    i.UsageFault_Handler                     0x08003bc0   Section        0  stm32f4xx_it.o(i.UsageFault_Handler)
    i.__NVIC_SetPriority                     0x08003bc2   Section        0  stm32f4xx_hal_cortex.o(i.__NVIC_SetPriority)
    __NVIC_SetPriority                       0x08003bc3   Thumb Code    32  stm32f4xx_hal_cortex.o(i.__NVIC_SetPriority)
    i.main                                   0x08003be4   Section        0  main.o(i.main)
    i.makeFreeRtosPriority                   0x08003c50   Section        0  cmsis_os.o(i.makeFreeRtosPriority)
    makeFreeRtosPriority                     0x08003c51   Thumb Code    12  cmsis_os.o(i.makeFreeRtosPriority)
    i.osDelay                                0x08003c5c   Section        0  cmsis_os.o(i.osDelay)
    i.osKernelStart                          0x08003c6a   Section        0  cmsis_os.o(i.osKernelStart)
    i.osThreadCreate                         0x08003c74   Section        0  cmsis_os.o(i.osThreadCreate)
    i.prvAddCurrentTaskToDelayedList         0x08003cc8   Section        0  tasks.o(i.prvAddCurrentTaskToDelayedList)
    prvAddCurrentTaskToDelayedList           0x08003cc9   Thumb Code   102  tasks.o(i.prvAddCurrentTaskToDelayedList)
    i.prvAddNewTaskToReadyList               0x08003d38   Section        0  tasks.o(i.prvAddNewTaskToReadyList)
    prvAddNewTaskToReadyList                 0x08003d39   Thumb Code   194  tasks.o(i.prvAddNewTaskToReadyList)
    i.prvDeleteTCB                           0x08003e08   Section        0  tasks.o(i.prvDeleteTCB)
    prvDeleteTCB                             0x08003e09   Thumb Code    52  tasks.o(i.prvDeleteTCB)
    i.prvHeapInit                            0x08003e3c   Section        0  heap_4.o(i.prvHeapInit)
    prvHeapInit                              0x08003e3d   Thumb Code    66  heap_4.o(i.prvHeapInit)
    i.prvIdleTask                            0x08003e88   Section        0  tasks.o(i.prvIdleTask)
    prvIdleTask                              0x08003e89   Thumb Code    82  tasks.o(i.prvIdleTask)
    i.prvInitialiseNewTask                   0x08003ee8   Section        0  tasks.o(i.prvInitialiseNewTask)
    prvInitialiseNewTask                     0x08003ee9   Thumb Code   152  tasks.o(i.prvInitialiseNewTask)
    i.prvInsertBlockIntoFreeList             0x08003f80   Section        0  heap_4.o(i.prvInsertBlockIntoFreeList)
    prvInsertBlockIntoFreeList               0x08003f81   Thumb Code    72  heap_4.o(i.prvInsertBlockIntoFreeList)
    i.prvResetNextTaskUnblockTime            0x08003fcc   Section        0  tasks.o(i.prvResetNextTaskUnblockTime)
    prvResetNextTaskUnblockTime              0x08003fcd   Thumb Code    26  tasks.o(i.prvResetNextTaskUnblockTime)
    i.prvTaskExitError                       0x08003fec   Section        0  port.o(i.prvTaskExitError)
    prvTaskExitError                         0x08003fed   Thumb Code    36  port.o(i.prvTaskExitError)
    i.pvPortMalloc                           0x08004014   Section        0  heap_4.o(i.pvPortMalloc)
    i.pxPortInitialiseStack                  0x080040f0   Section        0  port.o(i.pxPortInitialiseStack)
    i.uxListRemove                           0x0800411c   Section        0  list.o(i.uxListRemove)
    i.vApplicationGetIdleTaskMemory          0x08004144   Section        0  freertos.o(i.vApplicationGetIdleTaskMemory)
    i.vListInitialise                        0x08004158   Section        0  list.o(i.vListInitialise)
    i.vListInitialiseItem                    0x0800416e   Section        0  list.o(i.vListInitialiseItem)
    i.vListInsert                            0x08004174   Section        0  list.o(i.vListInsert)
    i.vListInsertEnd                         0x080041a4   Section        0  list.o(i.vListInsertEnd)
    i.vPortEnterCritical                     0x080041bc   Section        0  port.o(i.vPortEnterCritical)
    i.vPortExitCritical                      0x080041fc   Section        0  port.o(i.vPortExitCritical)
    i.vPortFree                              0x08004224   Section        0  heap_4.o(i.vPortFree)
    i.vPortSetupTimerInterrupt               0x08004288   Section        0  port.o(i.vPortSetupTimerInterrupt)
    i.vTaskDelay                             0x080042ac   Section        0  tasks.o(i.vTaskDelay)
    i.vTaskStartScheduler                    0x080042f8   Section        0  tasks.o(i.vTaskStartScheduler)
    i.vTaskSuspendAll                        0x08004364   Section        0  tasks.o(i.vTaskSuspendAll)
    i.vTaskSwitchContext                     0x08004374   Section        0  tasks.o(i.vTaskSwitchContext)
    i.xPortStartScheduler                    0x080043d0   Section        0  port.o(i.xPortStartScheduler)
    i.xTaskCreate                            0x080044c4   Section        0  tasks.o(i.xTaskCreate)
    i.xTaskCreateStatic                      0x0800451e   Section        0  tasks.o(i.xTaskCreateStatic)
    i.xTaskIncrementTick                     0x08004574   Section        0  tasks.o(i.xTaskIncrementTick)
    i.xTaskResumeAll                         0x08004640   Section        0  tasks.o(i.xTaskResumeAll)
    x$fpl$dadd                               0x08004704   Section      336  daddsub_clz.o(x$fpl$dadd)
    $v0                                      0x08004704   Number         0  daddsub_clz.o(x$fpl$dadd)
    _dadd1                                   0x08004715   Thumb Code     0  daddsub_clz.o(x$fpl$dadd)
    x$fpl$dnaninf                            0x08004854   Section      156  dnaninf.o(x$fpl$dnaninf)
    $v0                                      0x08004854   Number         0  dnaninf.o(x$fpl$dnaninf)
    x$fpl$dretinf                            0x080048f0   Section       12  dretinf.o(x$fpl$dretinf)
    $v0                                      0x080048f0   Number         0  dretinf.o(x$fpl$dretinf)
    x$fpl$dsub                               0x080048fc   Section      468  daddsub_clz.o(x$fpl$dsub)
    $v0                                      0x080048fc   Number         0  daddsub_clz.o(x$fpl$dsub)
    _dsub1                                   0x0800490d   Thumb Code     0  daddsub_clz.o(x$fpl$dsub)
    x$fpl$fpinit                             0x08004ad0   Section       10  fpinit.o(x$fpl$fpinit)
    $v0                                      0x08004ad0   Number         0  fpinit.o(x$fpl$fpinit)
    x$fpl$usenofp                            0x08004ada   Section        0  usenofp.o(x$fpl$usenofp)
    .constdata                               0x08004adc   Section      308  freertos.o(.constdata)
    .constdata                               0x08004c10   Section        8  stm32f4xx_hal_dma.o(.constdata)
    flagBitshiftOffset                       0x08004c10   Data           8  stm32f4xx_hal_dma.o(.constdata)
    .constdata                               0x08004c18   Section       16  system_stm32f4xx.o(.constdata)
    .constdata                               0x08004c28   Section        8  system_stm32f4xx.o(.constdata)
    .conststring                             0x08004c30   Section      142  freertos.o(.conststring)
    .data                                    0x20000000   Section        1  servo.o(.data)
    .data                                    0x20000004   Section        4  servo.o(.data)
    .data                                    0x20000008   Section        4  motor.o(.data)
    .data                                    0x2000000c   Section        3  main.o(.data)
    ucRxCnt                                  0x2000000c   Data           1  main.o(.data)
    .data                                    0x20000010   Section       44  freertos.o(.data)
    .data                                    0x2000003c   Section       12  stm32f4xx_hal.o(.data)
    .data                                    0x20000048   Section        4  system_stm32f4xx.o(.data)
    .data                                    0x2000004c   Section       60  tasks.o(.data)
    uxDeletedTasksWaitingCleanUp             0x20000050   Data           4  tasks.o(.data)
    uxCurrentNumberOfTasks                   0x20000054   Data           4  tasks.o(.data)
    xTickCount                               0x20000058   Data           4  tasks.o(.data)
    uxTopReadyPriority                       0x2000005c   Data           4  tasks.o(.data)
    xSchedulerRunning                        0x20000060   Data           4  tasks.o(.data)
    xPendedTicks                             0x20000064   Data           4  tasks.o(.data)
    xYieldPending                            0x20000068   Data           4  tasks.o(.data)
    xNumOfOverflows                          0x2000006c   Data           4  tasks.o(.data)
    uxTaskNumber                             0x20000070   Data           4  tasks.o(.data)
    xNextTaskUnblockTime                     0x20000074   Data           4  tasks.o(.data)
    xIdleTaskHandle                          0x20000078   Data           4  tasks.o(.data)
    uxSchedulerSuspended                     0x2000007c   Data           4  tasks.o(.data)
    pxDelayedTaskList                        0x20000080   Data           4  tasks.o(.data)
    pxOverflowDelayedTaskList                0x20000084   Data           4  tasks.o(.data)
    .data                                    0x20000088   Section       32  heap_4.o(.data)
    pxEnd                                    0x20000088   Data           4  heap_4.o(.data)
    xFreeBytesRemaining                      0x2000008c   Data           4  heap_4.o(.data)
    xMinimumEverFreeBytesRemaining           0x20000090   Data           4  heap_4.o(.data)
    xNumberOfSuccessfulAllocations           0x20000094   Data           4  heap_4.o(.data)
    xNumberOfSuccessfulFrees                 0x20000098   Data           4  heap_4.o(.data)
    xBlockAllocatedBit                       0x2000009c   Data           4  heap_4.o(.data)
    xStart                                   0x200000a0   Data           8  heap_4.o(.data)
    .data                                    0x200000a8   Section       12  port.o(.data)
    ucMaxSysCallPriority                     0x200000a8   Data           1  port.o(.data)
    uxCriticalNesting                        0x200000ac   Data           4  port.o(.data)
    ulMaxPRIGROUPValue                       0x200000b0   Data           4  port.o(.data)
    .data                                    0x200000b4   Section        3  jy901.o(.data)
    JY901RxCn                                0x200000b4   Data           1  jy901.o(.data)
    .data                                    0x200000b8   Section        4  distance.o(.data)
    rxCnt                                    0x200000b8   Data           2  distance.o(.data)
    .data                                    0x200000c0   Section        8  wave.o(.data)
    .bss                                     0x200000c8   Section      108  servo.o(.bss)
    .bss                                     0x20000134   Section      688  motor.o(.bss)
    .bss                                     0x200003e4   Section       16  main.o(.bss)
    .bss                                     0x200003f4   Section      596  freertos.o(.bss)
    xIdleTaskTCBBuffer                       0x200003f4   Data          84  freertos.o(.bss)
    xIdleStack                               0x20000448   Data         512  freertos.o(.bss)
    .bss                                     0x20000648   Section      576  tim.o(.bss)
    .bss                                     0x20000888   Section      368  usart.o(.bss)
    .bss                                     0x200009f8   Section       72  stm32f4xx_hal_timebase_tim.o(.bss)
    .bss                                     0x20000a40   Section      240  tasks.o(.bss)
    pxReadyTasksLists                        0x20000a40   Data         140  tasks.o(.bss)
    xDelayedTaskList1                        0x20000acc   Data          20  tasks.o(.bss)
    xDelayedTaskList2                        0x20000ae0   Data          20  tasks.o(.bss)
    xPendingReadyList                        0x20000af4   Data          20  tasks.o(.bss)
    xTasksWaitingTermination                 0x20000b08   Data          20  tasks.o(.bss)
    xSuspendedTaskList                       0x20000b1c   Data          20  tasks.o(.bss)
    .bss                                     0x20000b30   Section    15360  heap_4.o(.bss)
    ucHeap                                   0x20000b30   Data       15360  heap_4.o(.bss)
    .bss                                     0x20004730   Section      264  jy901.o(.bss)
    JY901RxBuffer                            0x20004730   Data         250  jy901.o(.bss)
    .bss                                     0x20004838   Section       10  distance.o(.bss)
    .bss                                     0x20004844   Section       96  libspace.o(.bss)
    HEAP                                     0x200048a8   Section      512  startup_stm32f407xx.o(HEAP)
    Heap_Mem                                 0x200048a8   Data         512  startup_stm32f407xx.o(HEAP)
    STACK                                    0x20004aa8   Section     1024  startup_stm32f407xx.o(STACK)
    Stack_Mem                                0x20004aa8   Data        1024  startup_stm32f407xx.o(STACK)
    __initial_sp                             0x20004ea8   Data           0  startup_stm32f407xx.o(STACK)

    Global Symbols

    Symbol Name                              Value     Ov Type        Size  Object(Section)

    BuildAttributes$$THM_ISAv4$E$P$D$K$B$S$7EM$VFPi3$EXTD16$VFPS$VFMA$PE$A:L22UL41UL21$X:L11$S22US41US21$IEEE1$IW$USESV6$~STKCKD$USESV7$~SHL$OSPACE$ROPI$EBA8$UX$STANDARDLIB$REQ8$PRES8$EABIv2 0x00000000   Number         0  anon$$obj.o ABSOLUTE
    __ARM_use_no_argv                        0x00000000   Number         0  main.o ABSOLUTE
    __ARM_exceptions_init                     - Undefined Weak Reference
    __alloca_initialize                       - Undefined Weak Reference
    __arm_fini_                               - Undefined Weak Reference
    __arm_preinit_                            - Undefined Weak Reference
    __cpp_initialize__aeabi_                  - Undefined Weak Reference
    __cxa_finalize                            - Undefined Weak Reference
    __rt_locale                               - Undefined Weak Reference
    __sigvec_lookup                           - Undefined Weak Reference
    _atexit_init                              - Undefined Weak Reference
    _call_atexit_fns                          - Undefined Weak Reference
    _clock_init                               - Undefined Weak Reference
    _fp_trap_init                             - Undefined Weak Reference
    _fp_trap_shutdown                         - Undefined Weak Reference
    _get_lc_collate                           - Undefined Weak Reference
    _get_lc_ctype                             - Undefined Weak Reference
    _get_lc_monetary                          - Undefined Weak Reference
    _get_lc_numeric                           - Undefined Weak Reference
    _get_lc_time                              - Undefined Weak Reference
    _getenv_init                              - Undefined Weak Reference
    _handle_redirection                       - Undefined Weak Reference
    _init_alloc                               - Undefined Weak Reference
    _init_user_alloc                          - Undefined Weak Reference
    _initio                                   - Undefined Weak Reference
    _rand_init                                - Undefined Weak Reference
    _signal_finish                            - Undefined Weak Reference
    _signal_init                              - Undefined Weak Reference
    _terminate_alloc                          - Undefined Weak Reference
    _terminate_user_alloc                     - Undefined Weak Reference
    _terminateio                              - Undefined Weak Reference
    __Vectors_Size                           0x00000188   Number         0  startup_stm32f407xx.o ABSOLUTE
    __Vectors                                0x08000000   Data           4  startup_stm32f407xx.o(RESET)
    __Vectors_End                            0x08000188   Data           0  startup_stm32f407xx.o(RESET)
    __main                                   0x08000189   Thumb Code     8  __main.o(!!!main)
    __scatterload                            0x08000191   Thumb Code     0  __scatter.o(!!!scatter)
    __scatterload_rt2                        0x08000191   Thumb Code    44  __scatter.o(!!!scatter)
    __scatterload_rt2_thumb_only             0x08000191   Thumb Code     0  __scatter.o(!!!scatter)
    __scatterload_null                       0x0800019f   Thumb Code     0  __scatter.o(!!!scatter)
    __scatterload_copy                       0x080001c5   Thumb Code    26  __scatter_copy.o(!!handler_copy)
    __scatterload_zeroinit                   0x080001e1   Thumb Code    28  __scatter_zi.o(!!handler_zi)
    __rt_lib_init                            0x080001fd   Thumb Code     0  libinit.o(.ARM.Collect$$libinit$$00000000)
    __rt_lib_init_fp_1                       0x080001ff   Thumb Code     0  libinit2.o(.ARM.Collect$$libinit$$00000001)
    __rt_lib_init_alloca_1                   0x08000203   Thumb Code     0  libinit2.o(.ARM.Collect$$libinit$$0000002E)
    __rt_lib_init_argv_1                     0x08000203   Thumb Code     0  libinit2.o(.ARM.Collect$$libinit$$0000002C)
    __rt_lib_init_atexit_1                   0x08000203   Thumb Code     0  libinit2.o(.ARM.Collect$$libinit$$0000001B)
    __rt_lib_init_clock_1                    0x08000203   Thumb Code     0  libinit2.o(.ARM.Collect$$libinit$$00000021)
    __rt_lib_init_cpp_1                      0x08000203   Thumb Code     0  libinit2.o(.ARM.Collect$$libinit$$00000032)
    __rt_lib_init_exceptions_1               0x08000203   Thumb Code     0  libinit2.o(.ARM.Collect$$libinit$$00000030)
    __rt_lib_init_fp_trap_1                  0x08000203   Thumb Code     0  libinit2.o(.ARM.Collect$$libinit$$0000001F)
    __rt_lib_init_getenv_1                   0x08000203   Thumb Code     0  libinit2.o(.ARM.Collect$$libinit$$00000023)
    __rt_lib_init_heap_1                     0x08000203   Thumb Code     0  libinit2.o(.ARM.Collect$$libinit$$0000000A)
    __rt_lib_init_lc_collate_1               0x08000203   Thumb Code     0  libinit2.o(.ARM.Collect$$libinit$$00000011)
    __rt_lib_init_lc_ctype_1                 0x08000203   Thumb Code     0  libinit2.o(.ARM.Collect$$libinit$$00000013)
    __rt_lib_init_lc_monetary_1              0x08000203   Thumb Code     0  libinit2.o(.ARM.Collect$$libinit$$00000015)
    __rt_lib_init_lc_numeric_1               0x08000203   Thumb Code     0  libinit2.o(.ARM.Collect$$libinit$$00000017)
    __rt_lib_init_lc_time_1                  0x08000203   Thumb Code     0  libinit2.o(.ARM.Collect$$libinit$$00000019)
    __rt_lib_init_preinit_1                  0x08000203   Thumb Code     0  libinit2.o(.ARM.Collect$$libinit$$00000004)
    __rt_lib_init_rand_1                     0x08000203   Thumb Code     0  libinit2.o(.ARM.Collect$$libinit$$0000000E)
    __rt_lib_init_return                     0x08000203   Thumb Code     0  libinit2.o(.ARM.Collect$$libinit$$00000033)
    __rt_lib_init_signal_1                   0x08000203   Thumb Code     0  libinit2.o(.ARM.Collect$$libinit$$0000001D)
    __rt_lib_init_stdio_1                    0x08000203   Thumb Code     0  libinit2.o(.ARM.Collect$$libinit$$00000025)
    __rt_lib_init_user_alloc_1               0x08000203   Thumb Code     0  libinit2.o(.ARM.Collect$$libinit$$0000000C)
    __rt_lib_shutdown                        0x08000205   Thumb Code     0  libshutdown.o(.ARM.Collect$$libshutdown$$00000000)
    __rt_lib_shutdown_cpp_1                  0x08000207   Thumb Code     0  libshutdown2.o(.ARM.Collect$$libshutdown$$00000004)
    __rt_lib_shutdown_fini_1                 0x08000207   Thumb Code     0  libshutdown2.o(.ARM.Collect$$libshutdown$$00000002)
    __rt_lib_shutdown_fp_trap_1              0x08000207   Thumb Code     0  libshutdown2.o(.ARM.Collect$$libshutdown$$00000009)
    __rt_lib_shutdown_heap_1                 0x08000207   Thumb Code     0  libshutdown2.o(.ARM.Collect$$libshutdown$$00000011)
    __rt_lib_shutdown_return                 0x08000207   Thumb Code     0  libshutdown2.o(.ARM.Collect$$libshutdown$$00000012)
    __rt_lib_shutdown_signal_1               0x08000207   Thumb Code     0  libshutdown2.o(.ARM.Collect$$libshutdown$$0000000C)
    __rt_lib_shutdown_stdio_1                0x08000207   Thumb Code     0  libshutdown2.o(.ARM.Collect$$libshutdown$$00000006)
    __rt_lib_shutdown_user_alloc_1           0x08000207   Thumb Code     0  libshutdown2.o(.ARM.Collect$$libshutdown$$0000000E)
    __rt_entry                               0x08000209   Thumb Code     0  __rtentry.o(.ARM.Collect$$rtentry$$00000000)
    __rt_entry_presh_1                       0x08000209   Thumb Code     0  __rtentry2.o(.ARM.Collect$$rtentry$$00000002)
    __rt_entry_sh                            0x08000209   Thumb Code     0  __rtentry4.o(.ARM.Collect$$rtentry$$00000004)
    __rt_entry_li                            0x0800020f   Thumb Code     0  __rtentry2.o(.ARM.Collect$$rtentry$$0000000A)
    __rt_entry_postsh_1                      0x0800020f   Thumb Code     0  __rtentry2.o(.ARM.Collect$$rtentry$$00000009)
    __rt_entry_main                          0x08000213   Thumb Code     0  __rtentry2.o(.ARM.Collect$$rtentry$$0000000D)
    __rt_entry_postli_1                      0x08000213   Thumb Code     0  __rtentry2.o(.ARM.Collect$$rtentry$$0000000C)
    __rt_exit                                0x0800021b   Thumb Code     0  rtexit.o(.ARM.Collect$$rtexit$$00000000)
    __rt_exit_ls                             0x0800021d   Thumb Code     0  rtexit2.o(.ARM.Collect$$rtexit$$00000003)
    __rt_exit_prels_1                        0x0800021d   Thumb Code     0  rtexit2.o(.ARM.Collect$$rtexit$$00000002)
    __rt_exit_exit                           0x08000221   Thumb Code     0  rtexit2.o(.ARM.Collect$$rtexit$$00000004)
    SVC_Handler                              0x08000229   Thumb Code    28  port.o(.emb_text)
    __asm___6_port_c_39a90d8d__prvStartFirstTask 0x08000249   Thumb Code    36  port.o(.emb_text)
    __asm___6_port_c_39a90d8d__prvEnableVFP  0x08000271   Thumb Code    16  port.o(.emb_text)
    PendSV_Handler                           0x08000285   Thumb Code    88  port.o(.emb_text)
    vPortGetIPSR                             0x080002e1   Thumb Code     6  port.o(.emb_text)
    Reset_Handler                            0x080002e9   Thumb Code     8  startup_stm32f407xx.o(.text)
    ADC_IRQHandler                           0x08000303   Thumb Code     0  startup_stm32f407xx.o(.text)
    CAN1_RX0_IRQHandler                      0x08000303   Thumb Code     0  startup_stm32f407xx.o(.text)
    CAN1_RX1_IRQHandler                      0x08000303   Thumb Code     0  startup_stm32f407xx.o(.text)
    CAN1_SCE_IRQHandler                      0x08000303   Thumb Code     0  startup_stm32f407xx.o(.text)
    CAN1_TX_IRQHandler                       0x08000303   Thumb Code     0  startup_stm32f407xx.o(.text)
    CAN2_RX0_IRQHandler                      0x08000303   Thumb Code     0  startup_stm32f407xx.o(.text)
    CAN2_RX1_IRQHandler                      0x08000303   Thumb Code     0  startup_stm32f407xx.o(.text)
    CAN2_SCE_IRQHandler                      0x08000303   Thumb Code     0  startup_stm32f407xx.o(.text)
    CAN2_TX_IRQHandler                       0x08000303   Thumb Code     0  startup_stm32f407xx.o(.text)
    DCMI_IRQHandler                          0x08000303   Thumb Code     0  startup_stm32f407xx.o(.text)
    DMA1_Stream0_IRQHandler                  0x08000303   Thumb Code     0  startup_stm32f407xx.o(.text)
    DMA1_Stream1_IRQHandler                  0x08000303   Thumb Code     0  startup_stm32f407xx.o(.text)
    DMA1_Stream2_IRQHandler                  0x08000303   Thumb Code     0  startup_stm32f407xx.o(.text)
    DMA1_Stream3_IRQHandler                  0x08000303   Thumb Code     0  startup_stm32f407xx.o(.text)
    DMA1_Stream4_IRQHandler                  0x08000303   Thumb Code     0  startup_stm32f407xx.o(.text)
    DMA1_Stream5_IRQHandler                  0x08000303   Thumb Code     0  startup_stm32f407xx.o(.text)
    DMA1_Stream6_IRQHandler                  0x08000303   Thumb Code     0  startup_stm32f407xx.o(.text)
    DMA1_Stream7_IRQHandler                  0x08000303   Thumb Code     0  startup_stm32f407xx.o(.text)
    DMA2_Stream0_IRQHandler                  0x08000303   Thumb Code     0  startup_stm32f407xx.o(.text)
    DMA2_Stream1_IRQHandler                  0x08000303   Thumb Code     0  startup_stm32f407xx.o(.text)
    DMA2_Stream2_IRQHandler                  0x08000303   Thumb Code     0  startup_stm32f407xx.o(.text)
    DMA2_Stream3_IRQHandler                  0x08000303   Thumb Code     0  startup_stm32f407xx.o(.text)
    DMA2_Stream4_IRQHandler                  0x08000303   Thumb Code     0  startup_stm32f407xx.o(.text)
    DMA2_Stream5_IRQHandler                  0x08000303   Thumb Code     0  startup_stm32f407xx.o(.text)
    DMA2_Stream6_IRQHandler                  0x08000303   Thumb Code     0  startup_stm32f407xx.o(.text)
    ETH_IRQHandler                           0x08000303   Thumb Code     0  startup_stm32f407xx.o(.text)
    ETH_WKUP_IRQHandler                      0x08000303   Thumb Code     0  startup_stm32f407xx.o(.text)
    EXTI0_IRQHandler                         0x08000303   Thumb Code     0  startup_stm32f407xx.o(.text)
    EXTI15_10_IRQHandler                     0x08000303   Thumb Code     0  startup_stm32f407xx.o(.text)
    EXTI1_IRQHandler                         0x08000303   Thumb Code     0  startup_stm32f407xx.o(.text)
    EXTI2_IRQHandler                         0x08000303   Thumb Code     0  startup_stm32f407xx.o(.text)
    EXTI3_IRQHandler                         0x08000303   Thumb Code     0  startup_stm32f407xx.o(.text)
    EXTI4_IRQHandler                         0x08000303   Thumb Code     0  startup_stm32f407xx.o(.text)
    EXTI9_5_IRQHandler                       0x08000303   Thumb Code     0  startup_stm32f407xx.o(.text)
    FLASH_IRQHandler                         0x08000303   Thumb Code     0  startup_stm32f407xx.o(.text)
    FMC_IRQHandler                           0x08000303   Thumb Code     0  startup_stm32f407xx.o(.text)
    FPU_IRQHandler                           0x08000303   Thumb Code     0  startup_stm32f407xx.o(.text)
    HASH_RNG_IRQHandler                      0x08000303   Thumb Code     0  startup_stm32f407xx.o(.text)
    I2C1_ER_IRQHandler                       0x08000303   Thumb Code     0  startup_stm32f407xx.o(.text)
    I2C1_EV_IRQHandler                       0x08000303   Thumb Code     0  startup_stm32f407xx.o(.text)
    I2C2_ER_IRQHandler                       0x08000303   Thumb Code     0  startup_stm32f407xx.o(.text)
    I2C2_EV_IRQHandler                       0x08000303   Thumb Code     0  startup_stm32f407xx.o(.text)
    I2C3_ER_IRQHandler                       0x08000303   Thumb Code     0  startup_stm32f407xx.o(.text)
    I2C3_EV_IRQHandler                       0x08000303   Thumb Code     0  startup_stm32f407xx.o(.text)
    OTG_FS_IRQHandler                        0x08000303   Thumb Code     0  startup_stm32f407xx.o(.text)
    OTG_FS_WKUP_IRQHandler                   0x08000303   Thumb Code     0  startup_stm32f407xx.o(.text)
    OTG_HS_EP1_IN_IRQHandler                 0x08000303   Thumb Code     0  startup_stm32f407xx.o(.text)
    OTG_HS_EP1_OUT_IRQHandler                0x08000303   Thumb Code     0  startup_stm32f407xx.o(.text)
    OTG_HS_IRQHandler                        0x08000303   Thumb Code     0  startup_stm32f407xx.o(.text)
    OTG_HS_WKUP_IRQHandler                   0x08000303   Thumb Code     0  startup_stm32f407xx.o(.text)
    PVD_IRQHandler                           0x08000303   Thumb Code     0  startup_stm32f407xx.o(.text)
    RCC_IRQHandler                           0x08000303   Thumb Code     0  startup_stm32f407xx.o(.text)
    RTC_Alarm_IRQHandler                     0x08000303   Thumb Code     0  startup_stm32f407xx.o(.text)
    RTC_WKUP_IRQHandler                      0x08000303   Thumb Code     0  startup_stm32f407xx.o(.text)
    SDIO_IRQHandler                          0x08000303   Thumb Code     0  startup_stm32f407xx.o(.text)
    SPI1_IRQHandler                          0x08000303   Thumb Code     0  startup_stm32f407xx.o(.text)
    SPI2_IRQHandler                          0x08000303   Thumb Code     0  startup_stm32f407xx.o(.text)
    SPI3_IRQHandler                          0x08000303   Thumb Code     0  startup_stm32f407xx.o(.text)
    TAMP_STAMP_IRQHandler                    0x08000303   Thumb Code     0  startup_stm32f407xx.o(.text)
    TIM1_BRK_TIM9_IRQHandler                 0x08000303   Thumb Code     0  startup_stm32f407xx.o(.text)
    TIM1_CC_IRQHandler                       0x08000303   Thumb Code     0  startup_stm32f407xx.o(.text)
    TIM1_UP_TIM10_IRQHandler                 0x08000303   Thumb Code     0  startup_stm32f407xx.o(.text)
    TIM2_IRQHandler                          0x08000303   Thumb Code     0  startup_stm32f407xx.o(.text)
    TIM6_DAC_IRQHandler                      0x08000303   Thumb Code     0  startup_stm32f407xx.o(.text)
    TIM8_CC_IRQHandler                       0x08000303   Thumb Code     0  startup_stm32f407xx.o(.text)
    TIM8_TRG_COM_TIM14_IRQHandler            0x08000303   Thumb Code     0  startup_stm32f407xx.o(.text)
    TIM8_UP_TIM13_IRQHandler                 0x08000303   Thumb Code     0  startup_stm32f407xx.o(.text)
    UART5_IRQHandler                         0x08000303   Thumb Code     0  startup_stm32f407xx.o(.text)
    USART6_IRQHandler                        0x08000303   Thumb Code     0  startup_stm32f407xx.o(.text)
    WWDG_IRQHandler                          0x08000303   Thumb Code     0  startup_stm32f407xx.o(.text)
    __user_initial_stackheap                 0x08000305   Thumb Code     0  startup_stm32f407xx.o(.text)
    __aeabi_uldivmod                         0x08000329   Thumb Code     0  lludivv7m.o(.text)
    _ll_udiv                                 0x08000329   Thumb Code   238  lludivv7m.o(.text)
    __aeabi_memcpy4                          0x08000417   Thumb Code     0  rt_memcpy_w.o(.text)
    __aeabi_memcpy8                          0x08000417   Thumb Code     0  rt_memcpy_w.o(.text)
    __rt_memcpy_w                            0x08000417   Thumb Code   100  rt_memcpy_w.o(.text)
    _memcpy_lastbytes_aligned                0x0800045f   Thumb Code     0  rt_memcpy_w.o(.text)
    __aeabi_memclr4                          0x0800047b   Thumb Code     0  rt_memclr_w.o(.text)
    __aeabi_memclr8                          0x0800047b   Thumb Code     0  rt_memclr_w.o(.text)
    __rt_memclr_w                            0x0800047b   Thumb Code    78  rt_memclr_w.o(.text)
    _memset_w                                0x0800047f   Thumb Code     0  rt_memclr_w.o(.text)
    __use_two_region_memory                  0x080004c9   Thumb Code     2  heapauxi.o(.text)
    __rt_heap_escrow$2region                 0x080004cb   Thumb Code     2  heapauxi.o(.text)
    __rt_heap_expand$2region                 0x080004cd   Thumb Code     2  heapauxi.o(.text)
    __user_setup_stackheap                   0x080004cf   Thumb Code    74  sys_stackheap_outer.o(.text)
    exit                                     0x08000519   Thumb Code    18  exit.o(.text)
    __user_libspace                          0x0800052d   Thumb Code     8  libspace.o(.text)
    __user_perproc_libspace                  0x0800052d   Thumb Code     0  libspace.o(.text)
    __user_perthread_libspace                0x0800052d   Thumb Code     0  libspace.o(.text)
    _sys_exit                                0x08000535   Thumb Code     8  sys_exit.o(.text)
    __I$use$semihosting                      0x08000541   Thumb Code     0  use_no_semi.o(.text)
    __use_no_semihosting_swi                 0x08000541   Thumb Code     2  use_no_semi.o(.text)
    BlueteethCallback                        0x08000543   Thumb Code     8  vision.o(i.BlueteethCallback)
    __semihosting_library_function           0x08000543   Thumb Code     0  indicate_semi.o(.text)
    BusFault_Handler                         0x0800054b   Thumb Code     2  stm32f4xx_it.o(i.BusFault_Handler)
    ChangSlowCallback                        0x0800054d   Thumb Code    88  main.o(i.ChangSlowCallback)
    ChassisCallback                          0x080005ad   Thumb Code   222  motor.o(i.ChassisCallback)
    ChassisInit                              0x080006a1   Thumb Code   230  motor.o(i.ChassisInit)
    ChassisSend                              0x080007b1   Thumb Code   118  motor.o(i.ChassisSend)
    ChassisSpeedCalc                         0x0800082d   Thumb Code   134  motor.o(i.ChassisSpeedCalc)
    DMA2_Stream7_IRQHandler                  0x080008c9   Thumb Code     6  stm32f4xx_it.o(i.DMA2_Stream7_IRQHandler)
    DebugMon_Handler                         0x08000951   Thumb Code     2  stm32f4xx_it.o(i.DebugMon_Handler)
    DistanceCallback                         0x08000955   Thumb Code    30  distance.o(i.DistanceCallback)
    Error_Handler                            0x08000979   Thumb Code     4  main.o(i.Error_Handler)
    FinfLineCallback                         0x0800097d   Thumb Code    10  freertos.o(i.FinfLineCallback)
    HAL_DMA_Abort                            0x08000987   Thumb Code   146  stm32f4xx_hal_dma.o(i.HAL_DMA_Abort)
    HAL_DMA_Abort_IT                         0x08000a19   Thumb Code    36  stm32f4xx_hal_dma.o(i.HAL_DMA_Abort_IT)
    HAL_DMA_IRQHandler                       0x08000a3d   Thumb Code   412  stm32f4xx_hal_dma.o(i.HAL_DMA_IRQHandler)
    HAL_DMA_Init                             0x08000bdd   Thumb Code   206  stm32f4xx_hal_dma.o(i.HAL_DMA_Init)
    HAL_GPIO_Init                            0x08000cb1   Thumb Code   450  stm32f4xx_hal_gpio.o(i.HAL_GPIO_Init)
    HAL_GPIO_WritePin                        0x08000ea1   Thumb Code    10  stm32f4xx_hal_gpio.o(i.HAL_GPIO_WritePin)
    HAL_GetTick                              0x08000ead   Thumb Code     6  stm32f4xx_hal.o(i.HAL_GetTick)
    HAL_IncTick                              0x08000eb9   Thumb Code    12  stm32f4xx_hal.o(i.HAL_IncTick)
    HAL_Init                                 0x08000ec9   Thumb Code    48  stm32f4xx_hal.o(i.HAL_Init)
    HAL_InitTick                             0x08000efd   Thumb Code   132  stm32f4xx_hal_timebase_tim.o(i.HAL_InitTick)
    HAL_MspInit                              0x08000f95   Thumb Code    52  stm32f4xx_hal_msp.o(i.HAL_MspInit)
    HAL_NVIC_EnableIRQ                       0x08000fcd   Thumb Code    26  stm32f4xx_hal_cortex.o(i.HAL_NVIC_EnableIRQ)
    HAL_NVIC_SetPriority                     0x08000fe9   Thumb Code    60  stm32f4xx_hal_cortex.o(i.HAL_NVIC_SetPriority)
    HAL_NVIC_SetPriorityGrouping             0x08001029   Thumb Code    26  stm32f4xx_hal_cortex.o(i.HAL_NVIC_SetPriorityGrouping)
    HAL_RCC_ClockConfig                      0x0800104d   Thumb Code   288  stm32f4xx_hal_rcc.o(i.HAL_RCC_ClockConfig)
    HAL_RCC_GetClockConfig                   0x08001181   Thumb Code    54  stm32f4xx_hal_rcc.o(i.HAL_RCC_GetClockConfig)
    HAL_RCC_GetPCLK1Freq                     0x080011c1   Thumb Code    20  stm32f4xx_hal_rcc.o(i.HAL_RCC_GetPCLK1Freq)
    HAL_RCC_GetPCLK2Freq                     0x080011e1   Thumb Code    20  stm32f4xx_hal_rcc.o(i.HAL_RCC_GetPCLK2Freq)
    HAL_RCC_GetSysClockFreq                  0x08001201   Thumb Code    88  stm32f4xx_hal_rcc.o(i.HAL_RCC_GetSysClockFreq)
    HAL_RCC_OscConfig                        0x08001261   Thumb Code   856  stm32f4xx_hal_rcc.o(i.HAL_RCC_OscConfig)
    HAL_TIMEx_BreakCallback                  0x080015cd   Thumb Code     2  stm32f4xx_hal_tim_ex.o(i.HAL_TIMEx_BreakCallback)
    HAL_TIMEx_CommutCallback                 0x080015cf   Thumb Code     2  stm32f4xx_hal_tim_ex.o(i.HAL_TIMEx_CommutCallback)
    HAL_TIMEx_ConfigBreakDeadTime            0x080015d1   Thumb Code    84  stm32f4xx_hal_tim_ex.o(i.HAL_TIMEx_ConfigBreakDeadTime)
    HAL_TIMEx_MasterConfigSynchronization    0x08001625   Thumb Code   116  stm32f4xx_hal_tim_ex.o(i.HAL_TIMEx_MasterConfigSynchronization)
    HAL_TIM_Base_Init                        0x080016b5   Thumb Code    90  stm32f4xx_hal_tim.o(i.HAL_TIM_Base_Init)
    HAL_TIM_Base_MspInit                     0x08001711   Thumb Code   134  tim.o(i.HAL_TIM_Base_MspInit)
    HAL_TIM_Base_Start_IT                    0x080017a9   Thumb Code   100  stm32f4xx_hal_tim.o(i.HAL_TIM_Base_Start_IT)
    HAL_TIM_ConfigClockSource                0x08001829   Thumb Code   220  stm32f4xx_hal_tim.o(i.HAL_TIM_ConfigClockSource)
    HAL_TIM_Encoder_Init                     0x08001905   Thumb Code   164  stm32f4xx_hal_tim.o(i.HAL_TIM_Encoder_Init)
    HAL_TIM_Encoder_MspInit                  0x080019a9   Thumb Code   326  tim.o(i.HAL_TIM_Encoder_MspInit)
    HAL_TIM_Encoder_Start                    0x08001b15   Thumb Code   142  stm32f4xx_hal_tim.o(i.HAL_TIM_Encoder_Start)
    HAL_TIM_IC_CaptureCallback               0x08001ba3   Thumb Code     2  stm32f4xx_hal_tim.o(i.HAL_TIM_IC_CaptureCallback)
    HAL_TIM_IRQHandler                       0x08001ba5   Thumb Code   358  stm32f4xx_hal_tim.o(i.HAL_TIM_IRQHandler)
    HAL_TIM_MspPostInit                      0x08001d0d   Thumb Code   114  tim.o(i.HAL_TIM_MspPostInit)
    HAL_TIM_OC_DelayElapsedCallback          0x08001d91   Thumb Code     2  stm32f4xx_hal_tim.o(i.HAL_TIM_OC_DelayElapsedCallback)
    HAL_TIM_PWM_ConfigChannel                0x08001d93   Thumb Code   204  stm32f4xx_hal_tim.o(i.HAL_TIM_PWM_ConfigChannel)
    HAL_TIM_PWM_Init                         0x08001e5f   Thumb Code    90  stm32f4xx_hal_tim.o(i.HAL_TIM_PWM_Init)
    HAL_TIM_PWM_MspInit                      0x08001eb9   Thumb Code     2  stm32f4xx_hal_tim.o(i.HAL_TIM_PWM_MspInit)
    HAL_TIM_PWM_PulseFinishedCallback        0x08001ebb   Thumb Code     2  stm32f4xx_hal_tim.o(i.HAL_TIM_PWM_PulseFinishedCallback)
    HAL_TIM_PWM_Start                        0x08001ebd   Thumb Code   172  stm32f4xx_hal_tim.o(i.HAL_TIM_PWM_Start)
    HAL_TIM_PeriodElapsedCallback            0x08001f85   Thumb Code   434  main.o(i.HAL_TIM_PeriodElapsedCallback)
    HAL_TIM_TriggerCallback                  0x0800215d   Thumb Code     2  stm32f4xx_hal_tim.o(i.HAL_TIM_TriggerCallback)
    HAL_UARTEx_RxEventCallback               0x0800215f   Thumb Code     2  stm32f4xx_hal_uart.o(i.HAL_UARTEx_RxEventCallback)
    HAL_UART_ErrorCallback                   0x08002161   Thumb Code     2  stm32f4xx_hal_uart.o(i.HAL_UART_ErrorCallback)
    HAL_UART_IRQHandler                      0x08002165   Thumb Code   610  stm32f4xx_hal_uart.o(i.HAL_UART_IRQHandler)
    HAL_UART_Init                            0x080023cd   Thumb Code    98  stm32f4xx_hal_uart.o(i.HAL_UART_Init)
    HAL_UART_MspInit                         0x08002431   Thumb Code   360  usart.o(i.HAL_UART_MspInit)
    HAL_UART_Receive_IT                      0x080025c1   Thumb Code    42  stm32f4xx_hal_uart.o(i.HAL_UART_Receive_IT)
    HAL_UART_RxCpltCallback                  0x080025ed   Thumb Code   294  main.o(i.HAL_UART_RxCpltCallback)
    HAL_UART_TxCpltCallback                  0x08002751   Thumb Code     2  stm32f4xx_hal_uart.o(i.HAL_UART_TxCpltCallback)
    HardFault_Handler                        0x08002753   Thumb Code     2  stm32f4xx_it.o(i.HardFault_Handler)
    IMUCallBack                              0x08002755   Thumb Code    10  freertos.o(i.IMUCallBack)
    JY901Callback                            0x08002761   Thumb Code    18  jy901.o(i.JY901Callback)
    JY901_UART                               0x0800277d   Thumb Code   122  jy901.o(i.JY901_UART)
    MV_Uart2_IRQHandler                      0x08002809   Thumb Code    72  main.o(i.MV_Uart2_IRQHandler)
    MX_DMA_Init                              0x08002861   Thumb Code    40  dma.o(i.MX_DMA_Init)
    MX_FREERTOS_Init                         0x0800288d   Thumb Code   248  freertos.o(i.MX_FREERTOS_Init)
    MX_GPIO_Init                             0x08002991   Thumb Code   316  gpio.o(i.MX_GPIO_Init)
    MX_TIM11_Init                            0x08002ae5   Thumb Code    42  tim.o(i.MX_TIM11_Init)
    MX_TIM12_Init                            0x08002b19   Thumb Code    68  tim.o(i.MX_TIM12_Init)
    MX_TIM1_Init                             0x08002b65   Thumb Code   242  tim.o(i.MX_TIM1_Init)
    MX_TIM2_Init                             0x08002c61   Thumb Code   164  tim.o(i.MX_TIM2_Init)
    MX_TIM3_Init                             0x08002d09   Thumb Code    98  tim.o(i.MX_TIM3_Init)
    MX_TIM4_Init                             0x08002d75   Thumb Code    98  tim.o(i.MX_TIM4_Init)
    MX_TIM5_Init                             0x08002de1   Thumb Code    98  tim.o(i.MX_TIM5_Init)
    MX_TIM8_Init                             0x08002e4d   Thumb Code   100  tim.o(i.MX_TIM8_Init)
    MX_UART4_Init                            0x08002eb9   Thumb Code    48  usart.o(i.MX_UART4_Init)
    MX_USART1_UART_Init                      0x08002ef1   Thumb Code    48  usart.o(i.MX_USART1_UART_Init)
    MX_USART2_UART_Init                      0x08002f29   Thumb Code    48  usart.o(i.MX_USART2_UART_Init)
    MX_USART3_UART_Init                      0x08002f61   Thumb Code    48  usart.o(i.MX_USART3_UART_Init)
    MemManage_Handler                        0x08002f99   Thumb Code     2  stm32f4xx_it.o(i.MemManage_Handler)
    MotorCallback                            0x08002f9b   Thumb Code     8  motor.o(i.MotorCallback)
    MotorStop                                0x08002fa5   Thumb Code    68  motor.o(i.MotorStop)
    Motor_Init                               0x08002ff1   Thumb Code   144  motor.o(i.Motor_Init)
    NMI_Handler                              0x08003099   Thumb Code     2  stm32f4xx_it.o(i.NMI_Handler)
    OledCallback                             0x0800309b   Thumb Code     8  vision.o(i.OledCallback)
    Output_judge1                            0x080030a5   Thumb Code    60  motor.o(i.Output_judge1)
    Output_judge2                            0x080030ed   Thumb Code    60  motor.o(i.Output_judge2)
    Output_judge3                            0x08003135   Thumb Code    60  motor.o(i.Output_judge3)
    Output_judge4                            0x0800317d   Thumb Code    60  motor.o(i.Output_judge4)
    PID_CascadeCalc                          0x080031c5   Thumb Code    38  pid.o(i.PID_CascadeCalc)
    PID_Init                                 0x080031ed   Thumb Code    22  pid.o(i.PID_Init)
    PID_SingleCalc                           0x08003209   Thumb Code   222  pid.o(i.PID_SingleCalc)
    ServoCallback                            0x080032f5   Thumb Code   192  servo.o(i.ServoCallback)
    Servo_Init                               0x080033c1   Thumb Code   158  servo.o(i.Servo_Init)
    StartDefaultTask                         0x0800348d   Thumb Code     8  freertos.o(i.StartDefaultTask)
    SysTick_Handler                          0x08003495   Thumb Code    38  port.o(i.SysTick_Handler)
    SystemClock_Config                       0x080034c1   Thumb Code   138  main.o(i.SystemClock_Config)
    SystemInit                               0x08003555   Thumb Code    12  system_stm32f4xx.o(i.SystemInit)
    TIM1_TRG_COM_TIM11_IRQHandler            0x08003565   Thumb Code    22  stm32f4xx_it.o(i.TIM1_TRG_COM_TIM11_IRQHandler)
    TIM3_IRQHandler                          0x08003585   Thumb Code     6  stm32f4xx_it.o(i.TIM3_IRQHandler)
    TIM4_IRQHandler                          0x08003591   Thumb Code     6  stm32f4xx_it.o(i.TIM4_IRQHandler)
    TIM5_IRQHandler                          0x0800359d   Thumb Code     6  stm32f4xx_it.o(i.TIM5_IRQHandler)
    TIM7_IRQHandler                          0x080035a9   Thumb Code     6  stm32f4xx_it.o(i.TIM7_IRQHandler)
    TIM8_BRK_TIM12_IRQHandler                0x080035b5   Thumb Code    18  stm32f4xx_it.o(i.TIM8_BRK_TIM12_IRQHandler)
    TIM_Base_SetConfig                       0x080035d1   Thumb Code   156  stm32f4xx_hal_tim.o(i.TIM_Base_SetConfig)
    TIM_CCxChannelCmd                        0x08003699   Thumb Code    26  stm32f4xx_hal_tim.o(i.TIM_CCxChannelCmd)
    TIM_ETR_SetConfig                        0x080036b3   Thumb Code    20  stm32f4xx_hal_tim.o(i.TIM_ETR_SetConfig)
    TIM_OC2_SetConfig                        0x08003739   Thumb Code    98  stm32f4xx_hal_tim.o(i.TIM_OC2_SetConfig)
    TOF_UART3_IRQHandler                     0x080038a5   Thumb Code    50  distance.o(i.TOF_UART3_IRQHandler)
    TOF_decode                               0x080038e5   Thumb Code    10  distance.o(i.TOF_decode)
    UART4_IRQHandler                         0x080038f5   Thumb Code     6  stm32f4xx_it.o(i.UART4_IRQHandler)
    UART_Start_Receive_IT                    0x08003b2d   Thumb Code    58  stm32f4xx_hal_uart.o(i.UART_Start_Receive_IT)
    USART1_IRQHandler                        0x08003b69   Thumb Code     6  stm32f4xx_it.o(i.USART1_IRQHandler)
    USART2_IRQHandler                        0x08003b75   Thumb Code     6  stm32f4xx_it.o(i.USART2_IRQHandler)
    USART3_IRQHandler                        0x08003b81   Thumb Code    16  stm32f4xx_it.o(i.USART3_IRQHandler)
    USER_TIM_IRQHandlre                      0x08003b95   Thumb Code    30  wave.o(i.USER_TIM_IRQHandlre)
    UsageFault_Handler                       0x08003bc1   Thumb Code     2  stm32f4xx_it.o(i.UsageFault_Handler)
    main                                     0x08003be5   Thumb Code    96  main.o(i.main)
    osDelay                                  0x08003c5d   Thumb Code    14  cmsis_os.o(i.osDelay)
    osKernelStart                            0x08003c6b   Thumb Code    10  cmsis_os.o(i.osKernelStart)
    osThreadCreate                           0x08003c75   Thumb Code    84  cmsis_os.o(i.osThreadCreate)
    pvPortMalloc                             0x08004015   Thumb Code   216  heap_4.o(i.pvPortMalloc)
    pxPortInitialiseStack                    0x080040f1   Thumb Code    40  port.o(i.pxPortInitialiseStack)
    uxListRemove                             0x0800411d   Thumb Code    38  list.o(i.uxListRemove)
    vApplicationGetIdleTaskMemory            0x08004145   Thumb Code    16  freertos.o(i.vApplicationGetIdleTaskMemory)
    vListInitialise                          0x08004159   Thumb Code    22  list.o(i.vListInitialise)
    vListInitialiseItem                      0x0800416f   Thumb Code     6  list.o(i.vListInitialiseItem)
    vListInsert                              0x08004175   Thumb Code    48  list.o(i.vListInsert)
    vListInsertEnd                           0x080041a5   Thumb Code    24  list.o(i.vListInsertEnd)
    vPortEnterCritical                       0x080041bd   Thumb Code    54  port.o(i.vPortEnterCritical)
    vPortExitCritical                        0x080041fd   Thumb Code    34  port.o(i.vPortExitCritical)
    vPortFree                                0x08004225   Thumb Code    94  heap_4.o(i.vPortFree)
    vPortSetupTimerInterrupt                 0x08004289   Thumb Code    32  port.o(i.vPortSetupTimerInterrupt)
    vTaskDelay                               0x080042ad   Thumb Code    66  tasks.o(i.vTaskDelay)
    vTaskStartScheduler                      0x080042f9   Thumb Code    90  tasks.o(i.vTaskStartScheduler)
    vTaskSuspendAll                          0x08004365   Thumb Code    10  tasks.o(i.vTaskSuspendAll)
    vTaskSwitchContext                       0x08004375   Thumb Code    82  tasks.o(i.vTaskSwitchContext)
    xPortStartScheduler                      0x080043d1   Thumb Code   222  port.o(i.xPortStartScheduler)
    xTaskCreate                              0x080044c5   Thumb Code    90  tasks.o(i.xTaskCreate)
    xTaskCreateStatic                        0x0800451f   Thumb Code    86  tasks.o(i.xTaskCreateStatic)
    xTaskIncrementTick                       0x08004575   Thumb Code   194  tasks.o(i.xTaskIncrementTick)
    xTaskResumeAll                           0x08004641   Thumb Code   182  tasks.o(i.xTaskResumeAll)
    __aeabi_dadd                             0x08004705   Thumb Code     0  daddsub_clz.o(x$fpl$dadd)
    _dadd                                    0x08004705   Thumb Code   332  daddsub_clz.o(x$fpl$dadd)
    __fpl_dnaninf                            0x08004855   Thumb Code   156  dnaninf.o(x$fpl$dnaninf)
    __fpl_dretinf                            0x080048f1   Thumb Code    12  dretinf.o(x$fpl$dretinf)
    __aeabi_dsub                             0x080048fd   Thumb Code     0  daddsub_clz.o(x$fpl$dsub)
    _dsub                                    0x080048fd   Thumb Code   464  daddsub_clz.o(x$fpl$dsub)
    _fp_init                                 0x08004ad1   Thumb Code    10  fpinit.o(x$fpl$fpinit)
    __fplib_config_fpu_vfp                   0x08004ad9   Thumb Code     0  fpinit.o(x$fpl$fpinit)
    __fplib_config_pureend_doubles           0x08004ad9   Thumb Code     0  fpinit.o(x$fpl$fpinit)
    __I$use$fp                               0x08004ada   Number         0  usenofp.o(x$fpl$usenofp)
    AHBPrescTable                            0x08004c18   Data          16  system_stm32f4xx.o(.constdata)
    APBPrescTable                            0x08004c28   Data           8  system_stm32f4xx.o(.constdata)
    Region$$Table$$Base                      0x08004cc0   Number         0  anon$$obj.o(Region$$Table)
    Region$$Table$$Limit                     0x08004ce0   Number         0  anon$$obj.o(Region$$Table)
    Enable                                   0x20000000   Data           1  servo.o(.data)
    draw_round                               0x20000004   Data           4  servo.o(.data)
    motorStat                                0x20000008   Data           4  motor.o(.data)
    USART1_RXbuff                            0x2000000d   Data           1  main.o(.data)
    Vision_buff                              0x2000000e   Data           1  main.o(.data)
    defaultTaskHandle                        0x20000010   Data           4  freertos.o(.data)
    ServoTaskHandle                          0x20000014   Data           4  freertos.o(.data)
    BlueteethTaskHandle                      0x20000018   Data           4  freertos.o(.data)
    ChangSlowTaskHandle                      0x2000001c   Data           4  freertos.o(.data)
    IMUTaskHandle                            0x20000020   Data           4  freertos.o(.data)
    OledTaskHandle                           0x20000024   Data           4  freertos.o(.data)
    MotorTaskHandle                          0x20000028   Data           4  freertos.o(.data)
    ChassisTaskHandle                        0x2000002c   Data           4  freertos.o(.data)
    JY901TaskHandle                          0x20000030   Data           4  freertos.o(.data)
    DistanceTaskHandle                       0x20000034   Data           4  freertos.o(.data)
    FinfLineTaskHandle                       0x20000038   Data           4  freertos.o(.data)
    uwTickFreq                               0x2000003c   Data           1  stm32f4xx_hal.o(.data)
    uwTickPrio                               0x20000040   Data           4  stm32f4xx_hal.o(.data)
    uwTick                                   0x20000044   Data           4  stm32f4xx_hal.o(.data)
    SystemCoreClock                          0x20000048   Data           4  system_stm32f4xx.o(.data)
    pxCurrentTCB                             0x2000004c   Data           4  tasks.o(.data)
    buff_JY                                  0x200000b5   Data           2  jy901.o(.data)
    tof_distance                             0x200000ba   Data           2  distance.o(.data)
    now_time                                 0x200000c0   Data           8  wave.o(.data)
    Servo                                    0x200000c8   Data         108  servo.o(.bss)
    chassis                                  0x20000134   Data          80  motor.o(.bss)
    motor                                    0x20000184   Data         608  motor.o(.bss)
    Vision_Rxbuff                            0x200003e4   Data          16  main.o(.bss)
    htim1                                    0x20000648   Data          72  tim.o(.bss)
    htim2                                    0x20000690   Data          72  tim.o(.bss)
    htim3                                    0x200006d8   Data          72  tim.o(.bss)
    htim4                                    0x20000720   Data          72  tim.o(.bss)
    htim5                                    0x20000768   Data          72  tim.o(.bss)
    htim8                                    0x200007b0   Data          72  tim.o(.bss)
    htim11                                   0x200007f8   Data          72  tim.o(.bss)
    htim12                                   0x20000840   Data          72  tim.o(.bss)
    huart4                                   0x20000888   Data          68  usart.o(.bss)
    huart1                                   0x200008cc   Data          68  usart.o(.bss)
    huart2                                   0x20000910   Data          68  usart.o(.bss)
    huart3                                   0x20000954   Data          68  usart.o(.bss)
    hdma_usart1_tx                           0x20000998   Data          96  usart.o(.bss)
    htim7                                    0x200009f8   Data          72  stm32f4xx_hal_timebase_tim.o(.bss)
    jy901                                    0x2000482c   Data          12  jy901.o(.bss)
    uart3Buf                                 0x20004838   Data          10  distance.o(.bss)
    __libspace_start                         0x20004844   Data          96  libspace.o(.bss)
    __temporary_stack_top$libspace           0x200048a4   Data           0  libspace.o(.bss)



==============================================================================

Memory Map of the image

  Image Entry point : 0x08000189

  Load Region LR_IROM1 (Base: 0x08000000, Size: 0x00004da8, Max: 0x00100000, ABSOLUTE)

    Execution Region ER_IROM1 (Exec base: 0x08000000, Load base: 0x08000000, Size: 0x00004ce0, Max: 0x00100000, ABSOLUTE)

    Exec Addr    Load Addr    Size         Type   Attr      Idx    E Section Name        Object

    0x08000000   0x08000000   0x00000188   Data   RO            3    RESET               startup_stm32f407xx.o
    0x08000188   0x08000188   0x00000008   Code   RO         5116  * !!!main             c_w.l(__main.o)
    0x08000190   0x08000190   0x00000034   Code   RO         5298    !!!scatter          c_w.l(__scatter.o)
    0x080001c4   0x080001c4   0x0000001a   Code   RO         5300    !!handler_copy      c_w.l(__scatter_copy.o)
    0x080001de   0x080001de   0x00000002   PAD
    0x080001e0   0x080001e0   0x0000001c   Code   RO         5302    !!handler_zi        c_w.l(__scatter_zi.o)
    0x080001fc   0x080001fc   0x00000002   Code   RO         5166    .ARM.Collect$$libinit$$00000000  c_w.l(libinit.o)
    0x080001fe   0x080001fe   0x00000004   Code   RO         5178    .ARM.Collect$$libinit$$00000001  c_w.l(libinit2.o)
    0x08000202   0x08000202   0x00000000   Code   RO         5181    .ARM.Collect$$libinit$$00000004  c_w.l(libinit2.o)
    0x08000202   0x08000202   0x00000000   Code   RO         5184    .ARM.Collect$$libinit$$0000000A  c_w.l(libinit2.o)
    0x08000202   0x08000202   0x00000000   Code   RO         5186    .ARM.Collect$$libinit$$0000000C  c_w.l(libinit2.o)
    0x08000202   0x08000202   0x00000000   Code   RO         5188    .ARM.Collect$$libinit$$0000000E  c_w.l(libinit2.o)
    0x08000202   0x08000202   0x00000000   Code   RO         5191    .ARM.Collect$$libinit$$00000011  c_w.l(libinit2.o)
    0x08000202   0x08000202   0x00000000   Code   RO         5193    .ARM.Collect$$libinit$$00000013  c_w.l(libinit2.o)
    0x08000202   0x08000202   0x00000000   Code   RO         5195    .ARM.Collect$$libinit$$00000015  c_w.l(libinit2.o)
    0x08000202   0x08000202   0x00000000   Code   RO         5197    .ARM.Collect$$libinit$$00000017  c_w.l(libinit2.o)
    0x08000202   0x08000202   0x00000000   Code   RO         5199    .ARM.Collect$$libinit$$00000019  c_w.l(libinit2.o)
    0x08000202   0x08000202   0x00000000   Code   RO         5201    .ARM.Collect$$libinit$$0000001B  c_w.l(libinit2.o)
    0x08000202   0x08000202   0x00000000   Code   RO         5203    .ARM.Collect$$libinit$$0000001D  c_w.l(libinit2.o)
    0x08000202   0x08000202   0x00000000   Code   RO         5205    .ARM.Collect$$libinit$$0000001F  c_w.l(libinit2.o)
    0x08000202   0x08000202   0x00000000   Code   RO         5207    .ARM.Collect$$libinit$$00000021  c_w.l(libinit2.o)
    0x08000202   0x08000202   0x00000000   Code   RO         5209    .ARM.Collect$$libinit$$00000023  c_w.l(libinit2.o)
    0x08000202   0x08000202   0x00000000   Code   RO         5211    .ARM.Collect$$libinit$$00000025  c_w.l(libinit2.o)
    0x08000202   0x08000202   0x00000000   Code   RO         5215    .ARM.Collect$$libinit$$0000002C  c_w.l(libinit2.o)
    0x08000202   0x08000202   0x00000000   Code   RO         5217    .ARM.Collect$$libinit$$0000002E  c_w.l(libinit2.o)
    0x08000202   0x08000202   0x00000000   Code   RO         5219    .ARM.Collect$$libinit$$00000030  c_w.l(libinit2.o)
    0x08000202   0x08000202   0x00000000   Code   RO         5221    .ARM.Collect$$libinit$$00000032  c_w.l(libinit2.o)
    0x08000202   0x08000202   0x00000002   Code   RO         5222    .ARM.Collect$$libinit$$00000033  c_w.l(libinit2.o)
    0x08000204   0x08000204   0x00000002   Code   RO         5253    .ARM.Collect$$libshutdown$$00000000  c_w.l(libshutdown.o)
    0x08000206   0x08000206   0x00000000   Code   RO         5279    .ARM.Collect$$libshutdown$$00000002  c_w.l(libshutdown2.o)
    0x08000206   0x08000206   0x00000000   Code   RO         5281    .ARM.Collect$$libshutdown$$00000004  c_w.l(libshutdown2.o)
    0x08000206   0x08000206   0x00000000   Code   RO         5283    .ARM.Collect$$libshutdown$$00000006  c_w.l(libshutdown2.o)
    0x08000206   0x08000206   0x00000000   Code   RO         5286    .ARM.Collect$$libshutdown$$00000009  c_w.l(libshutdown2.o)
    0x08000206   0x08000206   0x00000000   Code   RO         5289    .ARM.Collect$$libshutdown$$0000000C  c_w.l(libshutdown2.o)
    0x08000206   0x08000206   0x00000000   Code   RO         5291    .ARM.Collect$$libshutdown$$0000000E  c_w.l(libshutdown2.o)
    0x08000206   0x08000206   0x00000000   Code   RO         5294    .ARM.Collect$$libshutdown$$00000011  c_w.l(libshutdown2.o)
    0x08000206   0x08000206   0x00000002   Code   RO         5295    .ARM.Collect$$libshutdown$$00000012  c_w.l(libshutdown2.o)
    0x08000208   0x08000208   0x00000000   Code   RO         5124    .ARM.Collect$$rtentry$$00000000  c_w.l(__rtentry.o)
    0x08000208   0x08000208   0x00000000   Code   RO         5137    .ARM.Collect$$rtentry$$00000002  c_w.l(__rtentry2.o)
    0x08000208   0x08000208   0x00000006   Code   RO         5149    .ARM.Collect$$rtentry$$00000004  c_w.l(__rtentry4.o)
    0x0800020e   0x0800020e   0x00000000   Code   RO         5139    .ARM.Collect$$rtentry$$00000009  c_w.l(__rtentry2.o)
    0x0800020e   0x0800020e   0x00000004   Code   RO         5140    .ARM.Collect$$rtentry$$0000000A  c_w.l(__rtentry2.o)
    0x08000212   0x08000212   0x00000000   Code   RO         5142    .ARM.Collect$$rtentry$$0000000C  c_w.l(__rtentry2.o)
    0x08000212   0x08000212   0x00000008   Code   RO         5143    .ARM.Collect$$rtentry$$0000000D  c_w.l(__rtentry2.o)
    0x0800021a   0x0800021a   0x00000002   Code   RO         5170    .ARM.Collect$$rtexit$$00000000  c_w.l(rtexit.o)
    0x0800021c   0x0800021c   0x00000000   Code   RO         5226    .ARM.Collect$$rtexit$$00000002  c_w.l(rtexit2.o)
    0x0800021c   0x0800021c   0x00000004   Code   RO         5227    .ARM.Collect$$rtexit$$00000003  c_w.l(rtexit2.o)
    0x08000220   0x08000220   0x00000006   Code   RO         5228    .ARM.Collect$$rtexit$$00000004  c_w.l(rtexit2.o)
    0x08000226   0x08000226   0x00000002   PAD
    0x08000228   0x08000228   0x000000be   Code   RO         4871    .emb_text           port.o
    0x080002e6   0x080002e6   0x00000002   PAD
    0x080002e8   0x080002e8   0x00000040   Code   RO            4    .text               startup_stm32f407xx.o
    0x08000328   0x08000328   0x000000ee   Code   RO         5104    .text               c_w.l(lludivv7m.o)
    0x08000416   0x08000416   0x00000064   Code   RO         5108    .text               c_w.l(rt_memcpy_w.o)
    0x0800047a   0x0800047a   0x0000004e   Code   RO         5112    .text               c_w.l(rt_memclr_w.o)
    0x080004c8   0x080004c8   0x00000006   Code   RO         5114    .text               c_w.l(heapauxi.o)
    0x080004ce   0x080004ce   0x0000004a   Code   RO         5153    .text               c_w.l(sys_stackheap_outer.o)
    0x08000518   0x08000518   0x00000012   Code   RO         5155    .text               c_w.l(exit.o)
    0x0800052a   0x0800052a   0x00000002   PAD
    0x0800052c   0x0800052c   0x00000008   Code   RO         5167    .text               c_w.l(libspace.o)
    0x08000534   0x08000534   0x0000000c   Code   RO         5223    .text               c_w.l(sys_exit.o)
    0x08000540   0x08000540   0x00000002   Code   RO         5242    .text               c_w.l(use_no_semi.o)
    0x08000542   0x08000542   0x00000000   Code   RO         5244    .text               c_w.l(indicate_semi.o)
    0x08000542   0x08000542   0x00000008   Code   RO          205    i.BlueteethCallback  vision.o
    0x0800054a   0x0800054a   0x00000002   Code   RO          957    i.BusFault_Handler  stm32f4xx_it.o
    0x0800054c   0x0800054c   0x00000060   Code   RO          544    i.ChangSlowCallback  main.o
    0x080005ac   0x080005ac   0x000000f4   Code   RO          432    i.ChassisCallback   motor.o
    0x080006a0   0x080006a0   0x00000110   Code   RO          433    i.ChassisInit       motor.o
    0x080007b0   0x080007b0   0x0000007c   Code   RO          434    i.ChassisSend       motor.o
    0x0800082c   0x0800082c   0x0000009c   Code   RO          435    i.ChassisSpeedCalc  motor.o
    0x080008c8   0x080008c8   0x0000000c   Code   RO          958    i.DMA2_Stream7_IRQHandler  stm32f4xx_it.o
    0x080008d4   0x080008d4   0x00000028   Code   RO         1613    i.DMA_CalcBaseAndBitshift  stm32f4xx_hal_dma.o
    0x080008fc   0x080008fc   0x00000054   Code   RO         1614    i.DMA_CheckFifoParam  stm32f4xx_hal_dma.o
    0x08000950   0x08000950   0x00000002   Code   RO          959    i.DebugMon_Handler  stm32f4xx_it.o
    0x08000952   0x08000952   0x00000002   PAD
    0x08000954   0x08000954   0x00000024   Code   RO         4992    i.DistanceCallback  distance.o
    0x08000978   0x08000978   0x00000004   Code   RO          546    i.Error_Handler     main.o
    0x0800097c   0x0800097c   0x0000000a   Code   RO          670    i.FinfLineCallback  freertos.o
    0x08000986   0x08000986   0x00000092   Code   RO         1616    i.HAL_DMA_Abort     stm32f4xx_hal_dma.o
    0x08000a18   0x08000a18   0x00000024   Code   RO         1617    i.HAL_DMA_Abort_IT  stm32f4xx_hal_dma.o
    0x08000a3c   0x08000a3c   0x000001a0   Code   RO         1621    i.HAL_DMA_IRQHandler  stm32f4xx_hal_dma.o
    0x08000bdc   0x08000bdc   0x000000d4   Code   RO         1622    i.HAL_DMA_Init      stm32f4xx_hal_dma.o
    0x08000cb0   0x08000cb0   0x000001f0   Code   RO         1509    i.HAL_GPIO_Init     stm32f4xx_hal_gpio.o
    0x08000ea0   0x08000ea0   0x0000000a   Code   RO         1513    i.HAL_GPIO_WritePin  stm32f4xx_hal_gpio.o
    0x08000eaa   0x08000eaa   0x00000002   PAD
    0x08000eac   0x08000eac   0x0000000c   Code   RO         2041    i.HAL_GetTick       stm32f4xx_hal.o
    0x08000eb8   0x08000eb8   0x00000010   Code   RO         2047    i.HAL_IncTick       stm32f4xx_hal.o
    0x08000ec8   0x08000ec8   0x00000034   Code   RO         2048    i.HAL_Init          stm32f4xx_hal.o
    0x08000efc   0x08000efc   0x00000098   Code   RO         1115    i.HAL_InitTick      stm32f4xx_hal_timebase_tim.o
    0x08000f94   0x08000f94   0x00000038   Code   RO         1091    i.HAL_MspInit       stm32f4xx_hal_msp.o
    0x08000fcc   0x08000fcc   0x0000001a   Code   RO         1898    i.HAL_NVIC_EnableIRQ  stm32f4xx_hal_cortex.o
    0x08000fe6   0x08000fe6   0x00000002   PAD
    0x08000fe8   0x08000fe8   0x00000040   Code   RO         1904    i.HAL_NVIC_SetPriority  stm32f4xx_hal_cortex.o
    0x08001028   0x08001028   0x00000024   Code   RO         1905    i.HAL_NVIC_SetPriorityGrouping  stm32f4xx_hal_cortex.o
    0x0800104c   0x0800104c   0x00000134   Code   RO         1155    i.HAL_RCC_ClockConfig  stm32f4xx_hal_rcc.o
    0x08001180   0x08001180   0x00000040   Code   RO         1159    i.HAL_RCC_GetClockConfig  stm32f4xx_hal_rcc.o
    0x080011c0   0x080011c0   0x00000020   Code   RO         1162    i.HAL_RCC_GetPCLK1Freq  stm32f4xx_hal_rcc.o
    0x080011e0   0x080011e0   0x00000020   Code   RO         1163    i.HAL_RCC_GetPCLK2Freq  stm32f4xx_hal_rcc.o
    0x08001200   0x08001200   0x00000060   Code   RO         1164    i.HAL_RCC_GetSysClockFreq  stm32f4xx_hal_rcc.o
    0x08001260   0x08001260   0x0000036c   Code   RO         1167    i.HAL_RCC_OscConfig  stm32f4xx_hal_rcc.o
    0x080015cc   0x080015cc   0x00000002   Code   RO         2992    i.HAL_TIMEx_BreakCallback  stm32f4xx_hal_tim_ex.o
    0x080015ce   0x080015ce   0x00000002   Code   RO         2993    i.HAL_TIMEx_CommutCallback  stm32f4xx_hal_tim_ex.o
    0x080015d0   0x080015d0   0x00000054   Code   RO         2995    i.HAL_TIMEx_ConfigBreakDeadTime  stm32f4xx_hal_tim_ex.o
    0x08001624   0x08001624   0x00000090   Code   RO         3011    i.HAL_TIMEx_MasterConfigSynchronization  stm32f4xx_hal_tim_ex.o
    0x080016b4   0x080016b4   0x0000005a   Code   RO         2288    i.HAL_TIM_Base_Init  stm32f4xx_hal_tim.o
    0x0800170e   0x0800170e   0x00000002   PAD
    0x08001710   0x08001710   0x00000098   Code   RO          796    i.HAL_TIM_Base_MspInit  tim.o
    0x080017a8   0x080017a8   0x00000080   Code   RO         2293    i.HAL_TIM_Base_Start_IT  stm32f4xx_hal_tim.o
    0x08001828   0x08001828   0x000000dc   Code   RO         2297    i.HAL_TIM_ConfigClockSource  stm32f4xx_hal_tim.o
    0x08001904   0x08001904   0x000000a4   Code   RO         2309    i.HAL_TIM_Encoder_Init  stm32f4xx_hal_tim.o
    0x080019a8   0x080019a8   0x0000016c   Code   RO          798    i.HAL_TIM_Encoder_MspInit  tim.o
    0x08001b14   0x08001b14   0x0000008e   Code   RO         2312    i.HAL_TIM_Encoder_Start  stm32f4xx_hal_tim.o
    0x08001ba2   0x08001ba2   0x00000002   Code   RO         2322    i.HAL_TIM_IC_CaptureCallback  stm32f4xx_hal_tim.o
    0x08001ba4   0x08001ba4   0x00000166   Code   RO         2336    i.HAL_TIM_IRQHandler  stm32f4xx_hal_tim.o
    0x08001d0a   0x08001d0a   0x00000002   PAD
    0x08001d0c   0x08001d0c   0x00000084   Code   RO          799    i.HAL_TIM_MspPostInit  tim.o
    0x08001d90   0x08001d90   0x00000002   Code   RO         2339    i.HAL_TIM_OC_DelayElapsedCallback  stm32f4xx_hal_tim.o
    0x08001d92   0x08001d92   0x000000cc   Code   RO         2360    i.HAL_TIM_PWM_ConfigChannel  stm32f4xx_hal_tim.o
    0x08001e5e   0x08001e5e   0x0000005a   Code   RO         2363    i.HAL_TIM_PWM_Init  stm32f4xx_hal_tim.o
    0x08001eb8   0x08001eb8   0x00000002   Code   RO         2365    i.HAL_TIM_PWM_MspInit  stm32f4xx_hal_tim.o
    0x08001eba   0x08001eba   0x00000002   Code   RO         2366    i.HAL_TIM_PWM_PulseFinishedCallback  stm32f4xx_hal_tim.o
    0x08001ebc   0x08001ebc   0x000000c8   Code   RO         2368    i.HAL_TIM_PWM_Start  stm32f4xx_hal_tim.o
    0x08001f84   0x08001f84   0x000001d8   Code   RO          547    i.HAL_TIM_PeriodElapsedCallback  main.o
    0x0800215c   0x0800215c   0x00000002   Code   RO         2379    i.HAL_TIM_TriggerCallback  stm32f4xx_hal_tim.o
    0x0800215e   0x0800215e   0x00000002   Code   RO         3270    i.HAL_UARTEx_RxEventCallback  stm32f4xx_hal_uart.o
    0x08002160   0x08002160   0x00000002   Code   RO         3284    i.HAL_UART_ErrorCallback  stm32f4xx_hal_uart.o
    0x08002162   0x08002162   0x00000002   PAD
    0x08002164   0x08002164   0x00000268   Code   RO         3287    i.HAL_UART_IRQHandler  stm32f4xx_hal_uart.o
    0x080023cc   0x080023cc   0x00000062   Code   RO         3288    i.HAL_UART_Init     stm32f4xx_hal_uart.o
    0x0800242e   0x0800242e   0x00000002   PAD
    0x08002430   0x08002430   0x00000190   Code   RO          898    i.HAL_UART_MspInit  usart.o
    0x080025c0   0x080025c0   0x0000002a   Code   RO         3293    i.HAL_UART_Receive_IT  stm32f4xx_hal_uart.o
    0x080025ea   0x080025ea   0x00000002   PAD
    0x080025ec   0x080025ec   0x00000164   Code   RO          548    i.HAL_UART_RxCpltCallback  main.o
    0x08002750   0x08002750   0x00000002   Code   RO         3299    i.HAL_UART_TxCpltCallback  stm32f4xx_hal_uart.o
    0x08002752   0x08002752   0x00000002   Code   RO          960    i.HardFault_Handler  stm32f4xx_it.o
    0x08002754   0x08002754   0x0000000a   Code   RO          671    i.IMUCallBack       freertos.o
    0x0800275e   0x0800275e   0x00000002   PAD
    0x08002760   0x08002760   0x0000001c   Code   RO         4951    i.JY901Callback     jy901.o
    0x0800277c   0x0800277c   0x0000008c   Code   RO         4952    i.JY901_UART        jy901.o
    0x08002808   0x08002808   0x00000058   Code   RO          549    i.MV_Uart2_IRQHandler  main.o
    0x08002860   0x08002860   0x0000002c   Code   RO          768    i.MX_DMA_Init       dma.o
    0x0800288c   0x0800288c   0x00000104   Code   RO          673    i.MX_FREERTOS_Init  freertos.o
    0x08002990   0x08002990   0x00000154   Code   RO          635    i.MX_GPIO_Init      gpio.o
    0x08002ae4   0x08002ae4   0x00000034   Code   RO          800    i.MX_TIM11_Init     tim.o
    0x08002b18   0x08002b18   0x0000004c   Code   RO          801    i.MX_TIM12_Init     tim.o
    0x08002b64   0x08002b64   0x000000fc   Code   RO          802    i.MX_TIM1_Init      tim.o
    0x08002c60   0x08002c60   0x000000a8   Code   RO          803    i.MX_TIM2_Init      tim.o
    0x08002d08   0x08002d08   0x0000006c   Code   RO          804    i.MX_TIM3_Init      tim.o
    0x08002d74   0x08002d74   0x0000006c   Code   RO          805    i.MX_TIM4_Init      tim.o
    0x08002de0   0x08002de0   0x0000006c   Code   RO          806    i.MX_TIM5_Init      tim.o
    0x08002e4c   0x08002e4c   0x0000006c   Code   RO          807    i.MX_TIM8_Init      tim.o
    0x08002eb8   0x08002eb8   0x00000038   Code   RO          899    i.MX_UART4_Init     usart.o
    0x08002ef0   0x08002ef0   0x00000038   Code   RO          900    i.MX_USART1_UART_Init  usart.o
    0x08002f28   0x08002f28   0x00000038   Code   RO          901    i.MX_USART2_UART_Init  usart.o
    0x08002f60   0x08002f60   0x00000038   Code   RO          902    i.MX_USART3_UART_Init  usart.o
    0x08002f98   0x08002f98   0x00000002   Code   RO          961    i.MemManage_Handler  stm32f4xx_it.o
    0x08002f9a   0x08002f9a   0x00000008   Code   RO          436    i.MotorCallback     motor.o
    0x08002fa2   0x08002fa2   0x00000002   PAD
    0x08002fa4   0x08002fa4   0x0000004c   Code   RO          437    i.MotorStop         motor.o
    0x08002ff0   0x08002ff0   0x000000a8   Code   RO          438    i.Motor_Init        motor.o
    0x08003098   0x08003098   0x00000002   Code   RO          962    i.NMI_Handler       stm32f4xx_it.o
    0x0800309a   0x0800309a   0x00000008   Code   RO          206    i.OledCallback      vision.o
    0x080030a2   0x080030a2   0x00000002   PAD
    0x080030a4   0x080030a4   0x00000048   Code   RO          439    i.Output_judge1     motor.o
    0x080030ec   0x080030ec   0x00000048   Code   RO          440    i.Output_judge2     motor.o
    0x08003134   0x08003134   0x00000048   Code   RO          441    i.Output_judge3     motor.o
    0x0800317c   0x0800317c   0x00000048   Code   RO          442    i.Output_judge4     motor.o
    0x080031c4   0x080031c4   0x00000026   Code   RO          387    i.PID_CascadeCalc   pid.o
    0x080031ea   0x080031ea   0x00000002   PAD
    0x080031ec   0x080031ec   0x0000001c   Code   RO          389    i.PID_Init          pid.o
    0x08003208   0x08003208   0x000000ec   Code   RO          392    i.PID_SingleCalc    pid.o
    0x080032f4   0x080032f4   0x000000cc   Code   RO           13    i.ServoCallback     servo.o
    0x080033c0   0x080033c0   0x000000cc   Code   RO           14    i.Servo_Init        servo.o
    0x0800348c   0x0800348c   0x00000008   Code   RO          677    i.StartDefaultTask  freertos.o
    0x08003494   0x08003494   0x0000002c   Code   RO         4872    i.SysTick_Handler   port.o
    0x080034c0   0x080034c0   0x00000094   Code   RO          550    i.SystemClock_Config  main.o
    0x08003554   0x08003554   0x00000010   Code   RO         3617    i.SystemInit        system_stm32f4xx.o
    0x08003564   0x08003564   0x00000020   Code   RO          963    i.TIM1_TRG_COM_TIM11_IRQHandler  stm32f4xx_it.o
    0x08003584   0x08003584   0x0000000c   Code   RO          964    i.TIM3_IRQHandler   stm32f4xx_it.o
    0x08003590   0x08003590   0x0000000c   Code   RO          965    i.TIM4_IRQHandler   stm32f4xx_it.o
    0x0800359c   0x0800359c   0x0000000c   Code   RO          966    i.TIM5_IRQHandler   stm32f4xx_it.o
    0x080035a8   0x080035a8   0x0000000c   Code   RO          967    i.TIM7_IRQHandler   stm32f4xx_it.o
    0x080035b4   0x080035b4   0x0000001c   Code   RO          968    i.TIM8_BRK_TIM12_IRQHandler  stm32f4xx_it.o
    0x080035d0   0x080035d0   0x000000c8   Code   RO         2381    i.TIM_Base_SetConfig  stm32f4xx_hal_tim.o
    0x08003698   0x08003698   0x0000001a   Code   RO         2382    i.TIM_CCxChannelCmd  stm32f4xx_hal_tim.o
    0x080036b2   0x080036b2   0x00000014   Code   RO         2392    i.TIM_ETR_SetConfig  stm32f4xx_hal_tim.o
    0x080036c6   0x080036c6   0x00000010   Code   RO         2393    i.TIM_ITRx_SetConfig  stm32f4xx_hal_tim.o
    0x080036d6   0x080036d6   0x00000002   PAD
    0x080036d8   0x080036d8   0x00000060   Code   RO         2394    i.TIM_OC1_SetConfig  stm32f4xx_hal_tim.o
    0x08003738   0x08003738   0x0000006c   Code   RO         2395    i.TIM_OC2_SetConfig  stm32f4xx_hal_tim.o
    0x080037a4   0x080037a4   0x00000068   Code   RO         2396    i.TIM_OC3_SetConfig  stm32f4xx_hal_tim.o
    0x0800380c   0x0800380c   0x00000050   Code   RO         2397    i.TIM_OC4_SetConfig  stm32f4xx_hal_tim.o
    0x0800385c   0x0800385c   0x00000022   Code   RO         2399    i.TIM_TI1_ConfigInputStage  stm32f4xx_hal_tim.o
    0x0800387e   0x0800387e   0x00000024   Code   RO         2401    i.TIM_TI2_ConfigInputStage  stm32f4xx_hal_tim.o
    0x080038a2   0x080038a2   0x00000002   PAD
    0x080038a4   0x080038a4   0x00000040   Code   RO         4993    i.TOF_UART3_IRQHandler  distance.o
    0x080038e4   0x080038e4   0x00000010   Code   RO         4994    i.TOF_decode        distance.o
    0x080038f4   0x080038f4   0x0000000c   Code   RO          969    i.UART4_IRQHandler  stm32f4xx_it.o
    0x08003900   0x08003900   0x00000010   Code   RO         3301    i.UART_DMAAbortOnError  stm32f4xx_hal_uart.o
    0x08003910   0x08003910   0x0000004e   Code   RO         3311    i.UART_EndRxTransfer  stm32f4xx_hal_uart.o
    0x0800395e   0x0800395e   0x000000c0   Code   RO         3313    i.UART_Receive_IT   stm32f4xx_hal_uart.o
    0x08003a1e   0x08003a1e   0x00000002   PAD
    0x08003a20   0x08003a20   0x0000010c   Code   RO         3314    i.UART_SetConfig    stm32f4xx_hal_uart.o
    0x08003b2c   0x08003b2c   0x0000003a   Code   RO         3316    i.UART_Start_Receive_IT  stm32f4xx_hal_uart.o
    0x08003b66   0x08003b66   0x00000002   PAD
    0x08003b68   0x08003b68   0x0000000c   Code   RO          970    i.USART1_IRQHandler  stm32f4xx_it.o
    0x08003b74   0x08003b74   0x0000000c   Code   RO          971    i.USART2_IRQHandler  stm32f4xx_it.o
    0x08003b80   0x08003b80   0x00000014   Code   RO          972    i.USART3_IRQHandler  stm32f4xx_it.o
    0x08003b94   0x08003b94   0x0000002c   Code   RO         5067    i.USER_TIM_IRQHandlre  wave.o
    0x08003bc0   0x08003bc0   0x00000002   Code   RO          973    i.UsageFault_Handler  stm32f4xx_it.o
    0x08003bc2   0x08003bc2   0x00000020   Code   RO         1911    i.__NVIC_SetPriority  stm32f4xx_hal_cortex.o
    0x08003be2   0x08003be2   0x00000002   PAD
    0x08003be4   0x08003be4   0x0000006c   Code   RO          551    i.main              main.o
    0x08003c50   0x08003c50   0x0000000c   Code   RO         4437    i.makeFreeRtosPriority  cmsis_os.o
    0x08003c5c   0x08003c5c   0x0000000e   Code   RO         4439    i.osDelay           cmsis_os.o
    0x08003c6a   0x08003c6a   0x0000000a   Code   RO         4442    i.osKernelStart     cmsis_os.o
    0x08003c74   0x08003c74   0x00000054   Code   RO         4476    i.osThreadCreate    cmsis_os.o
    0x08003cc8   0x08003cc8   0x00000070   Code   RO         4119    i.prvAddCurrentTaskToDelayedList  tasks.o
    0x08003d38   0x08003d38   0x000000d0   Code   RO         4120    i.prvAddNewTaskToReadyList  tasks.o
    0x08003e08   0x08003e08   0x00000034   Code   RO         4121    i.prvDeleteTCB      tasks.o
    0x08003e3c   0x08003e3c   0x0000004c   Code   RO         4804    i.prvHeapInit       heap_4.o
    0x08003e88   0x08003e88   0x00000060   Code   RO         4122    i.prvIdleTask       tasks.o
    0x08003ee8   0x08003ee8   0x00000098   Code   RO         4123    i.prvInitialiseNewTask  tasks.o
    0x08003f80   0x08003f80   0x0000004c   Code   RO         4805    i.prvInsertBlockIntoFreeList  heap_4.o
    0x08003fcc   0x08003fcc   0x00000020   Code   RO         4124    i.prvResetNextTaskUnblockTime  tasks.o
    0x08003fec   0x08003fec   0x00000028   Code   RO         4873    i.prvTaskExitError  port.o
    0x08004014   0x08004014   0x000000dc   Code   RO         4806    i.pvPortMalloc      heap_4.o
    0x080040f0   0x080040f0   0x0000002c   Code   RO         4874    i.pxPortInitialiseStack  port.o
    0x0800411c   0x0800411c   0x00000026   Code   RO         3755    i.uxListRemove      list.o
    0x08004142   0x08004142   0x00000002   PAD
    0x08004144   0x08004144   0x00000014   Code   RO          678    i.vApplicationGetIdleTaskMemory  freertos.o
    0x08004158   0x08004158   0x00000016   Code   RO         3756    i.vListInitialise   list.o
    0x0800416e   0x0800416e   0x00000006   Code   RO         3757    i.vListInitialiseItem  list.o
    0x08004174   0x08004174   0x00000030   Code   RO         3758    i.vListInsert       list.o
    0x080041a4   0x080041a4   0x00000018   Code   RO         3759    i.vListInsertEnd    list.o
    0x080041bc   0x080041bc   0x00000040   Code   RO         4876    i.vPortEnterCritical  port.o
    0x080041fc   0x080041fc   0x00000028   Code   RO         4877    i.vPortExitCritical  port.o
    0x08004224   0x08004224   0x00000064   Code   RO         4807    i.vPortFree         heap_4.o
    0x08004288   0x08004288   0x00000024   Code   RO         4878    i.vPortSetupTimerInterrupt  port.o
    0x080042ac   0x080042ac   0x0000004c   Code   RO         4133    i.vTaskDelay        tasks.o
    0x080042f8   0x080042f8   0x0000006c   Code   RO         4146    i.vTaskStartScheduler  tasks.o
    0x08004364   0x08004364   0x00000010   Code   RO         4148    i.vTaskSuspendAll   tasks.o
    0x08004374   0x08004374   0x0000005c   Code   RO         4149    i.vTaskSwitchContext  tasks.o
    0x080043d0   0x080043d0   0x000000f4   Code   RO         4880    i.xPortStartScheduler  port.o
    0x080044c4   0x080044c4   0x0000005a   Code   RO         4152    i.xTaskCreate       tasks.o
    0x0800451e   0x0800451e   0x00000056   Code   RO         4153    i.xTaskCreateStatic  tasks.o
    0x08004574   0x08004574   0x000000cc   Code   RO         4160    i.xTaskIncrementTick  tasks.o
    0x08004640   0x08004640   0x000000c4   Code   RO         4166    i.xTaskResumeAll    tasks.o
    0x08004704   0x08004704   0x00000150   Code   RO         5118    x$fpl$dadd          fz_wm.l(daddsub_clz.o)
    0x08004854   0x08004854   0x0000009c   Code   RO         5131    x$fpl$dnaninf       fz_wm.l(dnaninf.o)
    0x080048f0   0x080048f0   0x0000000c   Code   RO         5133    x$fpl$dretinf       fz_wm.l(dretinf.o)
    0x080048fc   0x080048fc   0x000001d4   Code   RO         5120    x$fpl$dsub          fz_wm.l(daddsub_clz.o)
    0x08004ad0   0x08004ad0   0x0000000a   Code   RO         5238    x$fpl$fpinit        fz_wm.l(fpinit.o)
    0x08004ada   0x08004ada   0x00000000   Code   RO         5135    x$fpl$usenofp       fz_wm.l(usenofp.o)
    0x08004ada   0x08004ada   0x00000002   PAD
    0x08004adc   0x08004adc   0x00000134   Data   RO          680    .constdata          freertos.o
    0x08004c10   0x08004c10   0x00000008   Data   RO         1628    .constdata          stm32f4xx_hal_dma.o
    0x08004c18   0x08004c18   0x00000010   Data   RO         3618    .constdata          system_stm32f4xx.o
    0x08004c28   0x08004c28   0x00000008   Data   RO         3619    .constdata          system_stm32f4xx.o
    0x08004c30   0x08004c30   0x0000008e   Data   RO          681    .conststring        freertos.o
    0x08004cbe   0x08004cbe   0x00000002   PAD
    0x08004cc0   0x08004cc0   0x00000020   Data   RO         5296    Region$$Table       anon$$obj.o


    Execution Region RW_IRAM1 (Exec base: 0x20000000, Load base: 0x08004ce0, Size: 0x00004ea8, Max: 0x0001c000, ABSOLUTE)

    Exec Addr    Load Addr    Size         Type   Attr      Idx    E Section Name        Object

    0x20000000   0x08004ce0   0x00000001   Data   RW           16    .data               servo.o
    0x20000001   0x08004ce1   0x00000003   PAD
    0x20000004   0x08004ce4   0x00000004   Data   RW           18    .data               servo.o
    0x20000008   0x08004ce8   0x00000004   Data   RW          445    .data               motor.o
    0x2000000c   0x08004cec   0x00000003   Data   RW          555    .data               main.o
    0x2000000f   0x08004cef   0x00000001   PAD
    0x20000010   0x08004cf0   0x0000002c   Data   RW          682    .data               freertos.o
    0x2000003c   0x08004d1c   0x0000000c   Data   RW         2055    .data               stm32f4xx_hal.o
    0x20000048   0x08004d28   0x00000004   Data   RW         3620    .data               system_stm32f4xx.o
    0x2000004c   0x08004d2c   0x0000003c   Data   RW         4169    .data               tasks.o
    0x20000088   0x08004d68   0x00000020   Data   RW         4813    .data               heap_4.o
    0x200000a8   0x08004d88   0x0000000c   Data   RW         4881    .data               port.o
    0x200000b4   0x08004d94   0x00000003   Data   RW         4954    .data               jy901.o
    0x200000b7   0x08004d97   0x00000001   PAD
    0x200000b8   0x08004d98   0x00000004   Data   RW         4997    .data               distance.o
    0x200000bc   0x08004d9c   0x00000004   PAD
    0x200000c0   0x08004da0   0x00000008   Data   RW         5068    .data               wave.o
    0x200000c8        -       0x0000006c   Zero   RW           15    .bss                servo.o
    0x20000134        -       0x000002b0   Zero   RW          444    .bss                motor.o
    0x200003e4        -       0x00000010   Zero   RW          552    .bss                main.o
    0x200003f4        -       0x00000254   Zero   RW          679    .bss                freertos.o
    0x20000648        -       0x00000240   Zero   RW          808    .bss                tim.o
    0x20000888        -       0x00000170   Zero   RW          903    .bss                usart.o
    0x200009f8        -       0x00000048   Zero   RW         1118    .bss                stm32f4xx_hal_timebase_tim.o
    0x20000a40        -       0x000000f0   Zero   RW         4168    .bss                tasks.o
    0x20000b30        -       0x00003c00   Zero   RW         4812    .bss                heap_4.o
    0x20004730        -       0x00000108   Zero   RW         4953    .bss                jy901.o
    0x20004838        -       0x0000000a   Zero   RW         4995    .bss                distance.o
    0x20004842   0x08004da8   0x00000002   PAD
    0x20004844        -       0x00000060   Zero   RW         5168    .bss                c_w.l(libspace.o)
    0x200048a4   0x08004da8   0x00000004   PAD
    0x200048a8        -       0x00000200   Zero   RW            2    HEAP                startup_stm32f407xx.o
    0x20004aa8        -       0x00000400   Zero   RW            1    STACK               startup_stm32f407xx.o


    Execution Region RW_IRAM2 (Exec base: 0x2001c000, Load base: 0x08004da8, Size: 0x00000000, Max: 0x00004000, ABSOLUTE)

    **** No section assigned to this execution region ****


==============================================================================

Image component sizes


      Code (inc. data)   RO Data    RW Data    ZI Data      Debug   Object Name

       120          0          0          0          0      23125   cmsis_os.o
       116         26          0          4         10       2163   distance.o
        44          4          0          0          0        738   dma.o
         0          0          0          0          0      16808   event_groups.o
       308         16        450         44        596       4296   freertos.o
       340         24          0          0          0       1135   gpio.o
       472         24          0         32      15360       7283   heap_4.o
       168         28          0          3        264       1905   jy901.o
       138          0          0          0          0       3438   list.o
      1272        146          0          3         16       5565   main.o
      1336        172          0          4        688       8091   motor.o
       302         20          0          0          0       2218   pid.o
       702         72          0         12          0      10792   port.o
       408         58          0          5        108     724429   servo.o
        64         26        392          0       1536        824   startup_stm32f407xx.o
        80         14          0         12          0       7970   stm32f4xx_hal.o
       158         14          0          0          0      33066   stm32f4xx_hal_cortex.o
       934         16          8          0          0       5491   stm32f4xx_hal_dma.o
       506         46          0          0          0       2140   stm32f4xx_hal_gpio.o
        56          4          0          0          0        830   stm32f4xx_hal_msp.o
      1408         82          0          0          0       5773   stm32f4xx_hal_rcc.o
      2326        136          0          0          0      18437   stm32f4xx_hal_tim.o
       232         28          0          0          0       3189   stm32f4xx_hal_tim_ex.o
       152         20          0          0         72       1427   stm32f4xx_hal_timebase_tim.o
      1374         16          0          0          0       9000   stm32f4xx_hal_uart.o
       188         72          0          0          0       7798   stm32f4xx_it.o
         0          0          0          0          0        388   stream_buffer.o
        16          4         24          4          0       1075   system_stm32f4xx.o
      1520        112          0         60        240      19166   tasks.o
      1628        144          0          0        576       7965   tim.o
       624         72          0          0        368       3762   usart.o
        16          0          0          0          0     679351   vision.o
        44         14          0          8          0       1326   wave.o

    ----------------------------------------------------------------------
     17090       1410        908        200      19836    1620964   Object Totals
         0          0         32          0          0          0   (incl. Generated)
        38          0          2          9          2          0   (incl. Padding)

    ----------------------------------------------------------------------

      Code (inc. data)   RO Data    RW Data    ZI Data      Debug   Library Member Name

         8          0          0          0          0         68   __main.o
         0          0          0          0          0          0   __rtentry.o
        12          0          0          0          0          0   __rtentry2.o
         6          0          0          0          0          0   __rtentry4.o
        52          8          0          0          0          0   __scatter.o
        26          0          0          0          0          0   __scatter_copy.o
        28          0          0          0          0          0   __scatter_zi.o
        18          0          0          0          0         80   exit.o
         6          0          0          0          0        152   heapauxi.o
         0          0          0          0          0          0   indicate_semi.o
         2          0          0          0          0          0   libinit.o
         6          0          0          0          0          0   libinit2.o
         2          0          0          0          0          0   libshutdown.o
         2          0          0          0          0          0   libshutdown2.o
         8          4          0          0         96         68   libspace.o
       238          0          0          0          0        100   lludivv7m.o
        78          0          0          0          0         80   rt_memclr_w.o
       100          0          0          0          0         80   rt_memcpy_w.o
         2          0          0          0          0          0   rtexit.o
        10          0          0          0          0          0   rtexit2.o
        12          4          0          0          0         68   sys_exit.o
        74          0          0          0          0         80   sys_stackheap_outer.o
         2          0          0          0          0         68   use_no_semi.o
       804         16          0          0          0        368   daddsub_clz.o
       156          4          0          0          0        140   dnaninf.o
        12          0          0          0          0        116   dretinf.o
        10          0          0          0          0        116   fpinit.o
         0          0          0          0          0          0   usenofp.o

    ----------------------------------------------------------------------
      1682         36          0          0        100       1584   Library Totals
         8          0          0          0          4          0   (incl. Padding)

    ----------------------------------------------------------------------

      Code (inc. data)   RO Data    RW Data    ZI Data      Debug   Library Name

       692         16          0          0         96        844   c_w.l
       982         20          0          0          0        740   fz_wm.l

    ----------------------------------------------------------------------
      1682         36          0          0        100       1584   Library Totals

    ----------------------------------------------------------------------

==============================================================================


      Code (inc. data)   RO Data    RW Data    ZI Data      Debug   

     18772       1446        908        200      19936    1606036   Grand Totals
     18772       1446        908        200      19936    1606036   ELF Image Totals
     18772       1446        908        200          0          0   ROM Totals

==============================================================================

    Total RO  Size (Code + RO Data)                19680 (  19.22kB)
    Total RW  Size (RW Data + ZI Data)             20136 (  19.66kB)
    Total ROM Size (Code + RO Data + RW Data)      19880 (  19.41kB)

==============================================================================

